Component: ARM Compiler 5.06 update 2 (build 183) Tool: armlink [4d35b7]

==============================================================================

Section Cross References

    main.o(i.HAL_GetTick) refers to rt_time.o(.data) for os_time
    main.o(i.SystemClock_Config) refers to stm32f4xx_hal_rcc_ex.o(i.HAL_RCC_OscConfig) for HAL_RCC_OscConfig
    main.o(i.SystemClock_Config) refers to stm32f4xx_hal_pwr_ex.o(i.HAL_PWREx_EnableOverDrive) for HAL_PWREx_EnableOverDrive
    main.o(i.SystemClock_Config) refers to stm32f4xx_hal_rcc.o(i.HAL_RCC_ClockConfig) for HAL_RCC_ClockConfig
    main.o(i.SystemClock_Config) refers to rt_memclr_w.o(.text) for __aeabi_memclr4
    main.o(i.SystemClock_Config) refers to stm32f4xx_hal_rcc_ex.o(i.HAL_RCCEx_GetPeriphCLKConfig) for HAL_RCCEx_GetPeriphCLKConfig
    main.o(i.SystemClock_Config) refers to stm32f4xx_hal_rcc_ex.o(i.HAL_RCCEx_PeriphCLKConfig) for HAL_RCCEx_PeriphCLKConfig
    main.o(i.drawTile) refers to gfx_mk.o(i.gdispGGetWidth) for gdispGGetWidth
    main.o(i.drawTile) refers to gfx_mk.o(i.gdispGGetHeight) for gdispGGetHeight
    main.o(i.drawTile) refers to gfx_mk.o(i.gfileOpen) for gfileOpen
    main.o(i.drawTile) refers to gfx_mk.o(i.gdispImageOpenGFile) for gdispImageOpenGFile
    main.o(i.drawTile) refers to gfx_mk.o(i.gdispGImageDraw) for gdispGImageDraw
    main.o(i.drawTile) refers to gfx_mk.o(i.gdispImageClose) for gdispImageClose
    main.o(i.drawTile) refers to gfx_mk.o(.data) for GDISP
    main.o(i.drawTile) refers to main.o(.bss) for myImage
    main.o(i.main) refers to stm32f4xx_hal.o(i.HAL_Init) for HAL_Init
    main.o(i.main) refers to stm32469i_discovery_sdram.o(i.BSP_SDRAM_Init) for BSP_SDRAM_Init
    main.o(i.main) refers to main.o(i.SystemClock_Config) for SystemClock_Config
    main.o(i.main) refers to rt_cmsis.o(i.osKernelInitialize) for osKernelInitialize
    main.o(i.main) refers to rt_cmsis.o(i.osKernelStart) for osKernelStart
    main.o(i.main) refers to gfx_mk.o(i.gfxInit) for gfxInit
    main.o(i.main) refers to gfx_mk.o(i.gfileOpen) for gfileOpen
    main.o(i.main) refers to gfx_mk.o(i.gdispImageOpenGFile) for gdispImageOpenGFile
    main.o(i.main) refers to gfx_mk.o(i.gdispImageCache) for gdispImageCache
    main.o(i.main) refers to rt_cmsis.o(i.osDelay) for osDelay
    main.o(i.main) refers to gfx_mk.o(i.gdispGClear) for gdispGClear
    main.o(i.main) refers to gfx_mk.o(i.gdispGDrawBox) for gdispGDrawBox
    main.o(i.main) refers to main.o(.bss) for myImage
    main.o(i.main) refers to main.o(.data) for result
    main.o(i.main) refers to gfx_mk.o(.data) for GDISP
    gui.o(i.createPagePage0) refers to gfx_mk.o(i.gwinWidgetClearInit) for gwinWidgetClearInit
    gui.o(i.createPagePage0) refers to gfx_mk.o(i.gwinGContainerCreate) for gwinGContainerCreate
    gui.o(i.createPagePage0) refers to gfx_mk.o(i.gwinGKeyboardCreate) for gwinGKeyboardCreate
    gui.o(i.createPagePage0) refers to gfx_mk.o(i.gwinGLabelCreate) for gwinGLabelCreate
    gui.o(i.createPagePage0) refers to gfx_mk.o(i.gwinLabelSetBorder) for gwinLabelSetBorder
    gui.o(i.createPagePage0) refers to gfx_mk.o(i.gwinSetFont) for gwinSetFont
    gui.o(i.createPagePage0) refers to gfx_mk.o(i.gwinRedraw) for gwinRedraw
    gui.o(i.createPagePage0) refers to gfx_mk.o(.data) for GDISP
    gui.o(i.createPagePage0) refers to gui.o(.data) for ghContainerPage0
    gui.o(i.createPagePage0) refers to gfx_mk.o(i.gwinKeyboardDraw_Normal) for gwinKeyboardDraw_Normal
    gui.o(i.createPagePage0) refers to gfx_mk.o(i.gwinLabelDrawJustifiedLeft) for gwinLabelDrawJustifiedLeft
    gui.o(i.createPagePage0) refers to gui.o(.constdata) for black
    gui.o(i.guiCreate) refers to gfx_mk.o(i.gdispOpenFont) for gdispOpenFont
    gui.o(i.guiCreate) refers to gfx_mk.o(i.gwinWidgetClearInit) for gwinWidgetClearInit
    gui.o(i.guiCreate) refers to gfx_mk.o(i.gwinSetDefaultFont) for gwinSetDefaultFont
    gui.o(i.guiCreate) refers to gfx_mk.o(i.gwinSetDefaultStyle) for gwinSetDefaultStyle
    gui.o(i.guiCreate) refers to gfx_mk.o(i.gwinSetDefaultColor) for gwinSetDefaultColor
    gui.o(i.guiCreate) refers to gfx_mk.o(i.gwinSetDefaultBgColor) for gwinSetDefaultBgColor
    gui.o(i.guiCreate) refers to gui.o(i.createPagePage0) for createPagePage0
    gui.o(i.guiCreate) refers to gui.o(i.guiShowPage) for guiShowPage
    gui.o(i.guiCreate) refers to gui.o(.data) for dejavu_sans_16
    gui.o(i.guiCreate) refers to gui.o(.constdata) for white
    gui.o(i.guiEventLoop) refers to gfx_mk.o(i.geventEventWait) for geventEventWait
    gui.o(i.guiEventLoop) refers to gui.o(.bss) for glistener
    gui.o(i.guiShowPage) refers to gfx_mk.o(i.gwinSetVisible) for gwinSetVisible
    gui.o(i.guiShowPage) refers to gui.o(.data) for ghContainerPage0
    gfx_mk.o(i.CalibrateMouse) refers to gfx_mk.o(i.gdispOpenFont) for gdispOpenFont
    gfx_mk.o(i.CalibrateMouse) refers to gfx_mk.o(i.gdispGGetWidth) for gdispGGetWidth
    gfx_mk.o(i.CalibrateMouse) refers to gfx_mk.o(i.gdispGGetHeight) for gdispGGetHeight
[...]
    gdisp_lld_control                        0x08008945   Thumb Code   186  gdisp_lld_stm32ltdc.o(i.gdisp_lld_control)
    gdisp_lld_draw_pixel                     0x080089ff   Thumb Code   108  gdisp_lld_stm32ltdc.o(i.gdisp_lld_draw_pixel)
    gdisp_lld_fill_area                      0x08008a6b   Thumb Code   142  gdisp_lld_stm32ltdc.o(i.gdisp_lld_fill_area)
    gdisp_lld_get_pixel_color                0x08008af9   Thumb Code   108  gdisp_lld_stm32ltdc.o(i.gdisp_lld_get_pixel_color)
    gdisp_lld_init                           0x08008b65   Thumb Code    82  gdisp_lld_stm32ltdc.o(i.gdisp_lld_init)
    gdriverGetInstance                       0x08008bb9   Thumb Code    42  gfx_mk.o(i.gdriverGetInstance)
    gdriverGetNext                           0x08008be9   Thumb Code    32  gfx_mk.o(i.gdriverGetNext)
    gdriverRegister                          0x08008c0d   Thumb Code   138  gfx_mk.o(i.gdriverRegister)
    geventAttachSource                       0x080094c9   Thumb Code   114  gfx_mk.o(i.geventAttachSource)
    geventDetachSourceListeners              0x08009549   Thumb Code    34  gfx_mk.o(i.geventDetachSourceListeners)
    geventGetEventBuffer                     0x08009571   Thumb Code    64  gfx_mk.o(i.geventGetEventBuffer)
    geventGetSourceListener                  0x080095b5   Thumb Code   104  gfx_mk.o(i.geventGetSourceListener)
    geventListenerInit                       0x08009629   Thumb Code    26  gfx_mk.o(i.geventListenerInit)
    geventRegisterCallback                   0x08009645   Thumb Code    52  gfx_mk.o(i.geventRegisterCallback)
    geventSendEvent                          0x0800967d   Thumb Code   120  gfx_mk.o(i.geventSendEvent)
    gfileClose                               0x080096f9   Thumb Code    38  gfx_mk.o(i.gfileClose)
    gfileGetPos                              0x0800971f   Thumb Code    20  gfx_mk.o(i.gfileGetPos)
    gfileOpen                                0x08009735   Thumb Code    56  gfx_mk.o(i.gfileOpen)
    gfileRead                                0x08009771   Thumb Code    66  gfx_mk.o(i.gfileRead)
    gfileSetPos                              0x080097b3   Thumb Code    48  gfx_mk.o(i.gfileSetPos)
    gfxAddHeapBlock                          0x080097e5   Thumb Code    58  gfx_mk.o(i.gfxAddHeapBlock)
    gfxAlloc                                 0x0800982d   Thumb Code   112  gfx_mk.o(i.gfxAlloc)
    gfxFree                                  0x080098a5   Thumb Code   100  gfx_mk.o(i.gfxFree)
    gfxInit                                  0x08009911   Thumb Code    56  gfx_mk.o(i.gfxInit)
    gfxMutexInit                             0x0800994d   Thumb Code    16  gfx_mk.o(i.gfxMutexInit)
    gfxQueueASyncGet                         0x0800995d   Thumb Code    32  gfx_mk.o(i.gfxQueueASyncGet)
    gfxQueueASyncGetI                        0x0800997d   Thumb Code    18  gfx_mk.o(i.gfxQueueASyncGetI)
    gfxQueueASyncInit                        0x0800998f   Thumb Code     8  gfx_mk.o(i.gfxQueueASyncInit)
    gfxQueueASyncPut                         0x08009997   Thumb Code    24  gfx_mk.o(i.gfxQueueASyncPut)
    gfxQueueASyncPutI                        0x080099af   Thumb Code    28  gfx_mk.o(i.gfxQueueASyncPutI)
    gfxQueueASyncRemove                      0x080099cb   Thumb Code    24  gfx_mk.o(i.gfxQueueASyncRemove)
    gfxQueueASyncRemoveI                     0x080099e3   Thumb Code    66  gfx_mk.o(i.gfxQueueASyncRemoveI)
    gfxRealloc                               0x08009a25   Thumb Code   228  gfx_mk.o(i.gfxRealloc)
    gfxSemInit                               0x08009b11   Thumb Code    32  gfx_mk.o(i.gfxSemInit)
    gfxSemSignal                             0x08009b31   Thumb Code    12  gfx_mk.o(i.gfxSemSignal)
    gfxSemSignalI                            0x08009b3d   Thumb Code    22  gfx_mk.o(i.gfxSemSignalI)
    gfxSemWait                               0x08009b53   Thumb Code    32  gfx_mk.o(i.gfxSemWait)
    gfxThreadCreate                          0x08009b73   Thumb Code    38  gfx_mk.o(i.gfxThreadCreate)
    ginputGetKeyboard                        0x08009b99   Thumb Code    14  gfx_mk.o(i.ginputGetKeyboard)
    ginputGetMouse                           0x08009bad   Thumb Code    22  gfx_mk.o(i.ginputGetMouse)
    gtimerIsActive                           0x08009bc9   Thumb Code    28  gfx_mk.o(i.gtimerIsActive)
    gtimerStart                              0x08009be5   Thumb Code   254  gfx_mk.o(i.gtimerStart)
    gwinContainerDraw_Std                    0x08009e8d   Thumb Code    58  gfx_mk.o(i.gwinContainerDraw_Std)
    gwinContainerDraw_Transparent            0x08009ecd   Thumb Code    72  gfx_mk.o(i.gwinContainerDraw_Transparent)
    gwinDestroy                              0x08009f19   Thumb Code    14  gfx_mk.o(i.gwinDestroy)
    gwinGetDefaultBgColor                    0x08009f29   Thumb Code     6  gfx_mk.o(i.gwinGetDefaultBgColor)
    gwinGetFirstChild                        0x08009f35   Thumb Code    40  gfx_mk.o(i.gwinGetFirstChild)
    gwinGetFocus                             0x08009f5d   Thumb Code     6  gfx_mk.o(i.gwinGetFocus)
    gwinGetNextWindow                        0x08009f69   Thumb Code    14  gfx_mk.o(i.gwinGetNextWindow)
    gwinGetSibling                           0x08009f7d   Thumb Code    42  gfx_mk.o(i.gwinGetSibling)
    gwinKeyboardDraw_Normal                  0x08009fa9   Thumb Code  4322  gfx_mk.o(i.gwinKeyboardDraw_Normal)
    gwinLabelDrawJustifiedLeft               0x0800b1b9   Thumb Code    16  gfx_mk.o(i.gwinLabelDrawJustifiedLeft)
    gwinListDefaultDraw                      0x0800b1c9   Thumb Code   768  gfx_mk.o(i.gwinListDefaultDraw)
    gwinResize                               0x0800b4cd   Thumb Code    26  gfx_mk.o(i.gwinResize)
    gwinSetFocus                             0x0800b4ed   Thumb Code    64  gfx_mk.o(i.gwinSetFocus)
    gwinSetVisible                           0x0800b535   Thumb Code    44  gfx_mk.o(i.gwinSetVisible)
    gwinSliderDraw_Std                       0x0800b565   Thumb Code   660  gfx_mk.o(i.gwinSliderDraw_Std)
    gwinTexteditDefaultDraw                  0x0800b7fd   Thumb Code   332  gfx_mk.o(i.gwinTexteditDefaultDraw)
    isrMessageGet                            0x0800b9f3   Thumb Code    42  rt_cmsis.o(i.isrMessageGet)
    isrMessagePut                            0x0800ba1d   Thumb Code    44  rt_cmsis.o(i.isrMessagePut)
    isrSemaphoreRelease                      0x0800ba49   Thumb Code    40  rt_cmsis.o(i.isrSemaphoreRelease)
    isr_mbx_receive                          0x0800ba71   Thumb Code    86  rt_mailbox.o(i.isr_mbx_receive)
    isr_mbx_send                             0x0800bac7   Thumb Code    14  rt_mailbox.o(i.isr_mbx_send)
    isr_sem_send                             0x0800bad5   Thumb Code    16  rt_semaphore.o(i.isr_sem_send)
    main                                     0x0800bc11   Thumb Code   186  main.o(i.main)
    mf_character_width                       0x0800bd43   Thumb Code    32  gfx_mk.o(i.mf_character_width)
    mf_get_font_list                         0x0800bd65   Thumb Code     4  gfx_mk.o(i.mf_get_font_list)
    mf_get_string_width                      0x0800bd6d   Thumb Code   104  gfx_mk.o(i.mf_get_string_width)
    mf_getchar                               0x0800bdd5   Thumb Code    22  gfx_mk.o(i.mf_getchar)
    mf_render_aligned                        0x0800bdeb   Thumb Code   126  gfx_mk.o(i.mf_render_aligned)
    mf_render_character                      0x0800be69   Thumb Code    64  gfx_mk.o(i.mf_render_character)
    mf_rewind                                0x0800bea9   Thumb Code     8  gfx_mk.o(i.mf_rewind)
    mf_rlefont_character_width               0x0800beb1   Thumb Code    26  gfx_mk.o(i.mf_rlefont_character_width)
    mf_rlefont_render_character              0x0800becb   Thumb Code   112  gfx_mk.o(i.mf_rlefont_render_character)
    osDelay                                  0x0800bfb9   Thumb Code    18  rt_cmsis.o(i.osDelay)
    osKernelInitialize                       0x0800bfd1   Thumb Code    30  rt_cmsis.o(i.osKernelInitialize)
    osKernelStart                            0x0800bff5   Thumb Code    98  rt_cmsis.o(i.osKernelStart)
    osKernelSysTick                          0x0800c061   Thumb Code    18  rt_cmsis.o(i.osKernelSysTick)
    osMessageGet                             0x0800c079   Thumb Code    18  rt_cmsis.o(i.osMessageGet)
    osMutexCreate                            0x0800c091   Thumb Code    38  rt_cmsis.o(i.osMutexCreate)
    osMutexDelete                            0x0800c0c1   Thumb Code    18  rt_cmsis.o(i.osMutexDelete)
    osMutexRelease                           0x0800c0d9   Thumb Code    18  rt_cmsis.o(i.osMutexRelease)
    osMutexWait                              0x0800c0f1   Thumb Code    18  rt_cmsis.o(i.osMutexWait)
    osSemaphoreCreate                        0x0800c109   Thumb Code    38  rt_cmsis.o(i.osSemaphoreCreate)
    osSemaphoreRelease                       0x0800c139   Thumb Code    18  rt_cmsis.o(i.osSemaphoreRelease)
    osSemaphoreWait                          0x0800c151   Thumb Code    20  rt_cmsis.o(i.osSemaphoreWait)
    osThreadCreate                           0x0800c169   Thumb Code    38  rt_cmsis.o(i.osThreadCreate)
    osThreadExit                             0x0800c199   Thumb Code    14  rt_cmsis.o(i.osThreadExit)
    osThreadYield                            0x0800c1b1   Thumb Code    18  rt_cmsis.o(i.osThreadYield)
    osTimerCall                              0x0800c1c9   Thumb Code     8  rt_cmsis.o(i.osTimerCall)
    osTimerThread                            0x0800c1d5   Thumb Code    38  rt_cmsis.o(i.osTimerThread)
    os_error                                 0x0800c201   Thumb Code    32  rtx_conf_cm.o(i.os_error)
    os_idle_demon                            0x0800c221   Thumb Code     4  rtx_conf_cm.o(i.os_idle_demon)
    os_tick_init                             0x0800c225   Thumb Code    32  rt_system.o(i.os_tick_init)
    os_tick_irqack                           0x0800c24d   Thumb Code     2  rt_system.o(i.os_tick_irqack)
    os_tick_ovf                              0x0800c251   Thumb Code    10  rt_system.o(i.os_tick_ovf)
    os_tick_val                              0x0800c261   Thumb Code    14  rt_system.o(i.os_tick_val)
    rt_alloc_box                             0x0800c3fd   Thumb Code    26  rt_membox.o(i.rt_alloc_box)
    rt_alloc_mem                             0x0800c417   Thumb Code    62  rt_memory.o(i.rt_alloc_mem)
    rt_block                                 0x0800c455   Thumb Code    48  rt_task.o(i.rt_block)
    rt_chk_robin                             0x0800c48d   Thumb Code    60  rt_robin.o(i.rt_chk_robin)
    rt_dec_dly                               0x0800c4d5   Thumb Code   102  rt_list.o(i.rt_dec_dly)
    rt_dispatch                              0x0800c545   Thumb Code    60  rt_task.o(i.rt_dispatch)
    rt_dly_wait                              0x0800c589   Thumb Code     6  rt_time.o(i.rt_dly_wait)
    rt_evt_psh                               0x0800c591   Thumb Code    76  rt_event.o(i.rt_evt_psh)
    rt_free_box                              0x0800c5e1   Thumb Code    44  rt_membox.o(i.rt_free_box)
    rt_free_mem                              0x0800c60d   Thumb Code    40  rt_memory.o(i.rt_free_mem)
    rt_get_first                             0x0800c635   Thumb Code    40  rt_list.o(i.rt_get_first)
    rt_get_same_rdy_prio                     0x0800c65d   Thumb Code    26  rt_list.o(i.rt_get_same_rdy_prio)
    rt_init_mem                              0x0800c6d1   Thumb Code    26  rt_memory.o(i.rt_init_mem)
    rt_init_robin                            0x0800c6ed   Thumb Code    14  rt_robin.o(i.rt_init_robin)
    rt_init_stack                            0x0800c705   Thumb Code   118  hal_cm.o(i.rt_init_stack)
    rt_mbx_check                             0x0800c785   Thumb Code     8  rt_mailbox.o(i.rt_mbx_check)
    rt_mbx_init                              0x0800c78d   Thumb Code    26  rt_mailbox.o(i.rt_mbx_init)
    rt_mbx_psh                               0x0800c7a9   Thumb Code   236  rt_mailbox.o(i.rt_mbx_psh)
    rt_mbx_wait                              0x0800c899   Thumb Code   174  rt_mailbox.o(i.rt_mbx_wait)
    rt_mut_delete                            0x0800c991   Thumb Code   168  rt_mutex.o(i.rt_mut_delete)
    rt_mut_init                              0x0800ca41   Thumb Code    16  rt_mutex.o(i.rt_mut_init)
    rt_mut_release                           0x0800ca51   Thumb Code   208  rt_mutex.o(i.rt_mut_release)
    rt_mut_wait                              0x0800cb29   Thumb Code   100  rt_mutex.o(i.rt_mut_wait)
    rt_pop_req                               0x0800cb91   Thumb Code   112  rt_system.o(i.rt_pop_req)
    rt_psh_req                               0x0800cc0d   Thumb Code    22  rt_system.o(i.rt_psh_req)
    rt_psq_enq                               0x0800cc2d   Thumb Code    88  rt_list.o(i.rt_psq_enq)
    rt_put_dly                               0x0800cc89   Thumb Code    68  rt_list.o(i.rt_put_dly)
    rt_put_prio                              0x0800ccd1   Thumb Code    54  rt_list.o(i.rt_put_prio)
    rt_put_rdy_first                         0x0800cd09   Thumb Code    14  rt_list.o(i.rt_put_rdy_first)
    rt_resort_prio                           0x0800cd1d   Thumb Code    46  rt_list.o(i.rt_resort_prio)
    rt_ret_val                               0x0800cd61   Thumb Code    12  hal_cm.o(i.rt_ret_val)
    rt_ret_val2                              0x0800cd6d   Thumb Code    16  hal_cm.o(i.rt_ret_val2)
    rt_rmv_dly                               0x0800cd7d   Thumb Code    40  rt_list.o(i.rt_rmv_dly)
    rt_rmv_list                              0x0800cda5   Thumb Code    44  rt_list.o(i.rt_rmv_list)
    rt_sem_init                              0x0800cdd5   Thumb Code    12  rt_semaphore.o(i.rt_sem_init)
    rt_sem_psh                               0x0800cde1   Thumb Code    48  rt_semaphore.o(i.rt_sem_psh)
    rt_sem_send                              0x0800ce15   Thumb Code    42  rt_semaphore.o(i.rt_sem_send)
    rt_sem_wait                              0x0800ce41   Thumb Code    58  rt_semaphore.o(i.rt_sem_wait)
    rt_stk_check                             0x0800ce81   Thumb Code    28  rt_system.o(i.rt_stk_check)
    rt_switch_req                            0x0800cea5   Thumb Code    30  rt_task.o(i.rt_switch_req)
    rt_sys_init                              0x0800cecd   Thumb Code   138  rt_task.o(i.rt_sys_init)
    rt_sys_start                             0x0800cf99   Thumb Code   110  rt_task.o(i.rt_sys_start)
    rt_systick                               0x0800d011   Thumb Code    50  rt_system.o(i.rt_systick)
    rt_tsk_create                            0x0800d099   Thumb Code   118  rt_task.o(i.rt_tsk_create)
    rt_tsk_delete                            0x0800d121   Thumb Code   352  rt_task.o(i.rt_tsk_delete)
    rt_tsk_pass                              0x0800d29d   Thumb Code    38  rt_task.o(i.rt_tsk_pass)
    rt_tsk_prio                              0x0800d2cd   Thumb Code   108  rt_task.o(i.rt_tsk_prio)
    rt_tsk_self                              0x0800d349   Thumb Code    12  rt_task.o(i.rt_tsk_self)
    svcDelay                                 0x0800d423   Thumb Code    18  rt_cmsis.o(i.svcDelay)
    svcKernelInitialize                      0x0800d435   Thumb Code    80  rt_cmsis.o(i.svcKernelInitialize)
    svcKernelStart                           0x0800d4a5   Thumb Code    62  rt_cmsis.o(i.svcKernelStart)
    svcKernelSysTick                         0x0800d4ed   Thumb Code    46  rt_cmsis.o(i.svcKernelSysTick)
    svcMessageCreate                         0x0800d525   Thumb Code    36  rt_cmsis.o(i.svcMessageCreate)
    svcMessageGet                            0x0800d549   Thumb Code    58  rt_cmsis.o(i.svcMessageGet)
    svcMutexCreate                           0x0800d583   Thumb Code    28  rt_cmsis.o(i.svcMutexCreate)
    svcMutexDelete                           0x0800d59f   Thumb Code    26  rt_cmsis.o(i.svcMutexDelete)
    svcMutexRelease                          0x0800d5b9   Thumb Code    34  rt_cmsis.o(i.svcMutexRelease)
    svcMutexWait                             0x0800d5db   Thumb Code    54  rt_cmsis.o(i.svcMutexWait)
    svcSemaphoreCreate                       0x0800d611   Thumb Code    36  rt_cmsis.o(i.svcSemaphoreCreate)
    svcSemaphoreRelease                      0x0800d635   Thumb Code    40  rt_cmsis.o(i.svcSemaphoreRelease)
    svcSemaphoreWait                         0x0800d65d   Thumb Code    50  rt_cmsis.o(i.svcSemaphoreWait)
    svcThreadCreate                          0x0800d691   Thumb Code   100  rt_cmsis.o(i.svcThreadCreate)
    svcThreadGetId                           0x0800d701   Thumb Code    22  rt_cmsis.o(i.svcThreadGetId)
    svcThreadTerminate                       0x0800d71d   Thumb Code    50  rt_cmsis.o(i.svcThreadTerminate)
    svcThreadYield                           0x0800d755   Thumb Code    10  rt_cmsis.o(i.svcThreadYield)
    svcTimerCall                             0x0800d75f   Thumb Code    24  rt_cmsis.o(i.svcTimerCall)
    sysTimerTick                             0x0800d779   Thumb Code    84  rt_cmsis.o(i.sysTimerTick)
    _fp_init                                 0x0800dafb   Thumb Code    10  fpinit.o(x$fpl$fpinit)
    __fplib_config_fpu_vfp                   0x0800db03   Thumb Code     0  fpinit.o(x$fpl$fpinit)
    __fplib_config_pureend_doubles           0x0800db03   Thumb Code     0  fpinit.o(x$fpl$fpinit)
    mf_rlefont_DejaVuSans20_aa               0x0800ee78   Data          48  gfx_mk.o(.constdata)
    WhiteWidgetStyle                         0x0800eec4   Data          56  gfx_mk.o(.constdata)
    BlackWidgetStyle                         0x0800eefc   Data          56  gfx_mk.o(.constdata)
    GNullWindowManager                       0x0800ef58   Data           4  gfx_mk.o(.constdata)
    VirtualKeyboard_English1                 0x0800f0dc   Data           8  gfx_mk.o(.constdata)
    FsROMVMT                                 0x0802f1ac   Data          60  gfx_mk.o(.constdata)
    GDISPVMT_OnlyOne                         0x0802f1e8   Data          96  gdisp_lld_stm32ltdc.o(.constdata)
    GMOUSEVMT_OnlyOne                        0x0802f248   Data          60  gmouse_lld_ft6x06.o(.constdata)
    lcdRegData1                              0x0802f284   Data           4  otm8009a.o(.constdata)
    lcdRegData2                              0x0802f288   Data           3  otm8009a.o(.constdata)
    lcdRegData3                              0x0802f28b   Data          17  otm8009a.o(.constdata)
    lcdRegData4                              0x0802f29c   Data          17  otm8009a.o(.constdata)
    lcdRegData5                              0x0802f2ad   Data           3  otm8009a.o(.constdata)
    lcdRegData6                              0x0802f2b0   Data           3  otm8009a.o(.constdata)
    lcdRegData7                              0x0802f2b3   Data           7  otm8009a.o(.constdata)
    lcdRegData8                              0x0802f2ba   Data          15  otm8009a.o(.constdata)
    lcdRegData9                              0x0802f2c9   Data          15  otm8009a.o(.constdata)
    lcdRegData10                             0x0802f2d8   Data          11  otm8009a.o(.constdata)
    lcdRegData11                             0x0802f2e3   Data          11  otm8009a.o(.constdata)
    lcdRegData12                             0x0802f2ee   Data          16  otm8009a.o(.constdata)
    lcdRegData13                             0x0802f2fe   Data          16  otm8009a.o(.constdata)
    lcdRegData14                             0x0802f30e   Data          11  otm8009a.o(.constdata)
    lcdRegData15                             0x0802f319   Data          16  otm8009a.o(.constdata)
    lcdRegData16                             0x0802f329   Data          16  otm8009a.o(.constdata)
    lcdRegData17                             0x0802f339   Data          11  otm8009a.o(.constdata)
    lcdRegData18                             0x0802f344   Data          11  otm8009a.o(.constdata)
    lcdRegData19                             0x0802f34f   Data          11  otm8009a.o(.constdata)
    lcdRegData20                             0x0802f35a   Data          16  otm8009a.o(.constdata)
    lcdRegData21                             0x0802f36a   Data          16  otm8009a.o(.constdata)
    lcdRegData22                             0x0802f37a   Data          11  otm8009a.o(.constdata)
    lcdRegData23                             0x0802f385   Data          16  otm8009a.o(.constdata)
    lcdRegData24                             0x0802f395   Data          16  otm8009a.o(.constdata)
    lcdRegData25                             0x0802f3a5   Data           4  otm8009a.o(.constdata)
    lcdRegData27                             0x0802f3a9   Data           5  otm8009a.o(.constdata)
    lcdRegData28                             0x0802f3ae   Data           5  otm8009a.o(.constdata)
    ShortRegData1                            0x0802f3b3   Data           2  otm8009a.o(.constdata)
    ShortRegData2                            0x0802f3b5   Data           2  otm8009a.o(.constdata)
    ShortRegData3                            0x0802f3b7   Data           2  otm8009a.o(.constdata)
    ShortRegData4                            0x0802f3b9   Data           2  otm8009a.o(.constdata)
    ShortRegData5                            0x0802f3bb   Data           2  otm8009a.o(.constdata)
    ShortRegData6                            0x0802f3bd   Data           2  otm8009a.o(.constdata)
    ShortRegData7                            0x0802f3bf   Data           2  otm8009a.o(.constdata)
    ShortRegData8                            0x0802f3c1   Data           2  otm8009a.o(.constdata)
    ShortRegData9                            0x0802f3c3   Data           2  otm8009a.o(.constdata)
    ShortRegData10                           0x0802f3c5   Data           2  otm8009a.o(.constdata)
    ShortRegData11                           0x0802f3c7   Data           2  otm8009a.o(.constdata)
    ShortRegData12                           0x0802f3c9   Data           2  otm8009a.o(.constdata)
    ShortRegData13                           0x0802f3cb   Data           2  otm8009a.o(.constdata)
    ShortRegData14                           0x0802f3cd   Data           2  otm8009a.o(.constdata)
    ShortRegData15                           0x0802f3cf   Data           2  otm8009a.o(.constdata)
    ShortRegData16                           0x0802f3d1   Data           2  otm8009a.o(.constdata)
    ShortRegData17                           0x0802f3d3   Data           2  otm8009a.o(.constdata)
    ShortRegData18                           0x0802f3d5   Data           2  otm8009a.o(.constdata)
    ShortRegData19                           0x0802f3d7   Data           2  otm8009a.o(.constdata)
    ShortRegData20                           0x0802f3d9   Data           2  otm8009a.o(.constdata)
    ShortRegData21                           0x0802f3db   Data           2  otm8009a.o(.constdata)
    ShortRegData22                           0x0802f3dd   Data           2  otm8009a.o(.constdata)
    ShortRegData23                           0x0802f3df   Data           2  otm8009a.o(.constdata)
    ShortRegData24                           0x0802f3e1   Data           2  otm8009a.o(.constdata)
    ShortRegData25                           0x0802f3e3   Data           2  otm8009a.o(.constdata)
    ShortRegData26                           0x0802f3e5   Data           2  otm8009a.o(.constdata)
    ShortRegData27                           0x0802f3e7   Data           2  otm8009a.o(.constdata)
    ShortRegData28                           0x0802f3e9   Data           2  otm8009a.o(.constdata)
    ShortRegData29                           0x0802f3eb   Data           2  otm8009a.o(.constdata)
    ShortRegData30                           0x0802f3ed   Data           2  otm8009a.o(.constdata)
    ShortRegData31                           0x0802f3ef   Data           2  otm8009a.o(.constdata)
    ShortRegData32                           0x0802f3f1   Data           2  otm8009a.o(.constdata)
    ShortRegData33                           0x0802f3f3   Data           2  otm8009a.o(.constdata)
    ShortRegData34                           0x0802f3f5   Data           2  otm8009a.o(.constdata)
    ShortRegData35                           0x0802f3f7   Data           2  otm8009a.o(.constdata)
    ShortRegData36                           0x0802f3f9   Data           2  otm8009a.o(.constdata)
    ShortRegData37                           0x0802f3fb   Data           2  otm8009a.o(.constdata)
    ShortRegData38                           0x0802f3fd   Data           2  otm8009a.o(.constdata)
    ShortRegData39                           0x0802f3ff   Data           2  otm8009a.o(.constdata)
    ShortRegData40                           0x0802f401   Data           2  otm8009a.o(.constdata)
    ShortRegData41                           0x0802f403   Data           2  otm8009a.o(.constdata)
    ShortRegData42                           0x0802f405   Data           2  otm8009a.o(.constdata)
    ShortRegData43                           0x0802f407   Data           2  otm8009a.o(.constdata)
    ShortRegData44                           0x0802f409   Data           2  otm8009a.o(.constdata)
    ShortRegData45                           0x0802f40b   Data           2  otm8009a.o(.constdata)
    ShortRegData46                           0x0802f40d   Data           2  otm8009a.o(.constdata)
    ShortRegData47                           0x0802f40f   Data           2  otm8009a.o(.constdata)
    ShortRegData48                           0x0802f411   Data           2  otm8009a.o(.constdata)
    ShortRegData49                           0x0802f413   Data           2  otm8009a.o(.constdata)
    Font24_Table                             0x0802f415   Data        6840  stm32469i_discovery_lcd.o(.constdata)
    Font20_Table                             0x08030ecd   Data        3800  stm32469i_discovery_lcd.o(.constdata)
    Font16_Table                             0x08031da5   Data        3040  stm32469i_discovery_lcd.o(.constdata)
    Font12_Table                             0x08032985   Data        1140  stm32469i_discovery_lcd.o(.constdata)
    Font8_Table                              0x08032df9   Data         760  stm32469i_discovery_lcd.o(.constdata)
    os_maxtaskrun                            0x080330f4   Data           2  rtx_conf_cm.o(.constdata)
    os_stackinfo                             0x080330f8   Data           4  rtx_conf_cm.o(.constdata)
    os_rrobin                                0x080330fc   Data           4  rtx_conf_cm.o(.constdata)
    os_tickfreq                              0x08033100   Data           4  rtx_conf_cm.o(.constdata)
    os_tickus_i                              0x08033104   Data           2  rtx_conf_cm.o(.constdata)
    os_tickus_f                              0x08033106   Data           2  rtx_conf_cm.o(.constdata)
    os_trv                                   0x08033108   Data           4  rtx_conf_cm.o(.constdata)
    os_flags                                 0x0803310c   Data           1  rtx_conf_cm.o(.constdata)
    CMSIS_RTOS_API_Version                   0x08033110   Data           4  rtx_conf_cm.o(.constdata)
    CMSIS_RTOS_RTX_Version                   0x08033114   Data           4  rtx_conf_cm.o(.constdata)
    os_clockrate                             0x08033118   Data           4  rtx_conf_cm.o(.constdata)
    os_timernum                              0x0803311c   Data           4  rtx_conf_cm.o(.constdata)
    mp_tcb_size                              0x08033120   Data           2  rtx_conf_cm.o(.constdata)
    mp_stk_size                              0x08033124   Data           4  rtx_conf_cm.o(.constdata)
    os_stack_sz                              0x08033128   Data           4  rtx_conf_cm.o(.constdata)
    os_fifo_size                             0x0803312c   Data           1  rtx_conf_cm.o(.constdata)
    os_thread_def_osTimerThread              0x08033130   Data          16  rtx_conf_cm.o(.constdata)
    os_messageQ_def_osTimerMessageQ          0x08033140   Data           8  rtx_conf_cm.o(.constdata)
    mp_tmr_size                              0x08033148   Data           2  rtx_conf_cm.o(.constdata)
    os_thread_def_main                       0x0803314c   Data          16  rtx_conf_cm.o(.constdata)
    APBAHBPrescTable                         0x08033164   Data          16  stm32f4xx_hal_rcc.o(.constdata)
    Region$$Table$$Base                      0x08033300   Number         0  anon$$obj.o(Region$$Table)
    Region$$Table$$Limit                     0x08033320   Number         0  anon$$obj.o(Region$$Table)
    result                                   0x20000000   Data           2  main.o(.data)
    x                                        0x20000004   Data           4  main.o(.data)
    y                                        0x20000008   Data           4  main.o(.data)
    GDISP                                    0x20000024   Data           4  gfx_mk.o(.data)
    _GWINwm                                  0x20000060   Data           4  gfx_mk.o(.data)
    _gwinFlashState                          0x20000064   Data           1  gfx_mk.o(.data)
    gfileStdIn                               0x200000e4   Data           4  gfx_mk.o(.data)
    gfileStdOut                              0x200000e8   Data           4  gfx_mk.o(.data)
    gfileStdErr                              0x200000ec   Data           4  gfx_mk.o(.data)
    ft6x06_ts_drv                            0x200000f4   Data          40  ft6x06.o(.data)
    ft6x06                                   0x2000011c   Data           2  ft6x06.o(.data)
    Font24                                   0x20000124   Data           8  stm32469i_discovery_lcd.o(.data)
    Font20                                   0x2000012c   Data           8  stm32469i_discovery_lcd.o(.data)
    Font16                                   0x20000134   Data           8  stm32469i_discovery_lcd.o(.data)
    Font12                                   0x2000013c   Data           8  stm32469i_discovery_lcd.o(.data)
    Font8                                    0x20000144   Data           8  stm32469i_discovery_lcd.o(.data)
    lcd_x_size                               0x2000014c   Data           4  stm32469i_discovery_lcd.o(.data)
    lcd_y_size                               0x20000150   Data           4  stm32469i_discovery_lcd.o(.data)
    ts_event_string_tab                      0x20000164   Data          16  stm32469i_discovery_ts.o(.data)
    ts_gesture_id_string_tab                 0x20000174   Data          28  stm32469i_discovery_ts.o(.data)
    osThreadId_osTimerThread                 0x200001a0   Data           4  rtx_conf_cm.o(.data)
    osMessageQId_osTimerMessageQ             0x200001a4   Data           4  rtx_conf_cm.o(.data)
    os_tmr                                   0x200001a8   Data           4  rtx_conf_cm.o(.data)
    m_tmr                                    0x200001ac   Data           4  rtx_conf_cm.o(.data)
    SystemCoreClock                          0x200001b4   Data           4  system_stm32f4xx.o(.data)
    os_initialized                           0x200001b8   Data           1  rt_cmsis.o(.data)
    os_running                               0x200001b9   Data           1  rt_cmsis.o(.data)
    os_timer_head                            0x200001bc   Data           4  rt_cmsis.o(.data)
    os_tsk                                   0x200001c0   Data           8  rt_task.o(.data)
    os_time                                  0x200001c8   Data           4  rt_time.o(.data)
    os_tick_irqn                             0x200001d0   Data           4  rt_system.o(.data)
    os_robin                                 0x200001d4   Data           8  rt_robin.o(.data)
    dbg_msg                                  0x200001dc   Data           1  hal_cm.o(.data)
    hdma2d_eval                              0x200055d4   Data          64  stm32469i_discovery_lcd.o(.bss)
    hltdc_eval                               0x20005614   Data         168  stm32469i_discovery_lcd.o(.bss)
    hdsi_eval                                0x200056bc   Data          28  stm32469i_discovery_lcd.o(.bss)
    mp_tcb                                   0x20005850   Data         480  rtx_conf_cm.o(.bss)
    mp_stk                                   0x20005a30   Data       49168  rtx_conf_cm.o(.bss)
    os_stack_mem                             0x20011a40   Data       181096  rtx_conf_cm.o(.bss)
    os_fifo                                  0x2003dda8   Data         164  rtx_conf_cm.o(.bss)
    os_active_TCB                            0x2003de4c   Data          36  rtx_conf_cm.o(.bss)
    os_messageQ_q_osTimerMessageQ            0x2003de70   Data          48  rtx_conf_cm.o(.bss)
    os_idle_TCB                              0x2003e2c0   Data          52  rt_task.o(.bss)
    os_rdy                                   0x2003e2f4   Data          24  rt_list.o(.bss)
    os_dly                                   0x2003e30c   Data          24  rt_list.o(.bss)
    __libspace_start                         0x2003e324   Data          96  libspace.o(.bss)
    __temporary_stack_top$libspace           0x2003e384   Data           0  libspace.o(.bss)



==============================================================================

Memory Map of the image

  Image Entry point : 0x080001b5

  Load Region LR_IROM1 (Base: 0x08000000, Size: 0x00033500, Max: 0x00200000, ABSOLUTE, COMPRESSED[0x000333f8])

    Execution Region ER_IROM1 (Base: 0x08000000, Size: 0x00033320, Max: 0x00200000, ABSOLUTE)

    Base Addr    Size         Type   Attr      Idx    E Section Name        Object

    0x08000000   0x000001b4   Data   RO         6629    RESET               startup_stm32f469xx.o
    0x080001b4   0x00000008   Code   RO         7915  * !!!main             c_w.l(__main.o)
    0x080001bc   0x00000034   Code   RO         8080    !!!scatter          c_w.l(__scatter.o)
    0x080001f0   0x0000005a   Code   RO         8078    !!dczerorl2         c_w.l(__dczerorl2.o)
    0x0800024a   0x00000002   PAD
    0x0800024c   0x0000001c   Code   RO         8082    !!handler_zi        c_w.l(__scatter_zi.o)
    0x08000268   0x00000002   Code   RO         7964    .ARM.Collect$$libinit$$00000000  c_w.l(libinit.o)
    0x0800026a   0x00000004   Code   RO         7975    .ARM.Collect$$libinit$$00000001  c_w.l(libinit2.o)
    0x0800026e   0x00000000   Code   RO         7978    .ARM.Collect$$libinit$$00000004  c_w.l(libinit2.o)
    0x0800026e   0x00000000   Code   RO         7981    .ARM.Collect$$libinit$$0000000A  c_w.l(libinit2.o)
    0x0800026e   0x00000000   Code   RO         7983    .ARM.Collect$$libinit$$0000000C  c_w.l(libinit2.o)
    0x0800026e   0x00000000   Code   RO         7985    .ARM.Collect$$libinit$$0000000E  c_w.l(libinit2.o)
    0x0800026e   0x00000000   Code   RO         7988    .ARM.Collect$$libinit$$00000011  c_w.l(libinit2.o)
    0x0800026e   0x00000000   Code   RO         7990    .ARM.Collect$$libinit$$00000013  c_w.l(libinit2.o)
    0x0800026e   0x00000000   Code   RO         7992    .ARM.Collect$$libinit$$00000015  c_w.l(libinit2.o)
    0x0800026e   0x00000000   Code   RO         7994    .ARM.Collect$$libinit$$00000017  c_w.l(libinit2.o)
    0x0800026e   0x00000000   Code   RO         7996    .ARM.Collect$$libinit$$00000019  c_w.l(libinit2.o)
    0x0800026e   0x00000000   Code   RO         7998    .ARM.Collect$$libinit$$0000001B  c_w.l(libinit2.o)
    0x0800026e   0x00000000   Code   RO         8000    .ARM.Collect$$libinit$$0000001D  c_w.l(libinit2.o)
    0x0800026e   0x00000000   Code   RO         8002    .ARM.Collect$$libinit$$0000001F  c_w.l(libinit2.o)
    0x0800026e   0x00000000   Code   RO         8004    .ARM.Collect$$libinit$$00000021  c_w.l(libinit2.o)
    0x0800026e   0x00000000   Code   RO         8006    .ARM.Collect$$libinit$$00000023  c_w.l(libinit2.o)
    0x0800026e   0x00000000   Code   RO         8008    .ARM.Collect$$libinit$$00000025  c_w.l(libinit2.o)
    0x0800026e   0x00000000   Code   RO         8012    .ARM.Collect$$libinit$$0000002C  c_w.l(libinit2.o)
    0x0800026e   0x00000000   Code   RO         8014    .ARM.Collect$$libinit$$0000002E  c_w.l(libinit2.o)
    0x0800026e   0x00000000   Code   RO         8016    .ARM.Collect$$libinit$$00000030  c_w.l(libinit2.o)
    0x0800026e   0x00000000   Code   RO         8018    .ARM.Collect$$libinit$$00000032  c_w.l(libinit2.o)
    0x0800026e   0x00000002   Code   RO         8019    .ARM.Collect$$libinit$$00000033  c_w.l(libinit2.o)
    0x08000270   0x00000002   Code   RO         7965    .ARM.Collect$$libshutdown$$00000000  c_w.l(libshutdown.o)
    0x08000272   0x00000000   Code   RO         8021    .ARM.Collect$$libshutdown$$00000002  c_w.l(libshutdown2.o)
    0x08000272   0x00000000   Code   RO         8023    .ARM.Collect$$libshutdown$$00000004  c_w.l(libshutdown2.o)
    0x08000272   0x00000000   Code   RO         8026    .ARM.Collect$$libshutdown$$00000007  c_w.l(libshutdown2.o)
    0x08000272   0x00000000   Code   RO         8029    .ARM.Collect$$libshutdown$$0000000A  c_w.l(libshutdown2.o)
    0x08000272   0x00000000   Code   RO         8031    .ARM.Collect$$libshutdown$$0000000C  c_w.l(libshutdown2.o)
    0x08000272   0x00000000   Code   RO         8034    .ARM.Collect$$libshutdown$$0000000F  c_w.l(libshutdown2.o)
    0x08000272   0x00000002   Code   RO         8035    .ARM.Collect$$libshutdown$$00000010  c_w.l(libshutdown2.o)
    0x08000274   0x00000000   Code   RO         7917    .ARM.Collect$$rtentry$$00000000  c_w.l(__rtentry.o)
    0x08000274   0x00000000   Code   RO         7927    .ARM.Collect$$rtentry$$00000002  c_w.l(__rtentry2.o)
    0x08000274   0x00000006   Code   RO         7939    .ARM.Collect$$rtentry$$00000004  c_w.l(__rtentry4.o)
    0x0800027a   0x00000000   Code   RO         7929    .ARM.Collect$$rtentry$$00000009  c_w.l(__rtentry2.o)
    0x0800027a   0x00000004   Code   RO         7930    .ARM.Collect$$rtentry$$0000000A  c_w.l(__rtentry2.o)
    0x0800027e   0x00000008   Code   RO         7931    .ARM.Collect$$rtentry$$0000000B  c_w.l(__rtentry2.o)
    0x08000286   0x00000008   Code   RO         7933    .ARM.Collect$$rtentry$$0000000D  c_w.l(__rtentry2.o)
    0x0800028e   0x00000002   Code   RO         7918    .ARM.Collect$$rtexit$$00000000  c_w.l(rtexit.o)
    0x08000290   0x00000000   Code   RO         7942    .ARM.Collect$$rtexit$$00000002  c_w.l(rtexit2.o)
    0x08000290   0x00000004   Code   RO         7943    .ARM.Collect$$rtexit$$00000003  c_w.l(rtexit2.o)
    0x08000294   0x00000006   Code   RO         7944    .ARM.Collect$$rtexit$$00000004  c_w.l(rtexit2.o)
    0x0800029a   0x00000002   PAD
    0x0800029c   0x0000001c   Code   RO         4178    .emb_text           rtx_conf_cm.o
    0x080002b8   0x00000198   Code   RO         7877    .emb_text           RTX_CM4.lib(hal_cm4.o)
    0x08000450   0x00000040   Code   RO         6630    .text               startup_stm32f469xx.o
    0x08000490   0x00000008   Code   RO         7892    .text               c_w.l(libspace.o)
    0x08000498   0x00000012   Code   RO         7897    .text               c_w.l(exit.o)
    0x080004aa   0x0000003e   Code   RO         7901    .text               c_w.l(strlen.o)
    0x080004e8   0x0000008a   Code   RO         7903    .text               c_w.l(rt_memcpy_v6.o)
    0x08000572   0x00000064   Code   RO         7905    .text               c_w.l(rt_memcpy_w.o)
    0x080005d6   0x0000004e   Code   RO         7907    .text               c_w.l(rt_memclr_w.o)
    0x08000624   0x00000080   Code   RO         7911    .text               c_w.l(strcmpv7m.o)
    0x080006a4   0x00000006   Code   RO         7913    .text               c_w.l(heapauxi.o)
    0x080006aa   0x00000002   PAD
    0x080006ac   0x0000000c   Code   RO         7950    .text               c_w.l(sys_exit.o)
    0x080006b8   0x0000004a   Code   RO         7952    .text               c_w.l(sys_stackheap_outer.o)
    0x08000702   0x00000002   Code   RO         7966    .text               c_w.l(use_no_semi.o)
    0x08000704   0x00000000   Code   RO         7968    .text               c_w.l(indicate_semi.o)
    0x08000704   0x00000004   Code   RO         7887    SVC_TABLE           RTX_CM4.lib(svc_table.o)
    0x08000708   0x00000040   Code   RO         3666    i.BSP_LCD_Clear     stm32469i_discovery_lcd.o
    0x08000748   0x00000020   Code   RO         3671    i.BSP_LCD_DisplayOff  stm32469i_discovery_lcd.o
    0x08000768   0x00000020   Code   RO         3672    i.BSP_LCD_DisplayOn  stm32469i_discovery_lcd.o
    0x08000788   0x00000030   Code   RO         3680    i.BSP_LCD_DrawPixel  stm32469i_discovery_lcd.o
    0x080007b8   0x0000007c   Code   RO         3687    i.BSP_LCD_FillRect  stm32469i_discovery_lcd.o
    0x08000834   0x0000000c   Code   RO         3691    i.BSP_LCD_GetXSize  stm32469i_discovery_lcd.o
    0x08000840   0x0000000c   Code   RO         3692    i.BSP_LCD_GetYSize  stm32469i_discovery_lcd.o
    0x0800084c   0x000001dc   Code   RO         3694    i.BSP_LCD_InitEx    stm32469i_discovery_lcd.o
    0x08000a28   0x00000090   Code   RO         3697    i.BSP_LCD_LayerDefaultInit  stm32469i_discovery_lcd.o
    0x08000ab8   0x000000ec   Code   RO         3699    i.BSP_LCD_MspInit   stm32469i_discovery_lcd.o
    0x08000ba4   0x00000114   Code   RO         3700    i.BSP_LCD_ReadPixel  stm32469i_discovery_lcd.o
    0x08000cb8   0x00000068   Code   RO         3701    i.BSP_LCD_Reset     stm32469i_discovery_lcd.o
    0x08000d20   0x0000000c   Code   RO         3703    i.BSP_LCD_SelectLayer  stm32469i_discovery_lcd.o
    0x08000d2c   0x0000001c   Code   RO         3706    i.BSP_LCD_SetFont   stm32469i_discovery_lcd.o
    0x08000d48   0x00000050   Code   RO         3708    i.BSP_LCD_SetLayerVisible  stm32469i_discovery_lcd.o
    0x08000d98   0x00000018   Code   RO         3710    i.BSP_LCD_SetTextColor  stm32469i_discovery_lcd.o
    0x08000db0   0x0000008c   Code   RO         4032    i.BSP_SDRAM_Init    stm32469i_discovery_sdram.o
    0x08000e3c   0x00000098   Code   RO         4033    i.BSP_SDRAM_Initialization_sequence  stm32469i_discovery_sdram.o
    0x08000ed4   0x00000220   Code   RO         4035    i.BSP_SDRAM_MspInit  stm32469i_discovery_sdram.o
    0x080010f4   0x0000014c   Code   RO         4117    i.BSP_TS_GetState   stm32469i_discovery_ts.o
    0x08001240   0x00000070   Code   RO         4120    i.BSP_TS_Init       stm32469i_discovery_ts.o
    0x080012b0   0x000003cc   Code   RO          438    i.CalibrateMouse    gfx_mk.o
    0x0800167c   0x00000438   Code   RO          439    i.CalibrationCalculate  gfx_mk.o
    0x08001ab4   0x000001b0   Code   RO          440    i.CalibrationCrossDraw  gfx_mk.o
    0x08001c64   0x0000007c   Code   RO          441    i.CalibrationTransform  gfx_mk.o
    0x08001ce0   0x00000012   Code   RO          442    i.ContainerBorderSize  gfx_mk.o
    0x08001cf2   0x00000002   PAD
    0x08001cf4   0x00000108   Code   RO         4632    i.DMA2D_SetConfig   stm32f4xx_hal_dma2d.o
    0x08001dfc   0x00000034   Code   RO         4526    i.DMA_CalcBaseAndBitshift  stm32f4xx_hal_dma.o
    0x08001e30   0x000000ba   Code   RO         4527    i.DMA_CheckFifoParam  stm32f4xx_hal_dma.o
    0x08001eea   0x00000014   Code   RO         4870    i.DSI_ConfigPacketHeader  stm32f4xx_hal_dsi.o
    0x08001efe   0x00000002   PAD
    0x08001f00   0x00000034   Code   RO         3714    i.DSI_IO_WriteCmd   stm32469i_discovery_lcd.o
    0x08001f34   0x00000074   Code   RO         6495    i.FMC_SDRAM_Init    stm32f4xx_ll_fmc.o
    0x08001fa8   0x0000000e   Code   RO         6496    i.FMC_SDRAM_ProgramRefreshRate  stm32f4xx_ll_fmc.o
    0x08001fb6   0x00000052   Code   RO         6497    i.FMC_SDRAM_SendCommand  stm32f4xx_ll_fmc.o
    0x08002008   0x0000009c   Code   RO         6499    i.FMC_SDRAM_Timing_Init  stm32f4xx_ll_fmc.o
    0x080020a4   0x00000124   Code   RO          443    i.GTimerThreadHandler  gfx_mk.o
    0x080021c8   0x00000418   Code   RO          444    i.GetMouseReading   gfx_mk.o
    0x080025e0   0x00000100   Code   RO         4644    i.HAL_DMA2D_ConfigLayer  stm32f4xx_hal_dma2d.o
    0x080026e0   0x00000060   Code   RO         4652    i.HAL_DMA2D_Init    stm32f4xx_hal_dma2d.o
    0x08002740   0x00000002   Code   RO         4655    i.HAL_DMA2D_MspInit  stm32f4xx_hal_dma2d.o
    0x08002742   0x00000168   Code   RO         4656    i.HAL_DMA2D_PollForTransfer  stm32f4xx_hal_dma2d.o
    0x080028aa   0x0000004e   Code   RO         4659    i.HAL_DMA2D_Start   stm32f4xx_hal_dma2d.o
    0x080028f8   0x00000062   Code   RO         4531    i.HAL_DMA_DeInit    stm32f4xx_hal_dma.o
    0x0800295a   0x00000002   PAD
    0x0800295c   0x000000e8   Code   RO         4535    i.HAL_DMA_Init      stm32f4xx_hal_dma.o
    0x08002a44   0x000002d0   Code   RO         4878    i.HAL_DSI_ConfigVideoMode  stm32f4xx_hal_dsi.o
    0x08002d14   0x00000070   Code   RO         4879    i.HAL_DSI_DeInit    stm32f4xx_hal_dsi.o
    0x08002d84   0x00000190   Code   RO         4892    i.HAL_DSI_Init      stm32f4xx_hal_dsi.o
    0x08002f14   0x000000be   Code   RO         4893    i.HAL_DSI_LongWrite  stm32f4xx_hal_dsi.o
    0x08002fd2   0x00000002   Code   RO         4894    i.HAL_DSI_MspDeInit  stm32f4xx_hal_dsi.o
    0x08002fd4   0x00000002   Code   RO         4895    i.HAL_DSI_MspInit   stm32f4xx_hal_dsi.o
    0x08002fd6   0x00000072   Code   RO         4908    i.HAL_DSI_ShortWrite  stm32f4xx_hal_dsi.o
    0x08003048   0x0000003c   Code   RO         4910    i.HAL_DSI_Start     stm32f4xx_hal_dsi.o
    0x08003084   0x0000001a   Code   RO         4246    i.HAL_Delay         stm32f4xx_hal.o
    0x0800309e   0x00000002   PAD
    0x080030a0   0x0000021c   Code   RO         5148    i.HAL_GPIO_Init     stm32f4xx_hal_gpio.o
    0x080032bc   0x0000000c   Code   RO         5152    i.HAL_GPIO_WritePin  stm32f4xx_hal_gpio.o
    0x080032c8   0x0000000c   Code   RO            4    i.HAL_GetTick       main.o
    0x080032d4   0x0000003c   Code   RO         5213    i.HAL_I2C_DeInit    stm32f4xx_hal_i2c.o
    0x08003310   0x00000008   Code   RO         5221    i.HAL_I2C_GetState  stm32f4xx_hal_i2c.o
    0x08003318   0x00000128   Code   RO         5222    i.HAL_I2C_Init      stm32f4xx_hal_i2c.o
    0x08003440   0x00000288   Code   RO         5238    i.HAL_I2C_Mem_Read  stm32f4xx_hal_i2c.o
    0x080036c8   0x00000148   Code   RO         5241    i.HAL_I2C_Mem_Write  stm32f4xx_hal_i2c.o
    0x08003810   0x00000002   Code   RO         5244    i.HAL_I2C_MspDeInit  stm32f4xx_hal_i2c.o
    0x08003812   0x00000002   Code   RO         5245    i.HAL_I2C_MspInit   stm32f4xx_hal_i2c.o
    0x08003814   0x0000003c   Code   RO         4256    i.HAL_Init          stm32f4xx_hal.o
    0x08003850   0x00000028   Code   RO         4257    i.HAL_InitTick      stm32f4xx_hal.o
    0x08003878   0x0000005e   Code   RO         5677    i.HAL_LTDC_ConfigLayer  stm32f4xx_hal_ltdc.o
    0x080038d6   0x00000002   PAD
    0x080038d8   0x00000128   Code   RO         5694    i.HAL_LTDC_Init     stm32f4xx_hal_ltdc.o
    0x08003a00   0x00000002   Code   RO         5697    i.HAL_LTDC_MspInit  stm32f4xx_hal_ltdc.o
    0x08003a02   0x00000060   Code   RO         5932    i.HAL_LTDC_StructInitFromVideoConfig  stm32f4xx_hal_ltdc_ex.o
    0x08003a62   0x00000002   Code   RO         4259    i.HAL_MspInit       stm32f4xx_hal.o
    0x08003a64   0x00000020   Code   RO         4401    i.HAL_NVIC_EnableIRQ  stm32f4xx_hal_cortex.o
    0x08003a84   0x0000007c   Code   RO         4407    i.HAL_NVIC_SetPriority  stm32f4xx_hal_cortex.o
    0x08003b00   0x00000028   Code   RO         4408    i.HAL_NVIC_SetPriorityGrouping  stm32f4xx_hal_cortex.o
    0x08003b28   0x000000a4   Code   RO         6087    i.HAL_PWREx_EnableOverDrive  stm32f4xx_hal_pwr_ex.o
    0x08003bcc   0x00000128   Code   RO         6270    i.HAL_RCCEx_GetPeriphCLKConfig  stm32f4xx_hal_rcc_ex.o
    0x08003cf4   0x000004e8   Code   RO         6271    i.HAL_RCCEx_PeriphCLKConfig  stm32f4xx_hal_rcc_ex.o
    0x080041dc   0x000001d0   Code   RO         6166    i.HAL_RCC_ClockConfig  stm32f4xx_hal_rcc.o
    0x080043ac   0x0000000c   Code   RO         6171    i.HAL_RCC_GetHCLKFreq  stm32f4xx_hal_rcc.o
    0x080043b8   0x0000002c   Code   RO         6173    i.HAL_RCC_GetPCLK1Freq  stm32f4xx_hal_rcc.o
    0x080043e4   0x000000b4   Code   RO         6175    i.HAL_RCC_GetSysClockFreq  stm32f4xx_hal_rcc.o
    0x08004498   0x000003b0   Code   RO         6275    i.HAL_RCC_OscConfig  stm32f4xx_hal_rcc_ex.o
    0x08004848   0x00000040   Code   RO         6330    i.HAL_SDRAM_Init    stm32f4xx_hal_sdram.o
    0x08004888   0x00000002   Code   RO         6332    i.HAL_SDRAM_MspInit  stm32f4xx_hal_sdram.o
    0x0800488a   0x00000028   Code   RO         6333    i.HAL_SDRAM_ProgramRefreshRate  stm32f4xx_hal_sdram.o
    0x080048b2   0x0000003a   Code   RO         6339    i.HAL_SDRAM_SendCommand  stm32f4xx_hal_sdram.o
    0x080048ec   0x00000034   Code   RO         4412    i.HAL_SYSTICK_Config  stm32f4xx_hal_cortex.o
    0x08004920   0x00000014   Code   RO         3443    i.I2C1_Error        stm32469i_discovery.o
    0x08004934   0x00000044   Code   RO         3444    i.I2C1_Init         stm32469i_discovery.o
    0x08004978   0x000000b8   Code   RO         3446    i.I2C1_MspInit      stm32469i_discovery.o
    0x08004a30   0x0000003c   Code   RO         3447    i.I2C1_Read         stm32469i_discovery.o
    0x08004a6c   0x00000044   Code   RO         3448    i.I2C1_ReadMultiple  stm32469i_discovery.o
    0x08004ab0   0x00000034   Code   RO         3449    i.I2C1_Write        stm32469i_discovery.o
    0x08004ae4   0x00000034   Code   RO         5260    i.I2C_IsAcknowledgeFailed  stm32f4xx_hal_i2c.o
    0x08004b18   0x00000158   Code   RO         5270    i.I2C_RequestMemoryRead  stm32f4xx_hal_i2c.o
    0x08004c70   0x000000e0   Code   RO         5271    i.I2C_RequestMemoryWrite  stm32f4xx_hal_i2c.o
    0x08004d50   0x00000056   Code   RO         5279    i.I2C_WaitOnBTFFlagUntilTimeout  stm32f4xx_hal_i2c.o
    0x08004da6   0x00000078   Code   RO         5280    i.I2C_WaitOnFlagUntilTimeout  stm32f4xx_hal_i2c.o
    0x08004e1e   0x000000ac   Code   RO         5281    i.I2C_WaitOnMasterAddressFlagUntilTimeout  stm32f4xx_hal_i2c.o
    0x08004eca   0x0000006e   Code   RO         5282    i.I2C_WaitOnRXNEFlagUntilTimeout  stm32f4xx_hal_i2c.o
    0x08004f38   0x00000056   Code   RO         5284    i.I2C_WaitOnTXEFlagUntilTimeout  stm32f4xx_hal_i2c.o
    0x08004f8e   0x000000fc   Code   RO          445    i.KeyFindKey        gfx_mk.o
    0x0800508a   0x0000003a   Code   RO          446    i.KeyMouseMove      gfx_mk.o
    0x080050c4   0x00000106   Code   RO          447    i.KeyMouseUp        gfx_mk.o
    0x080051ca   0x00000002   PAD
    0x080051cc   0x00000060   Code   RO         3718    i.LL_FillBuffer     stm32469i_discovery_lcd.o
    0x0800522c   0x00000212   Code   RO         5713    i.LTDC_SetConfig    stm32f4xx_hal_ltdc.o
    0x0800543e   0x00000020   Code   RO          448    i.ListDestroy       gfx_mk.o
    0x0800545e   0x00000118   Code   RO          449    i.ListMouseDown     gfx_mk.o
    0x08005576   0x00000074   Code   RO          450    i.ListMouseMove     gfx_mk.o
    0x080055ea   0x0000007c   Code   RO          451    i.ListMouseSelect   gfx_mk.o
    0x08005666   0x0000004a   Code   RO          452    i.ListMouseUp       gfx_mk.o
    0x080056b0   0x0000002e   Code   RO         3268    i.MouseInit         gmouse_lld_ft6x06.o
    0x080056de   0x00000038   Code   RO          453    i.MousePoll         gfx_mk.o
    0x08005716   0x00000010   Code   RO          454    i.NumKeyRows        gfx_mk.o
    0x08005726   0x0000000c   Code   RO         3456    i.OTM8009A_IO_Delay  stm32469i_discovery.o
    0x08005732   0x00000002   PAD
    0x08005734   0x00000480   Code   RO         3399    i.OTM8009A_Init     otm8009a.o
    0x08005bb4   0x00000002   Code   RO          455    i.ROMClose          gfx_mk.o
    0x08005bb6   0x00000014   Code   RO          456    i.ROMEof            gfx_mk.o
    0x08005bca   0x00000014   Code   RO          457    i.ROMExists         gfx_mk.o
    0x08005bde   0x00000016   Code   RO          458    i.ROMFilesize       gfx_mk.o
    0x08005bf4   0x00000030   Code   RO          459    i.ROMFindFile       gfx_mk.o
    0x08005c24   0x00000008   Code   RO          460    i.ROMGetsize        gfx_mk.o
    0x08005c2c   0x00000018   Code   RO          461    i.ROMOpen           gfx_mk.o
    0x08005c44   0x00000038   Code   RO          462    i.ROMRead           gfx_mk.o
    0x08005c7c   0x00000012   Code   RO          463    i.ROMSetpos         gfx_mk.o
    0x08005c8e   0x00000002   PAD
    0x08005c90   0x0000003c   Code   RO          464    i.SendKeyboardEvent  gfx_mk.o
    0x08005ccc   0x00000082   Code   RO          465    i.SendKeyboardEventToListener  gfx_mk.o
    0x08005d4e   0x000000d4   Code   RO          466    i.SendMouseEvent    gfx_mk.o
    0x08005e22   0x00000002   PAD
    0x08005e24   0x00000070   Code   RO          467    i.SendSliderEvent   gfx_mk.o
    0x08005e94   0x0000004e   Code   RO          468    i.SetDisplayPosFromMouse  gfx_mk.o
    0x08005ee2   0x000000bc   Code   RO          469    i.SliderCalcPosFromDPos  gfx_mk.o
    0x08005f9e   0x00000022   Code   RO          470    i.SliderMouseDown   gfx_mk.o
    0x08005fc0   0x00000022   Code   RO          471    i.SliderMouseMove   gfx_mk.o
    0x08005fe2   0x00000060   Code   RO          472    i.SliderMouseUp     gfx_mk.o
    0x08006042   0x0000004e   Code   RO          473    i.SliderResetDisplayPos  gfx_mk.o
    0x08006090   0x000000c4   Code   RO            5    i.SystemClock_Config  main.o
    0x08006154   0x00000064   Code   RO         6638    i.SystemInit        system_stm32f4xx.o
    0x080061b8   0x00000008   Code   RO         3458    i.TS_IO_Init        stm32469i_discovery.o
    0x080061c0   0x00000010   Code   RO         3459    i.TS_IO_Read        stm32469i_discovery.o
    0x080061d0   0x0000001a   Code   RO         3460    i.TS_IO_ReadMultiple  stm32469i_discovery.o
    0x080061ea   0x00000014   Code   RO         3461    i.TS_IO_Write       stm32469i_discovery.o
    0x080061fe   0x0000013c   Code   RO          474    i.TextEditKeyboard  gfx_mk.o
    0x0800633a   0x0000004a   Code   RO          475    i.TextEditMouseDown  gfx_mk.o
    0x08006384   0x00000044   Code   RO          476    i.UCode2UTF8        gfx_mk.o
    0x080063c8   0x000000c4   Code   RO          477    i.UTF8CharAt        gfx_mk.o
    0x0800648c   0x00000088   Code   RO          478    i.UTF8StrLen        gfx_mk.o
    0x08006514   0x00000040   Code   RO          479    i.WM_Add            gfx_mk.o
    0x08006554   0x00000002   Code   RO          480    i.WM_DeInit         gfx_mk.o
    0x08006556   0x00000002   PAD
    0x08006558   0x00000014   Code   RO          481    i.WM_Delete         gfx_mk.o
    0x0800656c   0x00000002   Code   RO          482    i.WM_Init           gfx_mk.o
    0x0800656e   0x00000002   Code   RO          483    i.WM_MinMax         gfx_mk.o
    0x08006570   0x000001f2   Code   RO          484    i.WM_Move           gfx_mk.o
    0x08006762   0x00000002   PAD
    0x08006764   0x00000020   Code   RO          485    i.WM_Raise          gfx_mk.o
    0x08006784   0x00000190   Code   RO          486    i.WM_Redraw         gfx_mk.o
    0x08006914   0x000001a4   Code   RO          487    i.WM_Size           gfx_mk.o
    0x08006ab8   0x00000010   Code   RO         4414    i.__NVIC_GetPriorityGrouping  stm32f4xx_hal_cortex.o
    0x08006ac8   0x00000028   Code   RO         4415    i.__NVIC_SetPriority  stm32f4xx_hal_cortex.o
    0x08006af0   0x0000001e   Code   RO          490    i._gcontainerDestroy  gfx_mk.o
    0x08006b0e   0x00000002   Code   RO          491    i._gcontainerInit   gfx_mk.o
    0x08006b10   0x00000024   Code   RO          492    i._gdispDeInitDriver  gfx_mk.o
    0x08006b34   0x0000001c   Code   RO          494    i._gdispInit        gfx_mk.o
    0x08006b50   0x0000003c   Code   RO          495    i._gdispInitDriver  gfx_mk.o
    0x08006b8c   0x0000003c   Code   RO          496    i._gdispPostInitDriver  gfx_mk.o
    0x08006bc8   0x00000002   Code   RO          498    i._gdriverInit      gfx_mk.o
    0x08006bca   0x00000002   PAD
    0x08006bcc   0x00000010   Code   RO          500    i._geventInit       gfx_mk.o
    0x08006bdc   0x000000f8   Code   RO          502    i._gfileFindSlot    gfx_mk.o
    0x08006cd4   0x00000002   Code   RO          503    i._gfileInit        gfx_mk.o
    0x08006cd6   0x00000008   Code   RO          505    i._ginputInit       gfx_mk.o
    0x08006cde   0x00000002   Code   RO          506    i._gmouseDeInitDriver  gfx_mk.o
    0x08006ce0   0x00000020   Code   RO          508    i._gmouseInit       gfx_mk.o
    0x08006d00   0x00000054   Code   RO          509    i._gmouseInitDriver  gfx_mk.o
    0x08006d54   0x0000004a   Code   RO          510    i._gmousePostInitDriver  gfx_mk.o
    0x08006d9e   0x00000002   PAD
    0x08006da0   0x0000001c   Code   RO          514    i._gosHeapInit      gfx_mk.o
    0x08006dbc   0x00000008   Code   RO          515    i._gosInit          gfx_mk.o
    0x08006dc4   0x00000002   Code   RO          517    i._gqueueInit       gfx_mk.o
    0x08006dc6   0x00000002   PAD
    0x08006dc8   0x00000044   Code   RO          519    i._gtimerInit       gfx_mk.o
    0x08006e0c   0x00000070   Code   RO          520    i._gwidgetCreate    gfx_mk.o
    0x08006e7c   0x00000030   Code   RO          522    i._gwidgetDestroy   gfx_mk.o
    0x08006eac   0x0000006c   Code   RO          523    i._gwidgetDrawFocusRect  gfx_mk.o
    0x08006f18   0x00000044   Code   RO          524    i._gwidgetInit      gfx_mk.o
    0x08006f5c   0x0000001a   Code   RO          525    i._gwidgetRedraw    gfx_mk.o
    0x08006f76   0x00000002   PAD
    0x08006f78   0x00000068   Code   RO          527    i._gwinDestroy      gfx_mk.o
    0x08006fe0   0x00000078   Code   RO          530    i._gwinFixFocus     gfx_mk.o
    0x08007058   0x0000014c   Code   RO          531    i._gwinFlushRedraws  gfx_mk.o
    0x080071a4   0x00000010   Code   RO          532    i._gwinInit         gfx_mk.o
    0x080071b4   0x0000003c   Code   RO          533    i._gwinMoveFocus    gfx_mk.o
    0x080071f0   0x000000b8   Code   RO          534    i._gwinRippleVisibility  gfx_mk.o
    0x080072a8   0x00000030   Code   RO          536    i._gwinUpdate       gfx_mk.o
    0x080072d8   0x00000058   Code   RO          537    i._gwinWMAdd        gfx_mk.o
    0x08007330   0x00000084   Code   RO          538    i._gwindowCreate    gfx_mk.o
    0x080073b4   0x00000034   Code   RO          540    i._gwmInit          gfx_mk.o
    0x080073e8   0x00000046   Code   RO         7771    i._init_box         RTX_CM4.lib(rt_membox.o)
    0x0800742e   0x00000002   PAD
    0x08007430   0x00000020   Code   RO         4180    i._mutex_acquire    rtx_conf_cm.o
    0x08007450   0x0000001c   Code   RO         4182    i._mutex_release    rtx_conf_cm.o
    0x0800746c   0x00000030   Code   RO         7824    i.dbg_init          RTX_CM4.lib(hal_cm.o)
    0x0800749c   0x00000020   Code   RO         7825    i.dbg_task_notify   RTX_CM4.lib(hal_cm.o)
    0x080074bc   0x00000010   Code   RO         7826    i.dbg_task_switch   RTX_CM4.lib(hal_cm.o)
    0x080074cc   0x00000038   Code   RO          541    i.deleteAssignments  gfx_mk.o
    0x08007504   0x0000002a   Code   RO          542    i.doExitEvent       gfx_mk.o
    0x0800752e   0x00000002   PAD
    0x08007530   0x00000028   Code   RO          543    i.drawcharglyph     gfx_mk.o
    0x08007558   0x000000ac   Code   RO          544    i.drawcharline      gfx_mk.o
    0x08007604   0x0000000c   Code   RO          545    i.drawpixel         gfx_mk.o
    0x08007610   0x00000040   Code   RO          546    i.drawpixel_clip    gfx_mk.o
    0x08007650   0x0000000c   Code   RO          547    i.fillarea          gfx_mk.o
    0x0800765c   0x00000028   Code   RO          548    i.fillcharglyph     gfx_mk.o
    0x08007684   0x0000008c   Code   RO          549    i.fillcharline      gfx_mk.o
    0x08007710   0x0000002e   Code   RO          550    i.fillentry_bitcount  gfx_mk.o
    0x0800773e   0x0000003e   Code   RO          552    i.find_glyph        gfx_mk.o
    0x0800777c   0x00000024   Code   RO         3313    i.ft6x06_GetInstance  ft6x06.o
    0x080077a0   0x0000002c   Code   RO         3314    i.ft6x06_Init       ft6x06.o
    0x080077cc   0x00000012   Code   RO         3315    i.ft6x06_ReadID     ft6x06.o
    0x080077de   0x00000002   Code   RO         3316    i.ft6x06_Reset      ft6x06.o
    0x080077e0   0x00000002   Code   RO         3317    i.ft6x06_TS_ClearIT  ft6x06.o
    0x080077e2   0x00000006   Code   RO         3318    i.ft6x06_TS_Configure  ft6x06.o
    0x080077e8   0x00000040   Code   RO         3319    i.ft6x06_TS_DetectTouch  ft6x06.o
    0x08007828   0x00000014   Code   RO         3320    i.ft6x06_TS_DisableIT  ft6x06.o
    0x0800783c   0x00000014   Code   RO         3321    i.ft6x06_TS_EnableIT  ft6x06.o
    0x08007850   0x00000070   Code   RO         3322    i.ft6x06_TS_GetXY   ft6x06.o
    0x080078c0   0x00000006   Code   RO         3323    i.ft6x06_TS_ITStatus  ft6x06.o
    0x080078c6   0x00000012   Code   RO         3324    i.ft6x06_TS_Start   ft6x06.o
    0x080078d8   0x0000004e   Code   RO          553    i.gdispBlendColor   gfx_mk.o
    0x08007926   0x0000001c   Code   RO          554    i.gdispCloseFont    gfx_mk.o
    0x08007942   0x00000154   Code   RO          556    i.gdispGBlitArea    gfx_mk.o
    0x08007a96   0x00000020   Code   RO          557    i.gdispGClear       gfx_mk.o
    0x08007ab6   0x0000007a   Code   RO          558    i.gdispGControl     gfx_mk.o
    0x08007b30   0x000000be   Code   RO          559    i.gdispGDrawBox     gfx_mk.o
    0x08007bee   0x0000003a   Code   RO          562    i.gdispGDrawLine    gfx_mk.o
    0x08007c28   0x0000002c   Code   RO          563    i.gdispGDrawPixel   gfx_mk.o
    0x08007c54   0x000000ac   Code   RO          565    i.gdispGDrawStringBox  gfx_mk.o
    0x08007d00   0x000000ca   Code   RO          566    i.gdispGFillArea    gfx_mk.o
    0x08007dca   0x00000002   PAD
    0x08007dcc   0x00000154   Code   RO          570    i.gdispGFillStringBox  gfx_mk.o
    0x08007f20   0x00000008   Code   RO          574    i.gdispGGetHeight   gfx_mk.o
    0x08007f28   0x00000006   Code   RO          575    i.gdispGGetOrientation  gfx_mk.o
    0x08007f2e   0x00000008   Code   RO          578    i.gdispGGetWidth    gfx_mk.o
    0x08007f36   0x00000262   Code   RO          580    i.gdispGImageDraw_BMP  gfx_mk.o
    0x08008198   0x00000092   Code   RO          581    i.gdispGSetClip     gfx_mk.o
    0x0800822a   0x0000003a   Code   RO          585    i.gdispGetFontMetric  gfx_mk.o
    0x08008264   0x00000012   Code   RO          587    i.gdispGetStringWidth  gfx_mk.o
    0x08008276   0x0000001c   Code   RO          588    i.gdispGetStringWidthCount  gfx_mk.o
    0x08008292   0x0000000e   Code   RO          589    i.gdispImageAlloc   gfx_mk.o
    0x080082a0   0x00000018   Code   RO          590    i.gdispImageCache   gfx_mk.o
    0x080082b8   0x00000116   Code   RO          591    i.gdispImageCache_BMP  gfx_mk.o
    0x080083ce   0x0000003e   Code   RO          593    i.gdispImageClose_BMP  gfx_mk.o
    0x0800840c   0x00000010   Code   RO          594    i.gdispImageFree    gfx_mk.o
    0x0800841c   0x00000008   Code   RO          598    i.gdispImageNext_BMP  gfx_mk.o
    0x08008424   0x00000074   Code   RO          599    i.gdispImageOpenGFile  gfx_mk.o
    0x08008498   0x00000454   Code   RO          600    i.gdispImageOpen_BMP  gfx_mk.o
    0x080088ec   0x00000048   Code   RO          602    i.gdispOpenFont     gfx_mk.o
    0x08008934   0x00000010   Code   RO         3163    i.gdisp_lld_clear   gdisp_lld_stm32ltdc.o
    0x08008944   0x000000ba   Code   RO         3164    i.gdisp_lld_control  gdisp_lld_stm32ltdc.o
    0x080089fe   0x0000006c   Code   RO         3165    i.gdisp_lld_draw_pixel  gdisp_lld_stm32ltdc.o
    0x08008a6a   0x0000008e   Code   RO         3166    i.gdisp_lld_fill_area  gdisp_lld_stm32ltdc.o
    0x08008af8   0x0000006c   Code   RO         3167    i.gdisp_lld_get_pixel_color  gdisp_lld_stm32ltdc.o
    0x08008b64   0x00000052   Code   RO         3168    i.gdisp_lld_init    gdisp_lld_stm32ltdc.o
    0x08008bb6   0x00000002   PAD
    0x08008bb8   0x00000030   Code   RO          606    i.gdriverGetInstance  gfx_mk.o
    0x08008be8   0x00000024   Code   RO          607    i.gdriverGetNext    gfx_mk.o
    0x08008c0c   0x00000094   Code   RO          609    i.gdriverRegister   gfx_mk.o
    0x08008ca0   0x00000800   Code   RO          611    i.getPixels         gfx_mk.o
    0x080094a0   0x00000012   Code   RO          613    i.getheight         gfx_mk.o
    0x080094b2   0x00000016   Code   RO          614    i.getwidth          gfx_mk.o
    0x080094c8   0x00000080   Code   RO          615    i.geventAttachSource  gfx_mk.o
    0x08009548   0x00000028   Code   RO          617    i.geventDetachSourceListeners  gfx_mk.o
    0x08009570   0x00000044   Code   RO          620    i.geventGetEventBuffer  gfx_mk.o
    0x080095b4   0x00000074   Code   RO          621    i.geventGetSourceListener  gfx_mk.o
    0x08009628   0x0000001a   Code   RO          622    i.geventListenerInit  gfx_mk.o
    0x08009642   0x00000002   PAD
    0x08009644   0x00000038   Code   RO          623    i.geventRegisterCallback  gfx_mk.o
    0x0800967c   0x0000007c   Code   RO          624    i.geventSendEvent   gfx_mk.o
    0x080096f8   0x00000026   Code   RO          625    i.gfileClose        gfx_mk.o
    0x0800971e   0x00000014   Code   RO          630    i.gfileGetPos       gfx_mk.o
    0x08009732   0x00000002   PAD
    0x08009734   0x0000003c   Code   RO          633    i.gfileOpen         gfx_mk.o
    0x08009770   0x00000042   Code   RO          634    i.gfileRead         gfx_mk.o
    0x080097b2   0x00000030   Code   RO          636    i.gfileSetPos       gfx_mk.o
    0x080097e2   0x00000002   PAD
    0x080097e4   0x00000048   Code   RO          640    i.gfxAddHeapBlock   gfx_mk.o
    0x0800982c   0x00000078   Code   RO          641    i.gfxAlloc          gfx_mk.o
    0x080098a4   0x0000006c   Code   RO          643    i.gfxFree           gfx_mk.o
    0x08009910   0x0000003c   Code   RO          644    i.gfxInit           gfx_mk.o
    0x0800994c   0x00000010   Code   RO          645    i.gfxMutexInit      gfx_mk.o
    0x0800995c   0x00000020   Code   RO          646    i.gfxQueueASyncGet  gfx_mk.o
    0x0800997c   0x00000012   Code   RO          647    i.gfxQueueASyncGetI  gfx_mk.o
    0x0800998e   0x00000008   Code   RO          648    i.gfxQueueASyncInit  gfx_mk.o
    0x08009996   0x00000018   Code   RO          655    i.gfxQueueASyncPut  gfx_mk.o
    0x080099ae   0x0000001c   Code   RO          656    i.gfxQueueASyncPutI  gfx_mk.o
    0x080099ca   0x00000018   Code   RO          657    i.gfxQueueASyncRemove  gfx_mk.o
    0x080099e2   0x00000042   Code   RO          658    i.gfxQueueASyncRemoveI  gfx_mk.o
    0x08009a24   0x000000ec   Code   RO          659    i.gfxRealloc        gfx_mk.o
    0x08009b10   0x00000020   Code   RO          661    i.gfxSemInit        gfx_mk.o
    0x08009b30   0x0000000c   Code   RO          662    i.gfxSemSignal      gfx_mk.o
    0x08009b3c   0x00000016   Code   RO          663    i.gfxSemSignalI     gfx_mk.o
    0x08009b52   0x00000020   Code   RO          664    i.gfxSemWait        gfx_mk.o
    0x08009b72   0x00000026   Code   RO          666    i.gfxThreadCreate   gfx_mk.o
    0x08009b98   0x00000014   Code   RO          669    i.ginputGetKeyboard  gfx_mk.o
    0x08009bac   0x0000001c   Code   RO          670    i.ginputGetMouse    gfx_mk.o
    0x08009bc8   0x0000001c   Code   RO          677    i.gtimerIsActive    gfx_mk.o
    0x08009be4   0x00000120   Code   RO          680    i.gtimerStart       gfx_mk.o
    0x08009d04   0x00000188   Code   RO          682    i.gwidgetEvent      gfx_mk.o
    0x08009e8c   0x00000040   Code   RO          689    i.gwinContainerDraw_Std  gfx_mk.o
    0x08009ecc   0x0000004c   Code   RO          690    i.gwinContainerDraw_Transparent  gfx_mk.o
    0x08009f18   0x0000000e   Code   RO          691    i.gwinDestroy       gfx_mk.o
    0x08009f26   0x00000002   PAD
    0x08009f28   0x0000000c   Code   RO          713    i.gwinGetDefaultBgColor  gfx_mk.o
    0x08009f34   0x00000028   Code   RO          718    i.gwinGetFirstChild  gfx_mk.o
    0x08009f5c   0x0000000c   Code   RO          719    i.gwinGetFocus      gfx_mk.o
    0x08009f68   0x00000014   Code   RO          723    i.gwinGetNextWindow  gfx_mk.o
    0x08009f7c   0x0000002a   Code   RO          725    i.gwinGetSibling    gfx_mk.o
    0x08009fa6   0x00000002   PAD
    0x08009fa8   0x000010e2   Code   RO          730    i.gwinKeyboardDraw_Normal  gfx_mk.o
    0x0800b08a   0x00000002   PAD
    0x0800b08c   0x0000012c   Code   RO          733    i.gwinLabelDraw     gfx_mk.o
    0x0800b1b8   0x00000010   Code   RO          735    i.gwinLabelDrawJustifiedLeft  gfx_mk.o
    0x0800b1c8   0x00000304   Code   RO          739    i.gwinListDefaultDraw  gfx_mk.o
    0x0800b4cc   0x00000020   Code   RO          758    i.gwinResize        gfx_mk.o
    0x0800b4ec   0x00000048   Code   RO          765    i.gwinSetFocus      gfx_mk.o
    0x0800b534   0x00000030   Code   RO          770    i.gwinSetVisible    gfx_mk.o
    0x0800b564   0x00000298   Code   RO          773    i.gwinSliderDraw_Std  gfx_mk.o
    0x0800b7fc   0x00000150   Code   RO          777    i.gwinTexteditDefaultDraw  gfx_mk.o
    0x0800b94c   0x000000a6   Code   RO          779    i.hline_clip        gfx_mk.o
    0x0800b9f2   0x0000002a   Code   RO         6674    i.isrMessageGet     RTX_CM4.lib(rt_cmsis.o)
    0x0800ba1c   0x0000002c   Code   RO         6675    i.isrMessagePut     RTX_CM4.lib(rt_cmsis.o)
    0x0800ba48   0x00000028   Code   RO         6676    i.isrSemaphoreRelease  RTX_CM4.lib(rt_cmsis.o)
    0x0800ba70   0x00000056   Code   RO         7659    i.isr_mbx_receive   RTX_CM4.lib(rt_mailbox.o)
    0x0800bac6   0x0000000e   Code   RO         7660    i.isr_mbx_send      RTX_CM4.lib(rt_mailbox.o)
    0x0800bad4   0x00000010   Code   RO         7707    i.isr_sem_send      RTX_CM4.lib(rt_semaphore.o)
    0x0800bae4   0x0000012a   Code   RO          781    i.line_clip         gfx_mk.o
    0x0800bc0e   0x00000002   PAD
    0x0800bc10   0x000000e4   Code   RO            7    i.main              main.o
    0x0800bcf4   0x0000004e   Code   RO          782    i.matchfont         gfx_mk.o
    0x0800bd42   0x00000020   Code   RO          785    i.mf_character_width  gfx_mk.o
    0x0800bd62   0x00000002   PAD
    0x0800bd64   0x00000008   Code   RO          787    i.mf_get_font_list  gfx_mk.o
    0x0800bd6c   0x00000068   Code   RO          788    i.mf_get_string_width  gfx_mk.o
    0x0800bdd4   0x00000016   Code   RO          789    i.mf_getchar        gfx_mk.o
    0x0800bdea   0x0000007e   Code   RO          790    i.mf_render_aligned  gfx_mk.o
    0x0800be68   0x00000040   Code   RO          791    i.mf_render_character  gfx_mk.o
    0x0800bea8   0x00000008   Code   RO          793    i.mf_rewind         gfx_mk.o
    0x0800beb0   0x0000001a   Code   RO          794    i.mf_rlefont_character_width  gfx_mk.o
    0x0800beca   0x00000070   Code   RO          795    i.mf_rlefont_render_character  gfx_mk.o
    0x0800bf3a   0x0000003e   Code   RO          796    i.mf_round_to_prev_tab  gfx_mk.o
    0x0800bf78   0x0000003e   Code   RO          797    i.mf_round_to_tab   gfx_mk.o
    0x0800bfb6   0x00000002   PAD
    0x0800bfb8   0x00000018   Code   RO         6678    i.osDelay           RTX_CM4.lib(rt_cmsis.o)
    0x0800bfd0   0x00000024   Code   RO         6679    i.osKernelInitialize  RTX_CM4.lib(rt_cmsis.o)
    0x0800bff4   0x0000006c   Code   RO         6681    i.osKernelStart     RTX_CM4.lib(rt_cmsis.o)
    0x0800c060   0x00000018   Code   RO         6682    i.osKernelSysTick   RTX_CM4.lib(rt_cmsis.o)
    0x0800c078   0x00000018   Code   RO         6690    i.osMessageGet      RTX_CM4.lib(rt_cmsis.o)
    0x0800c090   0x00000030   Code   RO         6692    i.osMutexCreate     RTX_CM4.lib(rt_cmsis.o)
    0x0800c0c0   0x00000018   Code   RO         6693    i.osMutexDelete     RTX_CM4.lib(rt_cmsis.o)
    0x0800c0d8   0x00000018   Code   RO         6694    i.osMutexRelease    RTX_CM4.lib(rt_cmsis.o)
    0x0800c0f0   0x00000018   Code   RO         6695    i.osMutexWait       RTX_CM4.lib(rt_cmsis.o)
    0x0800c108   0x00000030   Code   RO         6700    i.osSemaphoreCreate  RTX_CM4.lib(rt_cmsis.o)
    0x0800c138   0x00000018   Code   RO         6702    i.osSemaphoreRelease  RTX_CM4.lib(rt_cmsis.o)
    0x0800c150   0x00000018   Code   RO         6703    i.osSemaphoreWait   RTX_CM4.lib(rt_cmsis.o)
    0x0800c168   0x00000030   Code   RO         6707    i.osThreadCreate    RTX_CM4.lib(rt_cmsis.o)
    0x0800c198   0x00000018   Code   RO         6708    i.osThreadExit      RTX_CM4.lib(rt_cmsis.o)
    0x0800c1b0   0x00000018   Code   RO         6713    i.osThreadYield     RTX_CM4.lib(rt_cmsis.o)
    0x0800c1c8   0x0000000c   Code   RO         6714    i.osTimerCall       RTX_CM4.lib(rt_cmsis.o)
    0x0800c1d4   0x0000002c   Code   RO         6719    i.osTimerThread     RTX_CM4.lib(rt_cmsis.o)
    0x0800c200   0x00000020   Code   RO         4183    i.os_error          rtx_conf_cm.o
    0x0800c220   0x00000004   Code   RO         4184    i.os_idle_demon     rtx_conf_cm.o
    0x0800c224   0x00000028   Code   RO         7451    i.os_tick_init      RTX_CM4.lib(rt_system.o)
    0x0800c24c   0x00000002   Code   RO         7452    i.os_tick_irqack    RTX_CM4.lib(rt_system.o)
    0x0800c24e   0x00000002   PAD
    0x0800c250   0x00000010   Code   RO         7453    i.os_tick_ovf       RTX_CM4.lib(rt_system.o)
    0x0800c260   0x00000014   Code   RO         7454    i.os_tick_val       RTX_CM4.lib(rt_system.o)
    0x0800c274   0x0000003a   Code   RO         3269    i.read_xyz          gmouse_lld_ft6x06.o
    0x0800c2ae   0x00000064   Code   RO          803    i.render_left       gfx_mk.o
    0x0800c312   0x0000008a   Code   RO          804    i.render_right      gfx_mk.o
    0x0800c39c   0x00000060   Code   RO          805    i.resizeText        gfx_mk.o
    0x0800c3fc   0x0000001a   Code   RO         7772    i.rt_alloc_box      RTX_CM4.lib(rt_membox.o)
    0x0800c416   0x0000003e   Code   RO         7800    i.rt_alloc_mem      RTX_CM4.lib(rt_memory.o)
    0x0800c454   0x00000038   Code   RO         7299    i.rt_block          RTX_CM4.lib(rt_task.o)
    0x0800c48c   0x00000048   Code   RO         7749    i.rt_chk_robin      RTX_CM4.lib(rt_robin.o)
    0x0800c4d4   0x00000070   Code   RO         7583    i.rt_dec_dly        RTX_CM4.lib(rt_list.o)
    0x0800c544   0x00000044   Code   RO         7300    i.rt_dispatch       RTX_CM4.lib(rt_task.o)
    0x0800c588   0x00000006   Code   RO         7383    i.rt_dly_wait       RTX_CM4.lib(rt_time.o)
    0x0800c58e   0x00000002   PAD
    0x0800c590   0x00000050   Code   RO         7544    i.rt_evt_psh        RTX_CM4.lib(rt_event.o)
    0x0800c5e0   0x0000002c   Code   RO         7773    i.rt_free_box       RTX_CM4.lib(rt_membox.o)
    0x0800c60c   0x00000028   Code   RO         7801    i.rt_free_mem       RTX_CM4.lib(rt_memory.o)
    0x0800c634   0x00000028   Code   RO         7584    i.rt_get_first      RTX_CM4.lib(rt_list.o)
    0x0800c65c   0x00000024   Code   RO         7585    i.rt_get_same_rdy_prio  RTX_CM4.lib(rt_list.o)
    0x0800c680   0x00000008   Code   RO         6724    i.rt_id2obj         RTX_CM4.lib(rt_cmsis.o)
    0x0800c688   0x00000048   Code   RO         7301    i.rt_init_context   RTX_CM4.lib(rt_task.o)
    0x0800c6d0   0x0000001a   Code   RO         7802    i.rt_init_mem       RTX_CM4.lib(rt_memory.o)
    0x0800c6ea   0x00000002   PAD
    0x0800c6ec   0x00000018   Code   RO         7750    i.rt_init_robin     RTX_CM4.lib(rt_robin.o)
    0x0800c704   0x00000080   Code   RO         7827    i.rt_init_stack     RTX_CM4.lib(hal_cm.o)
    0x0800c784   0x00000008   Code   RO         7661    i.rt_mbx_check      RTX_CM4.lib(rt_mailbox.o)
    0x0800c78c   0x0000001a   Code   RO         7662    i.rt_mbx_init       RTX_CM4.lib(rt_mailbox.o)
    0x0800c7a6   0x00000002   PAD
    0x0800c7a8   0x000000f0   Code   RO         7663    i.rt_mbx_psh        RTX_CM4.lib(rt_mailbox.o)
    0x0800c898   0x000000b4   Code   RO         7665    i.rt_mbx_wait       RTX_CM4.lib(rt_mailbox.o)
    0x0800c94c   0x00000044   Code   RO         6725    i.rt_ms2tick        RTX_CM4.lib(rt_cmsis.o)
    0x0800c990   0x000000b0   Code   RO         7416    i.rt_mut_delete     RTX_CM4.lib(rt_mutex.o)
    0x0800ca40   0x00000010   Code   RO         7417    i.rt_mut_init       RTX_CM4.lib(rt_mutex.o)
    0x0800ca50   0x000000d8   Code   RO         7418    i.rt_mut_release    RTX_CM4.lib(rt_mutex.o)
    0x0800cb28   0x00000068   Code   RO         7419    i.rt_mut_wait       RTX_CM4.lib(rt_mutex.o)
    0x0800cb90   0x0000007c   Code   RO         7455    i.rt_pop_req        RTX_CM4.lib(rt_system.o)
    0x0800cc0c   0x00000020   Code   RO         7456    i.rt_psh_req        RTX_CM4.lib(rt_system.o)
    0x0800cc2c   0x0000005c   Code   RO         7586    i.rt_psq_enq        RTX_CM4.lib(rt_list.o)
    0x0800cc88   0x00000048   Code   RO         7587    i.rt_put_dly        RTX_CM4.lib(rt_list.o)
    0x0800ccd0   0x00000036   Code   RO         7588    i.rt_put_prio       RTX_CM4.lib(rt_list.o)
    0x0800cd06   0x00000002   PAD
    0x0800cd08   0x00000014   Code   RO         7589    i.rt_put_rdy_first  RTX_CM4.lib(rt_list.o)
    0x0800cd1c   0x00000034   Code   RO         7590    i.rt_resort_prio    RTX_CM4.lib(rt_list.o)
    0x0800cd50   0x00000010   Code   RO         7828    i.rt_ret_regs       RTX_CM4.lib(hal_cm.o)
    0x0800cd60   0x0000000c   Code   RO         7829    i.rt_ret_val        RTX_CM4.lib(hal_cm.o)
    0x0800cd6c   0x00000010   Code   RO         7830    i.rt_ret_val2       RTX_CM4.lib(hal_cm.o)
    0x0800cd7c   0x00000028   Code   RO         7591    i.rt_rmv_dly        RTX_CM4.lib(rt_list.o)
    0x0800cda4   0x00000030   Code   RO         7592    i.rt_rmv_list       RTX_CM4.lib(rt_list.o)
    0x0800cdd4   0x0000000c   Code   RO         7709    i.rt_sem_init       RTX_CM4.lib(rt_semaphore.o)
    0x0800cde0   0x00000034   Code   RO         7710    i.rt_sem_psh        RTX_CM4.lib(rt_semaphore.o)
    0x0800ce14   0x0000002a   Code   RO         7711    i.rt_sem_send       RTX_CM4.lib(rt_semaphore.o)
    0x0800ce3e   0x00000002   PAD
    0x0800ce40   0x00000040   Code   RO         7712    i.rt_sem_wait       RTX_CM4.lib(rt_semaphore.o)
    0x0800ce80   0x00000024   Code   RO         7458    i.rt_stk_check      RTX_CM4.lib(rt_system.o)
    0x0800cea4   0x00000028   Code   RO         7302    i.rt_switch_req     RTX_CM4.lib(rt_task.o)
    0x0800cecc   0x000000cc   Code   RO         7303    i.rt_sys_init       RTX_CM4.lib(rt_task.o)
    0x0800cf98   0x00000078   Code   RO         7304    i.rt_sys_start      RTX_CM4.lib(rt_task.o)
    0x0800d010   0x00000040   Code   RO         7460    i.rt_systick        RTX_CM4.lib(rt_system.o)
    0x0800d050   0x00000012   Code   RO         6726    i.rt_tid2ptcb       RTX_CM4.lib(rt_cmsis.o)
    0x0800d062   0x00000002   PAD
    0x0800d064   0x00000034   Code   RO         6727    i.rt_timer_insert   RTX_CM4.lib(rt_cmsis.o)
    0x0800d098   0x00000088   Code   RO         7305    i.rt_tsk_create     RTX_CM4.lib(rt_task.o)
    0x0800d120   0x0000017c   Code   RO         7306    i.rt_tsk_delete     RTX_CM4.lib(rt_task.o)
    0x0800d29c   0x00000030   Code   RO         7307    i.rt_tsk_pass       RTX_CM4.lib(rt_task.o)
    0x0800d2cc   0x0000007c   Code   RO         7308    i.rt_tsk_prio       RTX_CM4.lib(rt_task.o)
    0x0800d348   0x00000010   Code   RO         7309    i.rt_tsk_self       RTX_CM4.lib(rt_task.o)
    0x0800d358   0x00000040   Code   RO          807    i.sendListEvent     gfx_mk.o
    0x0800d398   0x0000002e   Code   RO          808    i.skip_pixels       gfx_mk.o
    0x0800d3c6   0x0000005c   Code   RO          810    i.strip_spaces      gfx_mk.o
    0x0800d422   0x00000012   Code   RO         6729    i.svcDelay          RTX_CM4.lib(rt_cmsis.o)
    0x0800d434   0x00000070   Code   RO         6730    i.svcKernelInitialize  RTX_CM4.lib(rt_cmsis.o)
    0x0800d4a4   0x00000048   Code   RO         6732    i.svcKernelStart    RTX_CM4.lib(rt_cmsis.o)
    0x0800d4ec   0x00000038   Code   RO         6733    i.svcKernelSysTick  RTX_CM4.lib(rt_cmsis.o)
    0x0800d524   0x00000024   Code   RO         6735    i.svcMessageCreate  RTX_CM4.lib(rt_cmsis.o)
    0x0800d548   0x0000003a   Code   RO         6736    i.svcMessageGet     RTX_CM4.lib(rt_cmsis.o)
    0x0800d582   0x0000001c   Code   RO         6738    i.svcMutexCreate    RTX_CM4.lib(rt_cmsis.o)
    0x0800d59e   0x0000001a   Code   RO         6739    i.svcMutexDelete    RTX_CM4.lib(rt_cmsis.o)
    0x0800d5b8   0x00000022   Code   RO         6740    i.svcMutexRelease   RTX_CM4.lib(rt_cmsis.o)
    0x0800d5da   0x00000036   Code   RO         6741    i.svcMutexWait      RTX_CM4.lib(rt_cmsis.o)
    0x0800d610   0x00000024   Code   RO         6743    i.svcSemaphoreCreate  RTX_CM4.lib(rt_cmsis.o)
    0x0800d634   0x00000028   Code   RO         6745    i.svcSemaphoreRelease  RTX_CM4.lib(rt_cmsis.o)
    0x0800d65c   0x00000032   Code   RO         6746    i.svcSemaphoreWait  RTX_CM4.lib(rt_cmsis.o)
    0x0800d68e   0x00000002   PAD
    0x0800d690   0x00000070   Code   RO         6750    i.svcThreadCreate   RTX_CM4.lib(rt_cmsis.o)
    0x0800d700   0x0000001c   Code   RO         6751    i.svcThreadGetId    RTX_CM4.lib(rt_cmsis.o)
    0x0800d71c   0x00000038   Code   RO         6754    i.svcThreadTerminate  RTX_CM4.lib(rt_cmsis.o)
    0x0800d754   0x0000000a   Code   RO         6755    i.svcThreadYield    RTX_CM4.lib(rt_cmsis.o)
    0x0800d75e   0x00000018   Code   RO         6756    i.svcTimerCall      RTX_CM4.lib(rt_cmsis.o)
    0x0800d776   0x00000002   PAD
    0x0800d778   0x0000005c   Code   RO         6765    i.sysTimerTick      RTX_CM4.lib(rt_cmsis.o)
    0x0800d7d4   0x00000050   Code   RO          811    i.testopen          gfx_mk.o
    0x0800d824   0x000000a6   Code   RO          812    i.vline_clip        gfx_mk.o
    0x0800d8ca   0x0000005c   Code   RO          813    i.write_bin_codeword  gfx_mk.o
    0x0800d926   0x00000038   Code   RO          814    i.write_glyph_codeword  gfx_mk.o
    0x0800d95e   0x00000068   Code   RO          815    i.write_pixels      gfx_mk.o
    0x0800d9c6   0x00000050   Code   RO          816    i.write_ref_codeword  gfx_mk.o
    0x0800da16   0x00000040   Code   RO          817    i.write_ref_dictentry  gfx_mk.o
    0x0800da56   0x000000a4   Code   RO          818    i.write_rle_dictentry  gfx_mk.o
    0x0800dafa   0x0000000a   Code   RO         8042    x$fpl$fpinit        fz_wm.l(fpinit.o)
    0x0800db04   0x000216e4   Data   RO          820    .constdata          gfx_mk.o
    0x0802f1e8   0x00000060   Data   RO         3169    .constdata          gdisp_lld_stm32ltdc.o
    0x0802f248   0x0000003c   Data   RO         3270    .constdata          gmouse_lld_ft6x06.o
    0x0802f284   0x00000191   Data   RO         3400    .constdata          otm8009a.o
    0x0802f415   0x00003cdc   Data   RO         3720    .constdata          stm32469i_discovery_lcd.o
    0x080330f1   0x00000003   PAD
    0x080330f4   0x00000068   Data   RO         4186    .constdata          rtx_conf_cm.o
    0x0803315c   0x00000008   Data   RO         4541    .constdata          stm32f4xx_hal_dma.o
    0x08033164   0x00000010   Data   RO         6179    .constdata          stm32f4xx_hal_rcc.o
    0x08033174   0x00000125   Data   RO          821    .conststring        gfx_mk.o
    0x08033299   0x00000003   PAD
    0x0803329c   0x00000061   Data   RO         4121    .conststring        stm32469i_discovery_ts.o
    0x080332fd   0x00000003   PAD
    0x08033300   0x00000020   Data   RO         8076    Region$$Table       anon$$obj.o


    Execution Region RW_IRAM1 (Base: 0x20000000, Size: 0x0003e988, Max: 0x00050000, ABSOLUTE, COMPRESSED[0x000000d8])

    Base Addr    Size         Type   Attr      Idx    E Section Name        Object

    0x20000000   0x0000000c   Data   RW            9    .data               main.o
    0x2000000c   0x000000e8   Data   RW          822    .data               gfx_mk.o
    0x200000f4   0x0000002d   Data   RW         3325    .data               ft6x06.o
    0x20000121   0x00000003   PAD
    0x20000124   0x00000034   Data   RW         3721    .data               stm32469i_discovery_lcd.o
    0x20000158   0x00000002   Data   RW         4042    .data               stm32469i_discovery_sdram.o
    0x2000015a   0x00000002   PAD
    0x2000015c   0x00000044   Data   RW         4122    .data               stm32469i_discovery_ts.o
    0x200001a0   0x00000014   Data   RW         4187    .data               rtx_conf_cm.o
    0x200001b4   0x00000004   Data   RW         6640    .data               system_stm32f4xx.o
    0x200001b8   0x00000008   Data   RW         6768    .data               RTX_CM4.lib(rt_cmsis.o)
    0x200001c0   0x00000008   Data   RW         7311    .data               RTX_CM4.lib(rt_task.o)
    0x200001c8   0x00000004   Data   RW         7387    .data               RTX_CM4.lib(rt_time.o)
    0x200001cc   0x00000008   Data   RW         7463    .data               RTX_CM4.lib(rt_system.o)
    0x200001d4   0x00000008   Data   RW         7751    .data               RTX_CM4.lib(rt_robin.o)
    0x200001dc   0x00000001   Data   RW         7831    .data               RTX_CM4.lib(hal_cm.o)
    0x200001dd   0x00000003   PAD
    0x200001e0   0x00000030   Zero   RW            8    .bss                main.o
    0x20000210   0x000052b0   Zero   RW          819    .bss                gfx_mk.o
    0x200054c0   0x000000a8   Zero   RW         3463    .bss                stm32469i_discovery.o
    0x20005568   0x000001c4   Zero   RW         3719    .bss                stm32469i_discovery_lcd.o
    0x2000572c   0x00000120   Zero   RW         4041    .bss                stm32469i_discovery_sdram.o
    0x2000584c   0x00000004   PAD
    0x20005850   0x00038a70   Zero   RW         4185    .bss                rtx_conf_cm.o
    0x2003e2c0   0x00000034   Zero   RW         7310    .bss                RTX_CM4.lib(rt_task.o)
    0x2003e2f4   0x00000030   Zero   RW         7593    .bss                RTX_CM4.lib(rt_list.o)
    0x2003e324   0x00000060   Zero   RW         7893    .bss                c_w.l(libspace.o)
    0x2003e384   0x00000004   PAD
    0x2003e388   0x00000200   Zero   RW         6628    HEAP                startup_stm32f469xx.o
    0x2003e588   0x00000400   Zero   RW         6627    STACK               startup_stm32f469xx.o


==============================================================================

Image component sizes


      Code (inc. data)   RO Data    RW Data    ZI Data      Debug   Object Name

       348         22          0         45          0      12576   ft6x06.o
       642          0         96          0          0      14707   gdisp_lld_stm32ltdc.o
     30032        606     137225        232      21168     210584   gfx_mk.o
       104          0         60          0          0       6639   gmouse_lld_ft6x06.o
         0          0          0          0          0        524   gui.o
       436         56          0         12         48     416728   main.o
      1152        306        401          0          0       5918   otm8009a.o
       124         26        104         20     232048       9579   rtx_conf_cm.o
        64         26        436          0       1536        900   startup_stm32f469xx.o
       534         38          0          0        168       9285   stm32469i_discovery.o
      1852        180      15580         52        452      20754   stm32469i_discovery_lcd.o
       836         68          0          2        288       4898   stm32469i_discovery_sdram.o
       444         38         97         68          0       4879   stm32469i_discovery_ts.o
       128         10          0          0          0       3660   stm32f4xx_hal.o
       304         22          0          0          0      32299   stm32f4xx_hal_cortex.o
       568         10          8          0          0       3760   stm32f4xx_hal_dma.o
      1056         12          0          0          0       6611   stm32f4xx_hal_dma2d.o
      1620         10          0          0          0       8729   stm32f4xx_hal_dsi.o
       552         54          0          0          0       2576   stm32f4xx_hal_gpio.o
      2538         42          0          0          0      14508   stm32f4xx_hal_i2c.o
       922          6          0          0          0       3646   stm32f4xx_hal_ltdc.o
        96          0          0          0          0       1261   stm32f4xx_hal_ltdc_ex.o
       164         12          0          0          0       1400   stm32f4xx_hal_pwr_ex.o
       700         44         16          0          0       4028   stm32f4xx_hal_rcc.o
      2496         60          0          0          0       4015   stm32f4xx_hal_rcc_ex.o
       164          0          0          0          0       3520   stm32f4xx_hal_sdram.o
       368          4          0          0          0       3744   stm32f4xx_ll_fmc.o
       100         18          0          4          0       1405   system_stm32f4xx.o

    ----------------------------------------------------------------------
     48398       1670     154064        440     255712     813133   Object Totals
         0          0         32          0          0          0   (incl. Generated)
        54          0          9          5          4          0   (incl. Padding)

    ----------------------------------------------------------------------

      Code (inc. data)   RO Data    RW Data    ZI Data      Debug   Library Member Name

       268         24          0          1          0       4452   hal_cm.o
       408         34          0          0          0        816   hal_cm4.o
      1798        216          0          8          0      47520   rt_cmsis.o
        80          4          0          0          0        701   rt_event.o
       566         44          0          0         48       9176   rt_list.o
       554         10          0          0          0       4189   rt_mailbox.o
       140          0          0          0          0       2045   rt_membox.o
       128          0          0          0          0       2419   rt_memory.o
       512         20          0          0          0       2997   rt_mutex.o
        96         22          0          8          0       1230   rt_robin.o
       186         10          0          0          0       3102   rt_semaphore.o
       334         64          0          8          0       7387   rt_system.o
      1264        184          0          8         52      10563   rt_task.o
         6          0          0          4          0        684   rt_time.o
         4          4          0          0          0        200   svc_table.o
        90          0          0          0          0          0   __dczerorl2.o
         8          0          0          0          0         68   __main.o
         0          0          0          0          0          0   __rtentry.o
        20          0          0          0          0          0   __rtentry2.o
         6          0          0          0          0          0   __rtentry4.o
        52          8          0          0          0          0   __scatter.o
        28          0          0          0          0          0   __scatter_zi.o
        18          0          0          0          0         80   exit.o
         6          0          0          0          0        152   heapauxi.o
         0          0          0          0          0          0   indicate_semi.o
         2          0          0          0          0          0   libinit.o
         6          0          0          0          0          0   libinit2.o
         2          0          0          0          0          0   libshutdown.o
         2          0          0          0          0          0   libshutdown2.o
         8          4          0          0         96         68   libspace.o
        78          0          0          0          0         80   rt_memclr_w.o
       138          0          0          0          0         68   rt_memcpy_v6.o
       100          0          0          0          0         80   rt_memcpy_w.o
         2          0          0          0          0          0   rtexit.o
        10          0          0          0          0          0   rtexit2.o
       128          0          0          0          0         68   strcmpv7m.o
        62          0          0          0          0         76   strlen.o
        12          4          0          0          0         68   sys_exit.o
        74          0          0          0          0         80   sys_stackheap_outer.o
         2          0          0          0          0         68   use_no_semi.o
        10          0          0          0          0        116   fpinit.o

    ----------------------------------------------------------------------
      7234        652          0         40        200      98553   Library Totals
        26          0          0          3          4          0   (incl. Padding)

    ----------------------------------------------------------------------

      Code (inc. data)   RO Data    RW Data    ZI Data      Debug   Library Name

      6344        636          0         37        100      97481   RTX_CM4.lib
       854         16          0          0         96        956   c_w.l
        10          0          0          0          0        116   fz_wm.l

    ----------------------------------------------------------------------
      7234        652          0         40        200      98553   Library Totals

    ----------------------------------------------------------------------

==============================================================================


      Code (inc. data)   RO Data    RW Data    ZI Data      Debug   

     55632       2322     154064        480     255912     867770   Grand Totals
     55632       2322     154064        216     255912     867770   ELF Image Totals (compressed)
     55632       2322     154064        216          0          0   ROM Totals

==============================================================================

    Total RO  Size (Code + RO Data)               209696 ( 204.78kB)
    Total RW  Size (RW Data + ZI Data)            256392 ( 250.38kB)
    Total ROM Size (Code + RO Data + RW Data)     209912 ( 204.99kB)

==============================================================================

