Component: ARM Compiler 5.06 update 2 (build 183) Tool: armlink [4d35b7]

==============================================================================

Section Cross References

    main.o(i.HAL_GetTick) refers to rt_time.o(.data) for os_time
    main.o(i.SystemClock_Config) refers to stm32f4xx_hal_rcc_ex.o(i.HAL_RCC_OscConfig) for HAL_RCC_OscConfig
    main.o(i.SystemClock_Config) refers to stm32f4xx_hal_pwr_ex.o(i.HAL_PWREx_EnableOverDrive) for HAL_PWREx_EnableOverDrive
    main.o(i.SystemClock_Config) refers to stm32f4xx_hal_rcc.o(i.HAL_RCC_ClockConfig) for HAL_RCC_ClockConfig
    main.o(i.SystemClock_Config) refers to rt_memclr_w.o(.text) for __aeabi_memclr4
    main.o(i.SystemClock_Config) refers to stm32f4xx_hal_rcc_ex.o(i.HAL_RCCEx_GetPeriphCLKConfig) for HAL_RCCEx_GetPeriphCLKConfig
    main.o(i.SystemClock_Config) refers to stm32f4xx_hal_rcc_ex.o(i.HAL_RCCEx_PeriphCLKConfig) for HAL_RCCEx_PeriphCLKConfig
    main.o(i.main) refers to stm32f4xx_hal.o(i.HAL_Init) for HAL_Init
    main.o(i.main) refers to stm32469i_discovery_sdram.o(i.BSP_SDRAM_Init) for BSP_SDRAM_Init
    main.o(i.main) refers to main.o(i.SystemClock_Config) for SystemClock_Config
    main.o(i.main) refers to rt_cmsis.o(i.osKernelInitialize) for osKernelInitialize
    main.o(i.main) refers to rt_cmsis.o(i.osKernelStart) for osKernelStart
    main.o(i.main) refers to gfx_mk.o(i.gfxInit) for gfxInit
    main.o(i.main) refers to gfx_mk.o(i.geventListenerInit) for geventListenerInit
    main.o(i.main) refers to gfx_mk.o(i.gwinAttachListener) for gwinAttachListener
    main.o(i.main) refers to gui.o(i.guiCreate) for guiCreate
    main.o(i.main) refers to gui.o(i.guiEventLoop) for guiEventLoop
    main.o(i.main) refers to gui.o(.bss) for glistener
    gui.o(i.createPagePage0) refers to gfx_mk.o(i.gwinWidgetClearInit) for gwinWidgetClearInit
    gui.o(i.createPagePage0) refers to gfx_mk.o(i.gwinGContainerCreate) for gwinGContainerCreate
    gui.o(i.createPagePage0) refers to gfx_mk.o(i.gwinSetDefaultBgColor) for gwinSetDefaultBgColor
    gui.o(i.createPagePage0) refers to gfx_mk.o(i.gwinGWindowCreate) for gwinGWindowCreate
    gui.o(i.createPagePage0) refers to gfx_mk.o(i.gwinGLabelCreate) for gwinGLabelCreate
    gui.o(i.createPagePage0) refers to gfx_mk.o(i.gwinLabelSetBorder) for gwinLabelSetBorder
    gui.o(i.createPagePage0) refers to gfx_mk.o(i.gwinSetFont) for gwinSetFont
    gui.o(i.createPagePage0) refers to gfx_mk.o(i.gwinRedraw) for gwinRedraw
    gui.o(i.createPagePage0) refers to gfx_mk.o(.data) for GDISP
    gui.o(i.createPagePage0) refers to gui.o(.data) for ghContainerPage0
    gui.o(i.createPagePage0) refers to gfx_mk.o(i.gwinLabelDrawJustifiedLeft) for gwinLabelDrawJustifiedLeft
    gui.o(i.drawTile) refers to gfx_mk.o(i.gdispGGetWidth) for gdispGGetWidth
    gui.o(i.drawTile) refers to gfx_mk.o(i.gdispGGetHeight) for gdispGGetHeight
    gui.o(i.drawTile) refers to gfx_mk.o(i.gfileOpen) for gfileOpen
    gui.o(i.drawTile) refers to gfx_mk.o(i.gdispImageOpenGFile) for gdispImageOpenGFile
    gui.o(i.drawTile) refers to gfx_mk.o(i.gdispGImageDraw) for gdispGImageDraw
    gui.o(i.drawTile) refers to gfx_mk.o(i.gdispImageClose) for gdispImageClose
    gui.o(i.drawTile) refers to gfx_mk.o(.data) for GDISP
    gui.o(i.drawTile) refers to gui.o(.bss) for myImage
    gui.o(i.guiCreate) refers to gfx_mk.o(i.gdispOpenFont) for gdispOpenFont
    gui.o(i.guiCreate) refers to gfx_mk.o(i.gwinWidgetClearInit) for gwinWidgetClearInit
    gui.o(i.guiCreate) refers to gfx_mk.o(i.gwinSetDefaultFont) for gwinSetDefaultFont
    gui.o(i.guiCreate) refers to gfx_mk.o(i.gwinSetDefaultStyle) for gwinSetDefaultStyle
    gui.o(i.guiCreate) refers to gfx_mk.o(i.gwinSetDefaultColor) for gwinSetDefaultColor
    gui.o(i.guiCreate) refers to gfx_mk.o(i.gwinSetDefaultBgColor) for gwinSetDefaultBgColor
    gui.o(i.guiCreate) refers to gui.o(i.createPagePage0) for createPagePage0
    gui.o(i.guiCreate) refers to gui.o(i.guiShowPage) for guiShowPage
    gui.o(i.guiCreate) refers to gui.o(.data) for dejavu_sans_16
    gui.o(i.guiCreate) refers to gui.o(.constdata) for white
    gui.o(i.guiEventLoop) refers to rt_cmsis.o(i.osDelay) for osDelay
    gui.o(i.guiEventLoop) refers to gfx_mk.o(i.gwinClear) for gwinClear
    gui.o(i.guiEventLoop) refers to gfx_mk.o(i.gwinDrawBox) for gwinDrawBox
    gui.o(i.guiEventLoop) refers to gfx_mk.o(i.geventEventWait) for geventEventWait
    gui.o(i.guiEventLoop) refers to gui.o(.data) for ghMapWindow
    gui.o(i.guiEventLoop) refers to gui.o(.bss) for glistener
    gui.o(i.guiShowPage) refers to gfx_mk.o(i.gwinSetVisible) for gwinSetVisible
    gui.o(i.guiShowPage) refers to gui.o(.data) for ghContainerPage0
    gfx_mk.o(i.CalibrateMouse) refers to gfx_mk.o(i.gdispOpenFont) for gdispOpenFont
    gfx_mk.o(i.CalibrateMouse) refers to gfx_mk.o(i.gdispGGetWidth) for gdispGGetWidth
    gfx_mk.o(i.CalibrateMouse) refers to gfx_mk.o(i.gdispGGetHeight) for gdispGGetHeight
[...]
    gwinAttachListener                       0x0800a0fd   Thumb Code    16  gfx_mk.o(i.gwinAttachListener)
    gwinClear                                0x0800a111   Thumb Code    62  gfx_mk.o(i.gwinClear)
    gwinContainerDraw_Std                    0x0800a151   Thumb Code    58  gfx_mk.o(i.gwinContainerDraw_Std)
    gwinContainerDraw_Transparent            0x0800a191   Thumb Code    72  gfx_mk.o(i.gwinContainerDraw_Transparent)
    gwinDestroy                              0x0800a1dd   Thumb Code    14  gfx_mk.o(i.gwinDestroy)
    gwinDrawBox                              0x0800a1eb   Thumb Code    64  gfx_mk.o(i.gwinDrawBox)
    gwinGContainerCreate                     0x0800a22d   Thumb Code    54  gfx_mk.o(i.gwinGContainerCreate)
    gwinGLabelCreate                         0x0800a269   Thumb Code   138  gfx_mk.o(i.gwinGLabelCreate)
    gwinGWindowCreate                        0x0800a2f9   Thumb Code    42  gfx_mk.o(i.gwinGWindowCreate)
    gwinGetDefaultBgColor                    0x0800a329   Thumb Code     6  gfx_mk.o(i.gwinGetDefaultBgColor)
    gwinGetDefaultFont                       0x0800a335   Thumb Code     6  gfx_mk.o(i.gwinGetDefaultFont)
    gwinGetFirstChild                        0x0800a341   Thumb Code    40  gfx_mk.o(i.gwinGetFirstChild)
    gwinGetFocus                             0x0800a369   Thumb Code     6  gfx_mk.o(i.gwinGetFocus)
    gwinGetNextWindow                        0x0800a375   Thumb Code    14  gfx_mk.o(i.gwinGetNextWindow)
    gwinGetSibling                           0x0800a389   Thumb Code    42  gfx_mk.o(i.gwinGetSibling)
    gwinKeyboardDraw_Normal                  0x0800a3b5   Thumb Code  4322  gfx_mk.o(i.gwinKeyboardDraw_Normal)
    gwinLabelDrawJustifiedLeft               0x0800b5c5   Thumb Code    16  gfx_mk.o(i.gwinLabelDrawJustifiedLeft)
    gwinLabelSetBorder                       0x0800b5d5   Thumb Code    34  gfx_mk.o(i.gwinLabelSetBorder)
    gwinListDefaultDraw                      0x0800b5fd   Thumb Code   768  gfx_mk.o(i.gwinListDefaultDraw)
    gwinRedraw                               0x0800b901   Thumb Code    44  gfx_mk.o(i.gwinRedraw)
    gwinResize                               0x0800b931   Thumb Code    26  gfx_mk.o(i.gwinResize)
    gwinSetDefaultBgColor                    0x0800b951   Thumb Code     6  gfx_mk.o(i.gwinSetDefaultBgColor)
    gwinSetDefaultColor                      0x0800b95d   Thumb Code     6  gfx_mk.o(i.gwinSetDefaultColor)
    gwinSetDefaultFont                       0x0800b969   Thumb Code     6  gfx_mk.o(i.gwinSetDefaultFont)
    gwinSetDefaultStyle                      0x0800b975   Thumb Code    82  gfx_mk.o(i.gwinSetDefaultStyle)
    gwinSetFocus                             0x0800b9d1   Thumb Code    64  gfx_mk.o(i.gwinSetFocus)
    gwinSetFont                              0x0800ba19   Thumb Code     4  gfx_mk.o(i.gwinSetFont)
    gwinSetStyle                             0x0800ba1d   Thumb Code    46  gfx_mk.o(i.gwinSetStyle)
    gwinSetVisible                           0x0800ba51   Thumb Code    44  gfx_mk.o(i.gwinSetVisible)
    gwinSliderDraw_Std                       0x0800ba81   Thumb Code   660  gfx_mk.o(i.gwinSliderDraw_Std)
    gwinTexteditDefaultDraw                  0x0800bd19   Thumb Code   332  gfx_mk.o(i.gwinTexteditDefaultDraw)
    gwinWidgetClearInit                      0x0800be69   Thumb Code    20  gfx_mk.o(i.gwinWidgetClearInit)
    isrMessageGet                            0x0800bf23   Thumb Code    42  rt_cmsis.o(i.isrMessageGet)
    isrMessagePut                            0x0800bf4d   Thumb Code    44  rt_cmsis.o(i.isrMessagePut)
    isrSemaphoreRelease                      0x0800bf79   Thumb Code    40  rt_cmsis.o(i.isrSemaphoreRelease)
    isr_mbx_receive                          0x0800bfa1   Thumb Code    86  rt_mailbox.o(i.isr_mbx_receive)
    isr_mbx_send                             0x0800bff7   Thumb Code    14  rt_mailbox.o(i.isr_mbx_send)
    isr_sem_send                             0x0800c005   Thumb Code    16  rt_semaphore.o(i.isr_sem_send)
    main                                     0x0800c141   Thumb Code    50  main.o(i.main)
    mf_character_width                       0x0800c1c7   Thumb Code    32  gfx_mk.o(i.mf_character_width)
    mf_get_font_list                         0x0800c1e9   Thumb Code     4  gfx_mk.o(i.mf_get_font_list)
    mf_get_string_width                      0x0800c1f1   Thumb Code   104  gfx_mk.o(i.mf_get_string_width)
    mf_getchar                               0x0800c259   Thumb Code    22  gfx_mk.o(i.mf_getchar)
    mf_render_aligned                        0x0800c26f   Thumb Code   126  gfx_mk.o(i.mf_render_aligned)
    mf_render_character                      0x0800c2ed   Thumb Code    64  gfx_mk.o(i.mf_render_character)
    mf_rewind                                0x0800c32d   Thumb Code     8  gfx_mk.o(i.mf_rewind)
    mf_rlefont_character_width               0x0800c335   Thumb Code    26  gfx_mk.o(i.mf_rlefont_character_width)
    mf_rlefont_render_character              0x0800c34f   Thumb Code   112  gfx_mk.o(i.mf_rlefont_render_character)
    osDelay                                  0x0800c43d   Thumb Code    18  rt_cmsis.o(i.osDelay)
    osKernelInitialize                       0x0800c455   Thumb Code    30  rt_cmsis.o(i.osKernelInitialize)
    osKernelStart                            0x0800c479   Thumb Code    98  rt_cmsis.o(i.osKernelStart)
    osKernelSysTick                          0x0800c4e5   Thumb Code    18  rt_cmsis.o(i.osKernelSysTick)
    osMessageGet                             0x0800c4fd   Thumb Code    18  rt_cmsis.o(i.osMessageGet)
    osMutexCreate                            0x0800c515   Thumb Code    38  rt_cmsis.o(i.osMutexCreate)
    osMutexDelete                            0x0800c545   Thumb Code    18  rt_cmsis.o(i.osMutexDelete)
    osMutexRelease                           0x0800c55d   Thumb Code    18  rt_cmsis.o(i.osMutexRelease)
    osMutexWait                              0x0800c575   Thumb Code    18  rt_cmsis.o(i.osMutexWait)
    osSemaphoreCreate                        0x0800c58d   Thumb Code    38  rt_cmsis.o(i.osSemaphoreCreate)
    osSemaphoreRelease                       0x0800c5bd   Thumb Code    18  rt_cmsis.o(i.osSemaphoreRelease)
    osSemaphoreWait                          0x0800c5d5   Thumb Code    20  rt_cmsis.o(i.osSemaphoreWait)
    osThreadCreate                           0x0800c5ed   Thumb Code    38  rt_cmsis.o(i.osThreadCreate)
    osThreadExit                             0x0800c61d   Thumb Code    14  rt_cmsis.o(i.osThreadExit)
    osThreadYield                            0x0800c635   Thumb Code    18  rt_cmsis.o(i.osThreadYield)
    osTimerCall                              0x0800c64d   Thumb Code     8  rt_cmsis.o(i.osTimerCall)
    osTimerThread                            0x0800c659   Thumb Code    38  rt_cmsis.o(i.osTimerThread)
    os_error                                 0x0800c685   Thumb Code    32  rtx_conf_cm.o(i.os_error)
    os_idle_demon                            0x0800c6a5   Thumb Code     4  rtx_conf_cm.o(i.os_idle_demon)
    os_tick_init                             0x0800c6a9   Thumb Code    32  rt_system.o(i.os_tick_init)
    os_tick_irqack                           0x0800c6d1   Thumb Code     2  rt_system.o(i.os_tick_irqack)
    os_tick_ovf                              0x0800c6d5   Thumb Code    10  rt_system.o(i.os_tick_ovf)
    os_tick_val                              0x0800c6e5   Thumb Code    14  rt_system.o(i.os_tick_val)
    rt_alloc_box                             0x0800c881   Thumb Code    26  rt_membox.o(i.rt_alloc_box)
    rt_alloc_mem                             0x0800c89b   Thumb Code    62  rt_memory.o(i.rt_alloc_mem)
    rt_block                                 0x0800c8d9   Thumb Code    48  rt_task.o(i.rt_block)
    rt_chk_robin                             0x0800c911   Thumb Code    60  rt_robin.o(i.rt_chk_robin)
    rt_dec_dly                               0x0800c959   Thumb Code   102  rt_list.o(i.rt_dec_dly)
    rt_dispatch                              0x0800c9c9   Thumb Code    60  rt_task.o(i.rt_dispatch)
    rt_dly_wait                              0x0800ca0d   Thumb Code     6  rt_time.o(i.rt_dly_wait)
    rt_evt_psh                               0x0800ca15   Thumb Code    76  rt_event.o(i.rt_evt_psh)
    rt_free_box                              0x0800ca65   Thumb Code    44  rt_membox.o(i.rt_free_box)
    rt_free_mem                              0x0800ca91   Thumb Code    40  rt_memory.o(i.rt_free_mem)
    rt_get_first                             0x0800cab9   Thumb Code    40  rt_list.o(i.rt_get_first)
    rt_get_same_rdy_prio                     0x0800cae1   Thumb Code    26  rt_list.o(i.rt_get_same_rdy_prio)
    rt_init_mem                              0x0800cb55   Thumb Code    26  rt_memory.o(i.rt_init_mem)
    rt_init_robin                            0x0800cb71   Thumb Code    14  rt_robin.o(i.rt_init_robin)
    rt_init_stack                            0x0800cb89   Thumb Code   118  hal_cm.o(i.rt_init_stack)
    rt_mbx_check                             0x0800cc09   Thumb Code     8  rt_mailbox.o(i.rt_mbx_check)
    rt_mbx_init                              0x0800cc11   Thumb Code    26  rt_mailbox.o(i.rt_mbx_init)
    rt_mbx_psh                               0x0800cc2d   Thumb Code   236  rt_mailbox.o(i.rt_mbx_psh)
    rt_mbx_wait                              0x0800cd1d   Thumb Code   174  rt_mailbox.o(i.rt_mbx_wait)
    rt_mut_delete                            0x0800ce15   Thumb Code   168  rt_mutex.o(i.rt_mut_delete)
    rt_mut_init                              0x0800cec5   Thumb Code    16  rt_mutex.o(i.rt_mut_init)
    rt_mut_release                           0x0800ced5   Thumb Code   208  rt_mutex.o(i.rt_mut_release)
    rt_mut_wait                              0x0800cfad   Thumb Code   100  rt_mutex.o(i.rt_mut_wait)
    rt_pop_req                               0x0800d015   Thumb Code   112  rt_system.o(i.rt_pop_req)
    rt_psh_req                               0x0800d091   Thumb Code    22  rt_system.o(i.rt_psh_req)
    rt_psq_enq                               0x0800d0b1   Thumb Code    88  rt_list.o(i.rt_psq_enq)
    rt_put_dly                               0x0800d10d   Thumb Code    68  rt_list.o(i.rt_put_dly)
    rt_put_prio                              0x0800d155   Thumb Code    54  rt_list.o(i.rt_put_prio)
    rt_put_rdy_first                         0x0800d18d   Thumb Code    14  rt_list.o(i.rt_put_rdy_first)
    rt_resort_prio                           0x0800d1a1   Thumb Code    46  rt_list.o(i.rt_resort_prio)
    rt_ret_val                               0x0800d1e5   Thumb Code    12  hal_cm.o(i.rt_ret_val)
    rt_ret_val2                              0x0800d1f1   Thumb Code    16  hal_cm.o(i.rt_ret_val2)
    rt_rmv_dly                               0x0800d201   Thumb Code    40  rt_list.o(i.rt_rmv_dly)
    rt_rmv_list                              0x0800d229   Thumb Code    44  rt_list.o(i.rt_rmv_list)
    rt_sem_init                              0x0800d259   Thumb Code    12  rt_semaphore.o(i.rt_sem_init)
    rt_sem_psh                               0x0800d265   Thumb Code    48  rt_semaphore.o(i.rt_sem_psh)
    rt_sem_send                              0x0800d299   Thumb Code    42  rt_semaphore.o(i.rt_sem_send)
    rt_sem_wait                              0x0800d2c5   Thumb Code    58  rt_semaphore.o(i.rt_sem_wait)
    rt_stk_check                             0x0800d305   Thumb Code    28  rt_system.o(i.rt_stk_check)
    rt_switch_req                            0x0800d329   Thumb Code    30  rt_task.o(i.rt_switch_req)
    rt_sys_init                              0x0800d351   Thumb Code   138  rt_task.o(i.rt_sys_init)
    rt_sys_start                             0x0800d41d   Thumb Code   110  rt_task.o(i.rt_sys_start)
    rt_systick                               0x0800d495   Thumb Code    50  rt_system.o(i.rt_systick)
    rt_tsk_create                            0x0800d51d   Thumb Code   118  rt_task.o(i.rt_tsk_create)
    rt_tsk_delete                            0x0800d5a5   Thumb Code   352  rt_task.o(i.rt_tsk_delete)
    rt_tsk_pass                              0x0800d721   Thumb Code    38  rt_task.o(i.rt_tsk_pass)
    rt_tsk_prio                              0x0800d751   Thumb Code   108  rt_task.o(i.rt_tsk_prio)
    rt_tsk_self                              0x0800d7cd   Thumb Code    12  rt_task.o(i.rt_tsk_self)
    svcDelay                                 0x0800d8a7   Thumb Code    18  rt_cmsis.o(i.svcDelay)
    svcKernelInitialize                      0x0800d8b9   Thumb Code    80  rt_cmsis.o(i.svcKernelInitialize)
    svcKernelStart                           0x0800d929   Thumb Code    62  rt_cmsis.o(i.svcKernelStart)
    svcKernelSysTick                         0x0800d971   Thumb Code    46  rt_cmsis.o(i.svcKernelSysTick)
    svcMessageCreate                         0x0800d9a9   Thumb Code    36  rt_cmsis.o(i.svcMessageCreate)
    svcMessageGet                            0x0800d9cd   Thumb Code    58  rt_cmsis.o(i.svcMessageGet)
    svcMutexCreate                           0x0800da07   Thumb Code    28  rt_cmsis.o(i.svcMutexCreate)
    svcMutexDelete                           0x0800da23   Thumb Code    26  rt_cmsis.o(i.svcMutexDelete)
    svcMutexRelease                          0x0800da3d   Thumb Code    34  rt_cmsis.o(i.svcMutexRelease)
    svcMutexWait                             0x0800da5f   Thumb Code    54  rt_cmsis.o(i.svcMutexWait)
    svcSemaphoreCreate                       0x0800da95   Thumb Code    36  rt_cmsis.o(i.svcSemaphoreCreate)
    svcSemaphoreRelease                      0x0800dab9   Thumb Code    40  rt_cmsis.o(i.svcSemaphoreRelease)
    svcSemaphoreWait                         0x0800dae1   Thumb Code    50  rt_cmsis.o(i.svcSemaphoreWait)
    svcThreadCreate                          0x0800db15   Thumb Code   100  rt_cmsis.o(i.svcThreadCreate)
    svcThreadGetId                           0x0800db85   Thumb Code    22  rt_cmsis.o(i.svcThreadGetId)
    svcThreadTerminate                       0x0800dba1   Thumb Code    50  rt_cmsis.o(i.svcThreadTerminate)
    svcThreadYield                           0x0800dbd9   Thumb Code    10  rt_cmsis.o(i.svcThreadYield)
    svcTimerCall                             0x0800dbe3   Thumb Code    24  rt_cmsis.o(i.svcTimerCall)
    sysTimerTick                             0x0800dbfd   Thumb Code    84  rt_cmsis.o(i.sysTimerTick)
    _fp_init                                 0x0800df2f   Thumb Code    10  fpinit.o(x$fpl$fpinit)
    __fplib_config_fpu_vfp                   0x0800df37   Thumb Code     0  fpinit.o(x$fpl$fpinit)
    __fplib_config_pureend_doubles           0x0800df37   Thumb Code     0  fpinit.o(x$fpl$fpinit)
    white                                    0x0800df38   Data          56  gui.o(.constdata)
    black                                    0x0800df70   Data          56  gui.o(.constdata)
    mf_rlefont_DejaVuSans20_aa               0x0800f31c   Data          48  gfx_mk.o(.constdata)
    WhiteWidgetStyle                         0x0800f368   Data          56  gfx_mk.o(.constdata)
    BlackWidgetStyle                         0x0800f3a0   Data          56  gfx_mk.o(.constdata)
    GNullWindowManager                       0x0800f3fc   Data           4  gfx_mk.o(.constdata)
    VirtualKeyboard_English1                 0x0800f580   Data           8  gfx_mk.o(.constdata)
    FsROMVMT                                 0x0802f650   Data          60  gfx_mk.o(.constdata)
    GDISPVMT_OnlyOne                         0x0802f68c   Data          96  gdisp_lld_stm32ltdc.o(.constdata)
    GMOUSEVMT_OnlyOne                        0x0802f6ec   Data          60  gmouse_lld_ft6x06.o(.constdata)
    lcdRegData1                              0x0802f728   Data           4  otm8009a.o(.constdata)
    lcdRegData2                              0x0802f72c   Data           3  otm8009a.o(.constdata)
    lcdRegData3                              0x0802f72f   Data          17  otm8009a.o(.constdata)
    lcdRegData4                              0x0802f740   Data          17  otm8009a.o(.constdata)
    lcdRegData5                              0x0802f751   Data           3  otm8009a.o(.constdata)
    lcdRegData6                              0x0802f754   Data           3  otm8009a.o(.constdata)
    lcdRegData7                              0x0802f757   Data           7  otm8009a.o(.constdata)
    lcdRegData8                              0x0802f75e   Data          15  otm8009a.o(.constdata)
    lcdRegData9                              0x0802f76d   Data          15  otm8009a.o(.constdata)
    lcdRegData10                             0x0802f77c   Data          11  otm8009a.o(.constdata)
    lcdRegData11                             0x0802f787   Data          11  otm8009a.o(.constdata)
    lcdRegData12                             0x0802f792   Data          16  otm8009a.o(.constdata)
    lcdRegData13                             0x0802f7a2   Data          16  otm8009a.o(.constdata)
    lcdRegData14                             0x0802f7b2   Data          11  otm8009a.o(.constdata)
    lcdRegData15                             0x0802f7bd   Data          16  otm8009a.o(.constdata)
    lcdRegData16                             0x0802f7cd   Data          16  otm8009a.o(.constdata)
    lcdRegData17                             0x0802f7dd   Data          11  otm8009a.o(.constdata)
    lcdRegData18                             0x0802f7e8   Data          11  otm8009a.o(.constdata)
    lcdRegData19                             0x0802f7f3   Data          11  otm8009a.o(.constdata)
    lcdRegData20                             0x0802f7fe   Data          16  otm8009a.o(.constdata)
    lcdRegData21                             0x0802f80e   Data          16  otm8009a.o(.constdata)
    lcdRegData22                             0x0802f81e   Data          11  otm8009a.o(.constdata)
    lcdRegData23                             0x0802f829   Data          16  otm8009a.o(.constdata)
    lcdRegData24                             0x0802f839   Data          16  otm8009a.o(.constdata)
    lcdRegData25                             0x0802f849   Data           4  otm8009a.o(.constdata)
    lcdRegData27                             0x0802f84d   Data           5  otm8009a.o(.constdata)
    lcdRegData28                             0x0802f852   Data           5  otm8009a.o(.constdata)
    ShortRegData1                            0x0802f857   Data           2  otm8009a.o(.constdata)
    ShortRegData2                            0x0802f859   Data           2  otm8009a.o(.constdata)
    ShortRegData3                            0x0802f85b   Data           2  otm8009a.o(.constdata)
    ShortRegData4                            0x0802f85d   Data           2  otm8009a.o(.constdata)
    ShortRegData5                            0x0802f85f   Data           2  otm8009a.o(.constdata)
    ShortRegData6                            0x0802f861   Data           2  otm8009a.o(.constdata)
    ShortRegData7                            0x0802f863   Data           2  otm8009a.o(.constdata)
    ShortRegData8                            0x0802f865   Data           2  otm8009a.o(.constdata)
    ShortRegData9                            0x0802f867   Data           2  otm8009a.o(.constdata)
    ShortRegData10                           0x0802f869   Data           2  otm8009a.o(.constdata)
    ShortRegData11                           0x0802f86b   Data           2  otm8009a.o(.constdata)
    ShortRegData12                           0x0802f86d   Data           2  otm8009a.o(.constdata)
    ShortRegData13                           0x0802f86f   Data           2  otm8009a.o(.constdata)
    ShortRegData14                           0x0802f871   Data           2  otm8009a.o(.constdata)
    ShortRegData15                           0x0802f873   Data           2  otm8009a.o(.constdata)
    ShortRegData16                           0x0802f875   Data           2  otm8009a.o(.constdata)
    ShortRegData17                           0x0802f877   Data           2  otm8009a.o(.constdata)
    ShortRegData18                           0x0802f879   Data           2  otm8009a.o(.constdata)
    ShortRegData19                           0x0802f87b   Data           2  otm8009a.o(.constdata)
    ShortRegData20                           0x0802f87d   Data           2  otm8009a.o(.constdata)
    ShortRegData21                           0x0802f87f   Data           2  otm8009a.o(.constdata)
    ShortRegData22                           0x0802f881   Data           2  otm8009a.o(.constdata)
    ShortRegData23                           0x0802f883   Data           2  otm8009a.o(.constdata)
    ShortRegData24                           0x0802f885   Data           2  otm8009a.o(.constdata)
    ShortRegData25                           0x0802f887   Data           2  otm8009a.o(.constdata)
    ShortRegData26                           0x0802f889   Data           2  otm8009a.o(.constdata)
    ShortRegData27                           0x0802f88b   Data           2  otm8009a.o(.constdata)
    ShortRegData28                           0x0802f88d   Data           2  otm8009a.o(.constdata)
    ShortRegData29                           0x0802f88f   Data           2  otm8009a.o(.constdata)
    ShortRegData30                           0x0802f891   Data           2  otm8009a.o(.constdata)
    ShortRegData31                           0x0802f893   Data           2  otm8009a.o(.constdata)
    ShortRegData32                           0x0802f895   Data           2  otm8009a.o(.constdata)
    ShortRegData33                           0x0802f897   Data           2  otm8009a.o(.constdata)
    ShortRegData34                           0x0802f899   Data           2  otm8009a.o(.constdata)
    ShortRegData35                           0x0802f89b   Data           2  otm8009a.o(.constdata)
    ShortRegData36                           0x0802f89d   Data           2  otm8009a.o(.constdata)
    ShortRegData37                           0x0802f89f   Data           2  otm8009a.o(.constdata)
    ShortRegData38                           0x0802f8a1   Data           2  otm8009a.o(.constdata)
    ShortRegData39                           0x0802f8a3   Data           2  otm8009a.o(.constdata)
    ShortRegData40                           0x0802f8a5   Data           2  otm8009a.o(.constdata)
    ShortRegData41                           0x0802f8a7   Data           2  otm8009a.o(.constdata)
    ShortRegData42                           0x0802f8a9   Data           2  otm8009a.o(.constdata)
    ShortRegData43                           0x0802f8ab   Data           2  otm8009a.o(.constdata)
    ShortRegData44                           0x0802f8ad   Data           2  otm8009a.o(.constdata)
    ShortRegData45                           0x0802f8af   Data           2  otm8009a.o(.constdata)
    ShortRegData46                           0x0802f8b1   Data           2  otm8009a.o(.constdata)
    ShortRegData47                           0x0802f8b3   Data           2  otm8009a.o(.constdata)
    ShortRegData48                           0x0802f8b5   Data           2  otm8009a.o(.constdata)
    ShortRegData49                           0x0802f8b7   Data           2  otm8009a.o(.constdata)
    Font24_Table                             0x0802f8b9   Data        6840  stm32469i_discovery_lcd.o(.constdata)
    Font20_Table                             0x08031371   Data        3800  stm32469i_discovery_lcd.o(.constdata)
    Font16_Table                             0x08032249   Data        3040  stm32469i_discovery_lcd.o(.constdata)
    Font12_Table                             0x08032e29   Data        1140  stm32469i_discovery_lcd.o(.constdata)
    Font8_Table                              0x0803329d   Data         760  stm32469i_discovery_lcd.o(.constdata)
    os_maxtaskrun                            0x08033598   Data           2  rtx_conf_cm.o(.constdata)
    os_stackinfo                             0x0803359c   Data           4  rtx_conf_cm.o(.constdata)
    os_rrobin                                0x080335a0   Data           4  rtx_conf_cm.o(.constdata)
    os_tickfreq                              0x080335a4   Data           4  rtx_conf_cm.o(.constdata)
    os_tickus_i                              0x080335a8   Data           2  rtx_conf_cm.o(.constdata)
    os_tickus_f                              0x080335aa   Data           2  rtx_conf_cm.o(.constdata)
    os_trv                                   0x080335ac   Data           4  rtx_conf_cm.o(.constdata)
    os_flags                                 0x080335b0   Data           1  rtx_conf_cm.o(.constdata)
    CMSIS_RTOS_API_Version                   0x080335b4   Data           4  rtx_conf_cm.o(.constdata)
    CMSIS_RTOS_RTX_Version                   0x080335b8   Data           4  rtx_conf_cm.o(.constdata)
    os_clockrate                             0x080335bc   Data           4  rtx_conf_cm.o(.constdata)
    os_timernum                              0x080335c0   Data           4  rtx_conf_cm.o(.constdata)
    mp_tcb_size                              0x080335c4   Data           2  rtx_conf_cm.o(.constdata)
    mp_stk_size                              0x080335c8   Data           4  rtx_conf_cm.o(.constdata)
    os_stack_sz                              0x080335cc   Data           4  rtx_conf_cm.o(.constdata)
    os_fifo_size                             0x080335d0   Data           1  rtx_conf_cm.o(.constdata)
    os_thread_def_osTimerThread              0x080335d4   Data          16  rtx_conf_cm.o(.constdata)
    os_messageQ_def_osTimerMessageQ          0x080335e4   Data           8  rtx_conf_cm.o(.constdata)
    mp_tmr_size                              0x080335ec   Data           2  rtx_conf_cm.o(.constdata)
    os_thread_def_main                       0x080335f0   Data          16  rtx_conf_cm.o(.constdata)
    APBAHBPrescTable                         0x08033608   Data          16  stm32f4xx_hal_rcc.o(.constdata)
    Region$$Table$$Base                      0x080337a4   Number         0  anon$$obj.o(Region$$Table)
    Region$$Table$$Limit                     0x080337c4   Number         0  anon$$obj.o(Region$$Table)
    ghContainerPage0                         0x20000000   Data           4  gui.o(.data)
    ghKeyboard1                              0x20000004   Data           4  gui.o(.data)
    ghLabel1                                 0x20000008   Data           4  gui.o(.data)
    ghLabel2                                 0x2000000c   Data           4  gui.o(.data)
    ghLabel3                                 0x20000010   Data           4  gui.o(.data)
    ghMapWindow                              0x20000014   Data           4  gui.o(.data)
    dejavu_sans_16                           0x20000018   Data           4  gui.o(.data)
    dejavu_sans_10                           0x2000001c   Data           4  gui.o(.data)
    dejavu_sans_32_anti_aliased              0x20000020   Data           4  gui.o(.data)
    dejavu_sans_12_anti_aliased              0x20000024   Data           4  gui.o(.data)
    result                                   0x20000028   Data           2  gui.o(.data)
    x                                        0x2000002c   Data           4  gui.o(.data)
    y                                        0x20000030   Data           4  gui.o(.data)
    GDISP                                    0x20000054   Data           4  gfx_mk.o(.data)
    _GWINwm                                  0x20000090   Data           4  gfx_mk.o(.data)
    _gwinFlashState                          0x20000094   Data           1  gfx_mk.o(.data)
    gfileStdIn                               0x20000114   Data           4  gfx_mk.o(.data)
    gfileStdOut                              0x20000118   Data           4  gfx_mk.o(.data)
    gfileStdErr                              0x2000011c   Data           4  gfx_mk.o(.data)
    ft6x06_ts_drv                            0x20000124   Data          40  ft6x06.o(.data)
    ft6x06                                   0x2000014c   Data           2  ft6x06.o(.data)
    Font24                                   0x20000154   Data           8  stm32469i_discovery_lcd.o(.data)
    Font20                                   0x2000015c   Data           8  stm32469i_discovery_lcd.o(.data)
    Font16                                   0x20000164   Data           8  stm32469i_discovery_lcd.o(.data)
    Font12                                   0x2000016c   Data           8  stm32469i_discovery_lcd.o(.data)
    Font8                                    0x20000174   Data           8  stm32469i_discovery_lcd.o(.data)
    lcd_x_size                               0x2000017c   Data           4  stm32469i_discovery_lcd.o(.data)
    lcd_y_size                               0x20000180   Data           4  stm32469i_discovery_lcd.o(.data)
    ts_event_string_tab                      0x20000194   Data          16  stm32469i_discovery_ts.o(.data)
    ts_gesture_id_string_tab                 0x200001a4   Data          28  stm32469i_discovery_ts.o(.data)
    osThreadId_osTimerThread                 0x200001d0   Data           4  rtx_conf_cm.o(.data)
    osMessageQId_osTimerMessageQ             0x200001d4   Data           4  rtx_conf_cm.o(.data)
    os_tmr                                   0x200001d8   Data           4  rtx_conf_cm.o(.data)
    m_tmr                                    0x200001dc   Data           4  rtx_conf_cm.o(.data)
    SystemCoreClock                          0x200001e4   Data           4  system_stm32f4xx.o(.data)
    os_initialized                           0x200001e8   Data           1  rt_cmsis.o(.data)
    os_running                               0x200001e9   Data           1  rt_cmsis.o(.data)
    os_timer_head                            0x200001ec   Data           4  rt_cmsis.o(.data)
    os_tsk                                   0x200001f0   Data           8  rt_task.o(.data)
    os_time                                  0x200001f8   Data           4  rt_time.o(.data)
    os_tick_irqn                             0x20000200   Data           4  rt_system.o(.data)
    os_robin                                 0x20000204   Data           8  rt_robin.o(.data)
    dbg_msg                                  0x2000020c   Data           1  hal_cm.o(.data)
    glistener                                0x20000210   Data          60  gui.o(.bss)
    hdma2d_eval                              0x20005640   Data          64  stm32469i_discovery_lcd.o(.bss)
    hltdc_eval                               0x20005680   Data         168  stm32469i_discovery_lcd.o(.bss)
    hdsi_eval                                0x20005728   Data          28  stm32469i_discovery_lcd.o(.bss)
    mp_tcb                                   0x200058b8   Data         480  rtx_conf_cm.o(.bss)
    mp_stk                                   0x20005a98   Data       49168  rtx_conf_cm.o(.bss)
    os_stack_mem                             0x20011aa8   Data       181096  rtx_conf_cm.o(.bss)
    os_fifo                                  0x2003de10   Data         164  rtx_conf_cm.o(.bss)
    os_active_TCB                            0x2003deb4   Data          36  rtx_conf_cm.o(.bss)
    os_messageQ_q_osTimerMessageQ            0x2003ded8   Data          48  rtx_conf_cm.o(.bss)
    os_idle_TCB                              0x2003e328   Data          52  rt_task.o(.bss)
    os_rdy                                   0x2003e35c   Data          24  rt_list.o(.bss)
    os_dly                                   0x2003e374   Data          24  rt_list.o(.bss)
    __libspace_start                         0x2003e38c   Data          96  libspace.o(.bss)
    __temporary_stack_top$libspace           0x2003e3ec   Data           0  libspace.o(.bss)



==============================================================================

Memory Map of the image

  Image Entry point : 0x080001b5

  Load Region LR_IROM1 (Base: 0x08000000, Size: 0x000339d4, Max: 0x00200000, ABSOLUTE, COMPRESSED[0x000338a0])

    Execution Region ER_IROM1 (Base: 0x08000000, Size: 0x000337c4, Max: 0x00200000, ABSOLUTE)

    Base Addr    Size         Type   Attr      Idx    E Section Name        Object

    0x08000000   0x000001b4   Data   RO         6625    RESET               startup_stm32f469xx.o
    0x080001b4   0x00000008   Code   RO         7911  * !!!main             c_w.l(__main.o)
    0x080001bc   0x00000034   Code   RO         8076    !!!scatter          c_w.l(__scatter.o)
    0x080001f0   0x0000005a   Code   RO         8074    !!dczerorl2         c_w.l(__dczerorl2.o)
    0x0800024a   0x00000002   PAD
    0x0800024c   0x0000001c   Code   RO         8078    !!handler_zi        c_w.l(__scatter_zi.o)
    0x08000268   0x00000002   Code   RO         7960    .ARM.Collect$$libinit$$00000000  c_w.l(libinit.o)
    0x0800026a   0x00000004   Code   RO         7971    .ARM.Collect$$libinit$$00000001  c_w.l(libinit2.o)
    0x0800026e   0x00000000   Code   RO         7974    .ARM.Collect$$libinit$$00000004  c_w.l(libinit2.o)
    0x0800026e   0x00000000   Code   RO         7977    .ARM.Collect$$libinit$$0000000A  c_w.l(libinit2.o)
    0x0800026e   0x00000000   Code   RO         7979    .ARM.Collect$$libinit$$0000000C  c_w.l(libinit2.o)
    0x0800026e   0x00000000   Code   RO         7981    .ARM.Collect$$libinit$$0000000E  c_w.l(libinit2.o)
    0x0800026e   0x00000000   Code   RO         7984    .ARM.Collect$$libinit$$00000011  c_w.l(libinit2.o)
    0x0800026e   0x00000000   Code   RO         7986    .ARM.Collect$$libinit$$00000013  c_w.l(libinit2.o)
    0x0800026e   0x00000000   Code   RO         7988    .ARM.Collect$$libinit$$00000015  c_w.l(libinit2.o)
    0x0800026e   0x00000000   Code   RO         7990    .ARM.Collect$$libinit$$00000017  c_w.l(libinit2.o)
    0x0800026e   0x00000000   Code   RO         7992    .ARM.Collect$$libinit$$00000019  c_w.l(libinit2.o)
    0x0800026e   0x00000000   Code   RO         7994    .ARM.Collect$$libinit$$0000001B  c_w.l(libinit2.o)
    0x0800026e   0x00000000   Code   RO         7996    .ARM.Collect$$libinit$$0000001D  c_w.l(libinit2.o)
    0x0800026e   0x00000000   Code   RO         7998    .ARM.Collect$$libinit$$0000001F  c_w.l(libinit2.o)
    0x0800026e   0x00000000   Code   RO         8000    .ARM.Collect$$libinit$$00000021  c_w.l(libinit2.o)
    0x0800026e   0x00000000   Code   RO         8002    .ARM.Collect$$libinit$$00000023  c_w.l(libinit2.o)
    0x0800026e   0x00000000   Code   RO         8004    .ARM.Collect$$libinit$$00000025  c_w.l(libinit2.o)
    0x0800026e   0x00000000   Code   RO         8008    .ARM.Collect$$libinit$$0000002C  c_w.l(libinit2.o)
    0x0800026e   0x00000000   Code   RO         8010    .ARM.Collect$$libinit$$0000002E  c_w.l(libinit2.o)
    0x0800026e   0x00000000   Code   RO         8012    .ARM.Collect$$libinit$$00000030  c_w.l(libinit2.o)
    0x0800026e   0x00000000   Code   RO         8014    .ARM.Collect$$libinit$$00000032  c_w.l(libinit2.o)
    0x0800026e   0x00000002   Code   RO         8015    .ARM.Collect$$libinit$$00000033  c_w.l(libinit2.o)
    0x08000270   0x00000002   Code   RO         7961    .ARM.Collect$$libshutdown$$00000000  c_w.l(libshutdown.o)
    0x08000272   0x00000000   Code   RO         8017    .ARM.Collect$$libshutdown$$00000002  c_w.l(libshutdown2.o)
    0x08000272   0x00000000   Code   RO         8019    .ARM.Collect$$libshutdown$$00000004  c_w.l(libshutdown2.o)
    0x08000272   0x00000000   Code   RO         8022    .ARM.Collect$$libshutdown$$00000007  c_w.l(libshutdown2.o)
    0x08000272   0x00000000   Code   RO         8025    .ARM.Collect$$libshutdown$$0000000A  c_w.l(libshutdown2.o)
    0x08000272   0x00000000   Code   RO         8027    .ARM.Collect$$libshutdown$$0000000C  c_w.l(libshutdown2.o)
    0x08000272   0x00000000   Code   RO         8030    .ARM.Collect$$libshutdown$$0000000F  c_w.l(libshutdown2.o)
    0x08000272   0x00000002   Code   RO         8031    .ARM.Collect$$libshutdown$$00000010  c_w.l(libshutdown2.o)
    0x08000274   0x00000000   Code   RO         7913    .ARM.Collect$$rtentry$$00000000  c_w.l(__rtentry.o)
    0x08000274   0x00000000   Code   RO         7923    .ARM.Collect$$rtentry$$00000002  c_w.l(__rtentry2.o)
    0x08000274   0x00000006   Code   RO         7935    .ARM.Collect$$rtentry$$00000004  c_w.l(__rtentry4.o)
    0x0800027a   0x00000000   Code   RO         7925    .ARM.Collect$$rtentry$$00000009  c_w.l(__rtentry2.o)
    0x0800027a   0x00000004   Code   RO         7926    .ARM.Collect$$rtentry$$0000000A  c_w.l(__rtentry2.o)
    0x0800027e   0x00000008   Code   RO         7927    .ARM.Collect$$rtentry$$0000000B  c_w.l(__rtentry2.o)
    0x08000286   0x00000008   Code   RO         7929    .ARM.Collect$$rtentry$$0000000D  c_w.l(__rtentry2.o)
    0x0800028e   0x00000002   Code   RO         7914    .ARM.Collect$$rtexit$$00000000  c_w.l(rtexit.o)
    0x08000290   0x00000000   Code   RO         7938    .ARM.Collect$$rtexit$$00000002  c_w.l(rtexit2.o)
    0x08000290   0x00000004   Code   RO         7939    .ARM.Collect$$rtexit$$00000003  c_w.l(rtexit2.o)
    0x08000294   0x00000006   Code   RO         7940    .ARM.Collect$$rtexit$$00000004  c_w.l(rtexit2.o)
    0x0800029a   0x00000002   PAD
    0x0800029c   0x0000001c   Code   RO         4174    .emb_text           rtx_conf_cm.o
    0x080002b8   0x00000198   Code   RO         7873    .emb_text           RTX_CM4.lib(hal_cm4.o)
    0x08000450   0x00000040   Code   RO         6626    .text               startup_stm32f469xx.o
    0x08000490   0x00000008   Code   RO         7888    .text               c_w.l(libspace.o)
    0x08000498   0x00000012   Code   RO         7893    .text               c_w.l(exit.o)
    0x080004aa   0x0000003e   Code   RO         7897    .text               c_w.l(strlen.o)
    0x080004e8   0x0000008a   Code   RO         7899    .text               c_w.l(rt_memcpy_v6.o)
    0x08000572   0x00000064   Code   RO         7901    .text               c_w.l(rt_memcpy_w.o)
    0x080005d6   0x0000004e   Code   RO         7903    .text               c_w.l(rt_memclr_w.o)
    0x08000624   0x00000080   Code   RO         7907    .text               c_w.l(strcmpv7m.o)
    0x080006a4   0x00000006   Code   RO         7909    .text               c_w.l(heapauxi.o)
    0x080006aa   0x00000002   PAD
    0x080006ac   0x0000000c   Code   RO         7946    .text               c_w.l(sys_exit.o)
    0x080006b8   0x0000004a   Code   RO         7948    .text               c_w.l(sys_stackheap_outer.o)
    0x08000702   0x00000002   Code   RO         7962    .text               c_w.l(use_no_semi.o)
    0x08000704   0x00000000   Code   RO         7964    .text               c_w.l(indicate_semi.o)
    0x08000704   0x00000004   Code   RO         7883    SVC_TABLE           RTX_CM4.lib(svc_table.o)
    0x08000708   0x00000040   Code   RO         3662    i.BSP_LCD_Clear     stm32469i_discovery_lcd.o
    0x08000748   0x00000020   Code   RO         3667    i.BSP_LCD_DisplayOff  stm32469i_discovery_lcd.o
    0x08000768   0x00000020   Code   RO         3668    i.BSP_LCD_DisplayOn  stm32469i_discovery_lcd.o
    0x08000788   0x00000030   Code   RO         3676    i.BSP_LCD_DrawPixel  stm32469i_discovery_lcd.o
    0x080007b8   0x0000007c   Code   RO         3683    i.BSP_LCD_FillRect  stm32469i_discovery_lcd.o
    0x08000834   0x0000000c   Code   RO         3687    i.BSP_LCD_GetXSize  stm32469i_discovery_lcd.o
    0x08000840   0x0000000c   Code   RO         3688    i.BSP_LCD_GetYSize  stm32469i_discovery_lcd.o
    0x0800084c   0x000001dc   Code   RO         3690    i.BSP_LCD_InitEx    stm32469i_discovery_lcd.o
    0x08000a28   0x00000090   Code   RO         3693    i.BSP_LCD_LayerDefaultInit  stm32469i_discovery_lcd.o
    0x08000ab8   0x000000ec   Code   RO         3695    i.BSP_LCD_MspInit   stm32469i_discovery_lcd.o
    0x08000ba4   0x00000114   Code   RO         3696    i.BSP_LCD_ReadPixel  stm32469i_discovery_lcd.o
    0x08000cb8   0x00000068   Code   RO         3697    i.BSP_LCD_Reset     stm32469i_discovery_lcd.o
    0x08000d20   0x0000000c   Code   RO         3699    i.BSP_LCD_SelectLayer  stm32469i_discovery_lcd.o
    0x08000d2c   0x0000001c   Code   RO         3702    i.BSP_LCD_SetFont   stm32469i_discovery_lcd.o
    0x08000d48   0x00000050   Code   RO         3704    i.BSP_LCD_SetLayerVisible  stm32469i_discovery_lcd.o
    0x08000d98   0x00000018   Code   RO         3706    i.BSP_LCD_SetTextColor  stm32469i_discovery_lcd.o
    0x08000db0   0x0000008c   Code   RO         4028    i.BSP_SDRAM_Init    stm32469i_discovery_sdram.o
    0x08000e3c   0x00000098   Code   RO         4029    i.BSP_SDRAM_Initialization_sequence  stm32469i_discovery_sdram.o
    0x08000ed4   0x00000220   Code   RO         4031    i.BSP_SDRAM_MspInit  stm32469i_discovery_sdram.o
    0x080010f4   0x0000014c   Code   RO         4113    i.BSP_TS_GetState   stm32469i_discovery_ts.o
    0x08001240   0x00000070   Code   RO         4116    i.BSP_TS_Init       stm32469i_discovery_ts.o
    0x080012b0   0x000003cc   Code   RO          434    i.CalibrateMouse    gfx_mk.o
    0x0800167c   0x00000438   Code   RO          435    i.CalibrationCalculate  gfx_mk.o
    0x08001ab4   0x000001b0   Code   RO          436    i.CalibrationCrossDraw  gfx_mk.o
    0x08001c64   0x0000007c   Code   RO          437    i.CalibrationTransform  gfx_mk.o
    0x08001ce0   0x00000012   Code   RO          438    i.ContainerBorderSize  gfx_mk.o
    0x08001cf2   0x00000002   PAD
    0x08001cf4   0x00000108   Code   RO         4628    i.DMA2D_SetConfig   stm32f4xx_hal_dma2d.o
    0x08001dfc   0x00000034   Code   RO         4522    i.DMA_CalcBaseAndBitshift  stm32f4xx_hal_dma.o
    0x08001e30   0x000000ba   Code   RO         4523    i.DMA_CheckFifoParam  stm32f4xx_hal_dma.o
    0x08001eea   0x00000014   Code   RO         4866    i.DSI_ConfigPacketHeader  stm32f4xx_hal_dsi.o
    0x08001efe   0x00000002   PAD
    0x08001f00   0x00000034   Code   RO         3710    i.DSI_IO_WriteCmd   stm32469i_discovery_lcd.o
    0x08001f34   0x00000074   Code   RO         6491    i.FMC_SDRAM_Init    stm32f4xx_ll_fmc.o
    0x08001fa8   0x0000000e   Code   RO         6492    i.FMC_SDRAM_ProgramRefreshRate  stm32f4xx_ll_fmc.o
    0x08001fb6   0x00000052   Code   RO         6493    i.FMC_SDRAM_SendCommand  stm32f4xx_ll_fmc.o
    0x08002008   0x0000009c   Code   RO         6495    i.FMC_SDRAM_Timing_Init  stm32f4xx_ll_fmc.o
    0x080020a4   0x00000124   Code   RO          439    i.GTimerThreadHandler  gfx_mk.o
    0x080021c8   0x00000418   Code   RO          440    i.GetMouseReading   gfx_mk.o
    0x080025e0   0x00000100   Code   RO         4640    i.HAL_DMA2D_ConfigLayer  stm32f4xx_hal_dma2d.o
    0x080026e0   0x00000060   Code   RO         4648    i.HAL_DMA2D_Init    stm32f4xx_hal_dma2d.o
    0x08002740   0x00000002   Code   RO         4651    i.HAL_DMA2D_MspInit  stm32f4xx_hal_dma2d.o
    0x08002742   0x00000168   Code   RO         4652    i.HAL_DMA2D_PollForTransfer  stm32f4xx_hal_dma2d.o
    0x080028aa   0x0000004e   Code   RO         4655    i.HAL_DMA2D_Start   stm32f4xx_hal_dma2d.o
    0x080028f8   0x00000062   Code   RO         4527    i.HAL_DMA_DeInit    stm32f4xx_hal_dma.o
    0x0800295a   0x00000002   PAD
    0x0800295c   0x000000e8   Code   RO         4531    i.HAL_DMA_Init      stm32f4xx_hal_dma.o
    0x08002a44   0x000002d0   Code   RO         4874    i.HAL_DSI_ConfigVideoMode  stm32f4xx_hal_dsi.o
    0x08002d14   0x00000070   Code   RO         4875    i.HAL_DSI_DeInit    stm32f4xx_hal_dsi.o
    0x08002d84   0x00000190   Code   RO         4888    i.HAL_DSI_Init      stm32f4xx_hal_dsi.o
    0x08002f14   0x000000be   Code   RO         4889    i.HAL_DSI_LongWrite  stm32f4xx_hal_dsi.o
    0x08002fd2   0x00000002   Code   RO         4890    i.HAL_DSI_MspDeInit  stm32f4xx_hal_dsi.o
    0x08002fd4   0x00000002   Code   RO         4891    i.HAL_DSI_MspInit   stm32f4xx_hal_dsi.o
    0x08002fd6   0x00000072   Code   RO         4904    i.HAL_DSI_ShortWrite  stm32f4xx_hal_dsi.o
    0x08003048   0x0000003c   Code   RO         4906    i.HAL_DSI_Start     stm32f4xx_hal_dsi.o
    0x08003084   0x0000001a   Code   RO         4242    i.HAL_Delay         stm32f4xx_hal.o
    0x0800309e   0x00000002   PAD
    0x080030a0   0x0000021c   Code   RO         5144    i.HAL_GPIO_Init     stm32f4xx_hal_gpio.o
    0x080032bc   0x0000000c   Code   RO         5148    i.HAL_GPIO_WritePin  stm32f4xx_hal_gpio.o
    0x080032c8   0x0000000c   Code   RO            4    i.HAL_GetTick       main.o
    0x080032d4   0x0000003c   Code   RO         5209    i.HAL_I2C_DeInit    stm32f4xx_hal_i2c.o
    0x08003310   0x00000008   Code   RO         5217    i.HAL_I2C_GetState  stm32f4xx_hal_i2c.o
    0x08003318   0x00000128   Code   RO         5218    i.HAL_I2C_Init      stm32f4xx_hal_i2c.o
    0x08003440   0x00000288   Code   RO         5234    i.HAL_I2C_Mem_Read  stm32f4xx_hal_i2c.o
    0x080036c8   0x00000148   Code   RO         5237    i.HAL_I2C_Mem_Write  stm32f4xx_hal_i2c.o
    0x08003810   0x00000002   Code   RO         5240    i.HAL_I2C_MspDeInit  stm32f4xx_hal_i2c.o
    0x08003812   0x00000002   Code   RO         5241    i.HAL_I2C_MspInit   stm32f4xx_hal_i2c.o
    0x08003814   0x0000003c   Code   RO         4252    i.HAL_Init          stm32f4xx_hal.o
    0x08003850   0x00000028   Code   RO         4253    i.HAL_InitTick      stm32f4xx_hal.o
    0x08003878   0x0000005e   Code   RO         5673    i.HAL_LTDC_ConfigLayer  stm32f4xx_hal_ltdc.o
    0x080038d6   0x00000002   PAD
    0x080038d8   0x00000128   Code   RO         5690    i.HAL_LTDC_Init     stm32f4xx_hal_ltdc.o
    0x08003a00   0x00000002   Code   RO         5693    i.HAL_LTDC_MspInit  stm32f4xx_hal_ltdc.o
    0x08003a02   0x00000060   Code   RO         5928    i.HAL_LTDC_StructInitFromVideoConfig  stm32f4xx_hal_ltdc_ex.o
    0x08003a62   0x00000002   Code   RO         4255    i.HAL_MspInit       stm32f4xx_hal.o
    0x08003a64   0x00000020   Code   RO         4397    i.HAL_NVIC_EnableIRQ  stm32f4xx_hal_cortex.o
    0x08003a84   0x0000007c   Code   RO         4403    i.HAL_NVIC_SetPriority  stm32f4xx_hal_cortex.o
    0x08003b00   0x00000028   Code   RO         4404    i.HAL_NVIC_SetPriorityGrouping  stm32f4xx_hal_cortex.o
    0x08003b28   0x000000a4   Code   RO         6083    i.HAL_PWREx_EnableOverDrive  stm32f4xx_hal_pwr_ex.o
    0x08003bcc   0x00000128   Code   RO         6266    i.HAL_RCCEx_GetPeriphCLKConfig  stm32f4xx_hal_rcc_ex.o
    0x08003cf4   0x000004e8   Code   RO         6267    i.HAL_RCCEx_PeriphCLKConfig  stm32f4xx_hal_rcc_ex.o
    0x080041dc   0x000001d0   Code   RO         6162    i.HAL_RCC_ClockConfig  stm32f4xx_hal_rcc.o
    0x080043ac   0x0000000c   Code   RO         6167    i.HAL_RCC_GetHCLKFreq  stm32f4xx_hal_rcc.o
    0x080043b8   0x0000002c   Code   RO         6169    i.HAL_RCC_GetPCLK1Freq  stm32f4xx_hal_rcc.o
    0x080043e4   0x000000b4   Code   RO         6171    i.HAL_RCC_GetSysClockFreq  stm32f4xx_hal_rcc.o
    0x08004498   0x000003b0   Code   RO         6271    i.HAL_RCC_OscConfig  stm32f4xx_hal_rcc_ex.o
    0x08004848   0x00000040   Code   RO         6326    i.HAL_SDRAM_Init    stm32f4xx_hal_sdram.o
    0x08004888   0x00000002   Code   RO         6328    i.HAL_SDRAM_MspInit  stm32f4xx_hal_sdram.o
    0x0800488a   0x00000028   Code   RO         6329    i.HAL_SDRAM_ProgramRefreshRate  stm32f4xx_hal_sdram.o
    0x080048b2   0x0000003a   Code   RO         6335    i.HAL_SDRAM_SendCommand  stm32f4xx_hal_sdram.o
    0x080048ec   0x00000034   Code   RO         4408    i.HAL_SYSTICK_Config  stm32f4xx_hal_cortex.o
    0x08004920   0x00000014   Code   RO         3439    i.I2C1_Error        stm32469i_discovery.o
    0x08004934   0x00000044   Code   RO         3440    i.I2C1_Init         stm32469i_discovery.o
    0x08004978   0x000000b8   Code   RO         3442    i.I2C1_MspInit      stm32469i_discovery.o
    0x08004a30   0x0000003c   Code   RO         3443    i.I2C1_Read         stm32469i_discovery.o
    0x08004a6c   0x00000044   Code   RO         3444    i.I2C1_ReadMultiple  stm32469i_discovery.o
    0x08004ab0   0x00000034   Code   RO         3445    i.I2C1_Write        stm32469i_discovery.o
    0x08004ae4   0x00000034   Code   RO         5256    i.I2C_IsAcknowledgeFailed  stm32f4xx_hal_i2c.o
    0x08004b18   0x00000158   Code   RO         5266    i.I2C_RequestMemoryRead  stm32f4xx_hal_i2c.o
    0x08004c70   0x000000e0   Code   RO         5267    i.I2C_RequestMemoryWrite  stm32f4xx_hal_i2c.o
    0x08004d50   0x00000056   Code   RO         5275    i.I2C_WaitOnBTFFlagUntilTimeout  stm32f4xx_hal_i2c.o
    0x08004da6   0x00000078   Code   RO         5276    i.I2C_WaitOnFlagUntilTimeout  stm32f4xx_hal_i2c.o
    0x08004e1e   0x000000ac   Code   RO         5277    i.I2C_WaitOnMasterAddressFlagUntilTimeout  stm32f4xx_hal_i2c.o
    0x08004eca   0x0000006e   Code   RO         5278    i.I2C_WaitOnRXNEFlagUntilTimeout  stm32f4xx_hal_i2c.o
    0x08004f38   0x00000056   Code   RO         5280    i.I2C_WaitOnTXEFlagUntilTimeout  stm32f4xx_hal_i2c.o
    0x08004f8e   0x000000fc   Code   RO          441    i.KeyFindKey        gfx_mk.o
    0x0800508a   0x0000003a   Code   RO          442    i.KeyMouseMove      gfx_mk.o
    0x080050c4   0x00000106   Code   RO          443    i.KeyMouseUp        gfx_mk.o
    0x080051ca   0x00000002   PAD
    0x080051cc   0x00000060   Code   RO         3714    i.LL_FillBuffer     stm32469i_discovery_lcd.o
    0x0800522c   0x00000212   Code   RO         5709    i.LTDC_SetConfig    stm32f4xx_hal_ltdc.o
    0x0800543e   0x00000020   Code   RO          444    i.ListDestroy       gfx_mk.o
    0x0800545e   0x00000118   Code   RO          445    i.ListMouseDown     gfx_mk.o
    0x08005576   0x00000074   Code   RO          446    i.ListMouseMove     gfx_mk.o
    0x080055ea   0x0000007c   Code   RO          447    i.ListMouseSelect   gfx_mk.o
    0x08005666   0x0000004a   Code   RO          448    i.ListMouseUp       gfx_mk.o
    0x080056b0   0x0000002e   Code   RO         3264    i.MouseInit         gmouse_lld_ft6x06.o
    0x080056de   0x00000038   Code   RO          449    i.MousePoll         gfx_mk.o
    0x08005716   0x00000010   Code   RO          450    i.NumKeyRows        gfx_mk.o
    0x08005726   0x0000000c   Code   RO         3452    i.OTM8009A_IO_Delay  stm32469i_discovery.o
    0x08005732   0x00000002   PAD
    0x08005734   0x00000480   Code   RO         3395    i.OTM8009A_Init     otm8009a.o
    0x08005bb4   0x00000002   Code   RO          451    i.ROMClose          gfx_mk.o
    0x08005bb6   0x00000014   Code   RO          452    i.ROMEof            gfx_mk.o
    0x08005bca   0x00000014   Code   RO          453    i.ROMExists         gfx_mk.o
    0x08005bde   0x00000016   Code   RO          454    i.ROMFilesize       gfx_mk.o
    0x08005bf4   0x00000030   Code   RO          455    i.ROMFindFile       gfx_mk.o
    0x08005c24   0x00000008   Code   RO          456    i.ROMGetsize        gfx_mk.o
    0x08005c2c   0x00000018   Code   RO          457    i.ROMOpen           gfx_mk.o
    0x08005c44   0x00000038   Code   RO          458    i.ROMRead           gfx_mk.o
    0x08005c7c   0x00000012   Code   RO          459    i.ROMSetpos         gfx_mk.o
    0x08005c8e   0x00000002   PAD
    0x08005c90   0x0000003c   Code   RO          460    i.SendKeyboardEvent  gfx_mk.o
    0x08005ccc   0x00000082   Code   RO          461    i.SendKeyboardEventToListener  gfx_mk.o
    0x08005d4e   0x000000d4   Code   RO          462    i.SendMouseEvent    gfx_mk.o
    0x08005e22   0x00000002   PAD
    0x08005e24   0x00000070   Code   RO          463    i.SendSliderEvent   gfx_mk.o
    0x08005e94   0x0000004e   Code   RO          464    i.SetDisplayPosFromMouse  gfx_mk.o
    0x08005ee2   0x000000bc   Code   RO          465    i.SliderCalcPosFromDPos  gfx_mk.o
    0x08005f9e   0x00000022   Code   RO          466    i.SliderMouseDown   gfx_mk.o
    0x08005fc0   0x00000022   Code   RO          467    i.SliderMouseMove   gfx_mk.o
    0x08005fe2   0x00000060   Code   RO          468    i.SliderMouseUp     gfx_mk.o
    0x08006042   0x0000004e   Code   RO          469    i.SliderResetDisplayPos  gfx_mk.o
    0x08006090   0x000000c4   Code   RO            5    i.SystemClock_Config  main.o
    0x08006154   0x00000064   Code   RO         6634    i.SystemInit        system_stm32f4xx.o
    0x080061b8   0x00000008   Code   RO         3454    i.TS_IO_Init        stm32469i_discovery.o
    0x080061c0   0x00000010   Code   RO         3455    i.TS_IO_Read        stm32469i_discovery.o
    0x080061d0   0x0000001a   Code   RO         3456    i.TS_IO_ReadMultiple  stm32469i_discovery.o
    0x080061ea   0x00000014   Code   RO         3457    i.TS_IO_Write       stm32469i_discovery.o
    0x080061fe   0x0000013c   Code   RO          470    i.TextEditKeyboard  gfx_mk.o
    0x0800633a   0x0000004a   Code   RO          471    i.TextEditMouseDown  gfx_mk.o
    0x08006384   0x00000044   Code   RO          472    i.UCode2UTF8        gfx_mk.o
    0x080063c8   0x000000c4   Code   RO          473    i.UTF8CharAt        gfx_mk.o
    0x0800648c   0x00000088   Code   RO          474    i.UTF8StrLen        gfx_mk.o
    0x08006514   0x00000040   Code   RO          475    i.WM_Add            gfx_mk.o
    0x08006554   0x00000002   Code   RO          476    i.WM_DeInit         gfx_mk.o
    0x08006556   0x00000002   PAD
    0x08006558   0x00000014   Code   RO          477    i.WM_Delete         gfx_mk.o
    0x0800656c   0x00000002   Code   RO          478    i.WM_Init           gfx_mk.o
    0x0800656e   0x00000002   Code   RO          479    i.WM_MinMax         gfx_mk.o
    0x08006570   0x000001f2   Code   RO          480    i.WM_Move           gfx_mk.o
    0x08006762   0x00000002   PAD
    0x08006764   0x00000020   Code   RO          481    i.WM_Raise          gfx_mk.o
    0x08006784   0x00000190   Code   RO          482    i.WM_Redraw         gfx_mk.o
    0x08006914   0x000001a4   Code   RO          483    i.WM_Size           gfx_mk.o
    0x08006ab8   0x00000010   Code   RO         4410    i.__NVIC_GetPriorityGrouping  stm32f4xx_hal_cortex.o
    0x08006ac8   0x00000028   Code   RO         4411    i.__NVIC_SetPriority  stm32f4xx_hal_cortex.o
    0x08006af0   0x0000002c   Code   RO          484    i._gcontainerCreate  gfx_mk.o
    0x08006b1c   0x0000001e   Code   RO          486    i._gcontainerDestroy  gfx_mk.o
    0x08006b3a   0x00000002   Code   RO          487    i._gcontainerInit   gfx_mk.o
    0x08006b3c   0x00000024   Code   RO          488    i._gdispDeInitDriver  gfx_mk.o
    0x08006b60   0x0000001c   Code   RO          490    i._gdispInit        gfx_mk.o
    0x08006b7c   0x0000003c   Code   RO          491    i._gdispInitDriver  gfx_mk.o
    0x08006bb8   0x0000003c   Code   RO          492    i._gdispPostInitDriver  gfx_mk.o
    0x08006bf4   0x00000002   Code   RO          494    i._gdriverInit      gfx_mk.o
    0x08006bf6   0x00000002   PAD
    0x08006bf8   0x00000010   Code   RO          496    i._geventInit       gfx_mk.o
    0x08006c08   0x00000002   Code   RO          499    i._gfileInit        gfx_mk.o
    0x08006c0a   0x00000008   Code   RO          501    i._ginputInit       gfx_mk.o
    0x08006c12   0x00000002   Code   RO          502    i._gmouseDeInitDriver  gfx_mk.o
    0x08006c14   0x00000020   Code   RO          504    i._gmouseInit       gfx_mk.o
    0x08006c34   0x00000054   Code   RO          505    i._gmouseInitDriver  gfx_mk.o
    0x08006c88   0x0000004a   Code   RO          506    i._gmousePostInitDriver  gfx_mk.o
    0x08006cd2   0x00000002   PAD
    0x08006cd4   0x0000001c   Code   RO          510    i._gosHeapInit      gfx_mk.o
    0x08006cf0   0x00000008   Code   RO          511    i._gosInit          gfx_mk.o
    0x08006cf8   0x00000002   Code   RO          513    i._gqueueInit       gfx_mk.o
    0x08006cfa   0x00000002   PAD
    0x08006cfc   0x00000044   Code   RO          515    i._gtimerInit       gfx_mk.o
    0x08006d40   0x00000070   Code   RO          516    i._gwidgetCreate    gfx_mk.o
    0x08006db0   0x00000030   Code   RO          518    i._gwidgetDestroy   gfx_mk.o
    0x08006de0   0x0000006c   Code   RO          519    i._gwidgetDrawFocusRect  gfx_mk.o
    0x08006e4c   0x00000044   Code   RO          520    i._gwidgetInit      gfx_mk.o
    0x08006e90   0x0000001a   Code   RO          521    i._gwidgetRedraw    gfx_mk.o
    0x08006eaa   0x00000002   PAD
    0x08006eac   0x00000068   Code   RO          523    i._gwinDestroy      gfx_mk.o
    0x08006f14   0x00000034   Code   RO          524    i._gwinDrawEnd      gfx_mk.o
    0x08006f48   0x0000004c   Code   RO          525    i._gwinDrawStart    gfx_mk.o
    0x08006f94   0x00000078   Code   RO          526    i._gwinFixFocus     gfx_mk.o
    0x0800700c   0x0000014c   Code   RO          527    i._gwinFlushRedraws  gfx_mk.o
    0x08007158   0x00000010   Code   RO          528    i._gwinInit         gfx_mk.o
    0x08007168   0x0000003c   Code   RO          529    i._gwinMoveFocus    gfx_mk.o
    0x080071a4   0x000000b8   Code   RO          530    i._gwinRippleVisibility  gfx_mk.o
    0x0800725c   0x00000030   Code   RO          532    i._gwinUpdate       gfx_mk.o
    0x0800728c   0x00000058   Code   RO          533    i._gwinWMAdd        gfx_mk.o
    0x080072e4   0x00000084   Code   RO          534    i._gwindowCreate    gfx_mk.o
    0x08007368   0x00000034   Code   RO          536    i._gwmInit          gfx_mk.o
    0x0800739c   0x00000046   Code   RO         7767    i._init_box         RTX_CM4.lib(rt_membox.o)
    0x080073e2   0x00000002   PAD
    0x080073e4   0x00000020   Code   RO         4176    i._mutex_acquire    rtx_conf_cm.o
    0x08007404   0x0000001c   Code   RO         4178    i._mutex_release    rtx_conf_cm.o
    0x08007420   0x0000019c   Code   RO          354    i.createPagePage0   gui.o
    0x080075bc   0x00000030   Code   RO         7820    i.dbg_init          RTX_CM4.lib(hal_cm.o)
    0x080075ec   0x00000020   Code   RO         7821    i.dbg_task_notify   RTX_CM4.lib(hal_cm.o)
    0x0800760c   0x00000010   Code   RO         7822    i.dbg_task_switch   RTX_CM4.lib(hal_cm.o)
    0x0800761c   0x00000038   Code   RO          537    i.deleteAssignments  gfx_mk.o
    0x08007654   0x0000002a   Code   RO          538    i.doExitEvent       gfx_mk.o
    0x0800767e   0x00000002   PAD
    0x08007680   0x00000028   Code   RO          539    i.drawcharglyph     gfx_mk.o
    0x080076a8   0x000000ac   Code   RO          540    i.drawcharline      gfx_mk.o
    0x08007754   0x0000000c   Code   RO          541    i.drawpixel         gfx_mk.o
    0x08007760   0x00000040   Code   RO          542    i.drawpixel_clip    gfx_mk.o
    0x080077a0   0x0000000c   Code   RO          543    i.fillarea          gfx_mk.o
    0x080077ac   0x00000028   Code   RO          544    i.fillcharglyph     gfx_mk.o
    0x080077d4   0x0000008c   Code   RO          545    i.fillcharline      gfx_mk.o
    0x08007860   0x0000002e   Code   RO          546    i.fillentry_bitcount  gfx_mk.o
    0x0800788e   0x0000003e   Code   RO          548    i.find_glyph        gfx_mk.o
    0x080078cc   0x00000024   Code   RO         3309    i.ft6x06_GetInstance  ft6x06.o
    0x080078f0   0x0000002c   Code   RO         3310    i.ft6x06_Init       ft6x06.o
    0x0800791c   0x00000012   Code   RO         3311    i.ft6x06_ReadID     ft6x06.o
    0x0800792e   0x00000002   Code   RO         3312    i.ft6x06_Reset      ft6x06.o
    0x08007930   0x00000002   Code   RO         3313    i.ft6x06_TS_ClearIT  ft6x06.o
    0x08007932   0x00000006   Code   RO         3314    i.ft6x06_TS_Configure  ft6x06.o
    0x08007938   0x00000040   Code   RO         3315    i.ft6x06_TS_DetectTouch  ft6x06.o
    0x08007978   0x00000014   Code   RO         3316    i.ft6x06_TS_DisableIT  ft6x06.o
    0x0800798c   0x00000014   Code   RO         3317    i.ft6x06_TS_EnableIT  ft6x06.o
    0x080079a0   0x00000070   Code   RO         3318    i.ft6x06_TS_GetXY   ft6x06.o
    0x08007a10   0x00000006   Code   RO         3319    i.ft6x06_TS_ITStatus  ft6x06.o
    0x08007a16   0x00000012   Code   RO         3320    i.ft6x06_TS_Start   ft6x06.o
    0x08007a28   0x0000004e   Code   RO          549    i.gdispBlendColor   gfx_mk.o
    0x08007a76   0x0000001c   Code   RO          550    i.gdispCloseFont    gfx_mk.o
    0x08007a92   0x00000154   Code   RO          552    i.gdispGBlitArea    gfx_mk.o
    0x08007be6   0x00000020   Code   RO          553    i.gdispGClear       gfx_mk.o
    0x08007c06   0x0000007a   Code   RO          554    i.gdispGControl     gfx_mk.o
    0x08007c80   0x000000be   Code   RO          555    i.gdispGDrawBox     gfx_mk.o
    0x08007d3e   0x0000003a   Code   RO          558    i.gdispGDrawLine    gfx_mk.o
    0x08007d78   0x0000002c   Code   RO          559    i.gdispGDrawPixel   gfx_mk.o
    0x08007da4   0x000000ac   Code   RO          561    i.gdispGDrawStringBox  gfx_mk.o
    0x08007e50   0x000000ca   Code   RO          562    i.gdispGFillArea    gfx_mk.o
    0x08007f1a   0x00000002   PAD
    0x08007f1c   0x00000154   Code   RO          566    i.gdispGFillStringBox  gfx_mk.o
    0x08008070   0x00000008   Code   RO          570    i.gdispGGetHeight   gfx_mk.o
    0x08008078   0x00000006   Code   RO          571    i.gdispGGetOrientation  gfx_mk.o
    0x0800807e   0x00000008   Code   RO          574    i.gdispGGetWidth    gfx_mk.o
    0x08008086   0x00000262   Code   RO          576    i.gdispGImageDraw_BMP  gfx_mk.o
    0x080082e8   0x00000092   Code   RO          577    i.gdispGSetClip     gfx_mk.o
    0x0800837a   0x0000003a   Code   RO          581    i.gdispGetFontMetric  gfx_mk.o
    0x080083b4   0x00000012   Code   RO          583    i.gdispGetStringWidth  gfx_mk.o
    0x080083c6   0x0000001c   Code   RO          584    i.gdispGetStringWidthCount  gfx_mk.o
    0x080083e2   0x0000000e   Code   RO          585    i.gdispImageAlloc   gfx_mk.o
    0x080083f0   0x00000116   Code   RO          587    i.gdispImageCache_BMP  gfx_mk.o
    0x08008506   0x0000003e   Code   RO          589    i.gdispImageClose_BMP  gfx_mk.o
    0x08008544   0x00000010   Code   RO          590    i.gdispImageFree    gfx_mk.o
    0x08008554   0x00000008   Code   RO          594    i.gdispImageNext_BMP  gfx_mk.o
    0x0800855c   0x00000454   Code   RO          596    i.gdispImageOpen_BMP  gfx_mk.o
    0x080089b0   0x00000048   Code   RO          598    i.gdispOpenFont     gfx_mk.o
    0x080089f8   0x00000010   Code   RO         3159    i.gdisp_lld_clear   gdisp_lld_stm32ltdc.o
    0x08008a08   0x000000ba   Code   RO         3160    i.gdisp_lld_control  gdisp_lld_stm32ltdc.o
    0x08008ac2   0x0000006c   Code   RO         3161    i.gdisp_lld_draw_pixel  gdisp_lld_stm32ltdc.o
    0x08008b2e   0x0000008e   Code   RO         3162    i.gdisp_lld_fill_area  gdisp_lld_stm32ltdc.o
    0x08008bbc   0x0000006c   Code   RO         3163    i.gdisp_lld_get_pixel_color  gdisp_lld_stm32ltdc.o
    0x08008c28   0x00000052   Code   RO         3164    i.gdisp_lld_init    gdisp_lld_stm32ltdc.o
    0x08008c7a   0x00000002   PAD
    0x08008c7c   0x00000030   Code   RO          602    i.gdriverGetInstance  gfx_mk.o
    0x08008cac   0x00000024   Code   RO          603    i.gdriverGetNext    gfx_mk.o
    0x08008cd0   0x00000094   Code   RO          605    i.gdriverRegister   gfx_mk.o
    0x08008d64   0x00000800   Code   RO          607    i.getPixels         gfx_mk.o
    0x08009564   0x00000012   Code   RO          609    i.getheight         gfx_mk.o
    0x08009576   0x00000016   Code   RO          610    i.getwidth          gfx_mk.o
    0x0800958c   0x00000080   Code   RO          611    i.geventAttachSource  gfx_mk.o
    0x0800960c   0x00000028   Code   RO          613    i.geventDetachSourceListeners  gfx_mk.o
    0x08009634   0x0000009c   Code   RO          615    i.geventEventWait   gfx_mk.o
    0x080096d0   0x00000044   Code   RO          616    i.geventGetEventBuffer  gfx_mk.o
    0x08009714   0x00000074   Code   RO          617    i.geventGetSourceListener  gfx_mk.o
    0x08009788   0x0000001a   Code   RO          618    i.geventListenerInit  gfx_mk.o
    0x080097a2   0x00000002   PAD
    0x080097a4   0x00000038   Code   RO          619    i.geventRegisterCallback  gfx_mk.o
    0x080097dc   0x0000007c   Code   RO          620    i.geventSendEvent   gfx_mk.o
    0x08009858   0x00000014   Code   RO          626    i.gfileGetPos       gfx_mk.o
    0x0800986c   0x00000042   Code   RO          630    i.gfileRead         gfx_mk.o
    0x080098ae   0x00000030   Code   RO          632    i.gfileSetPos       gfx_mk.o
    0x080098de   0x00000002   PAD
    0x080098e0   0x00000048   Code   RO          636    i.gfxAddHeapBlock   gfx_mk.o
    0x08009928   0x00000078   Code   RO          637    i.gfxAlloc          gfx_mk.o
    0x080099a0   0x0000006c   Code   RO          639    i.gfxFree           gfx_mk.o
    0x08009a0c   0x0000003c   Code   RO          640    i.gfxInit           gfx_mk.o
    0x08009a48   0x00000010   Code   RO          641    i.gfxMutexInit      gfx_mk.o
    0x08009a58   0x00000020   Code   RO          642    i.gfxQueueASyncGet  gfx_mk.o
    0x08009a78   0x00000012   Code   RO          643    i.gfxQueueASyncGetI  gfx_mk.o
    0x08009a8a   0x00000008   Code   RO          644    i.gfxQueueASyncInit  gfx_mk.o
    0x08009a92   0x00000018   Code   RO          651    i.gfxQueueASyncPut  gfx_mk.o
    0x08009aaa   0x0000001c   Code   RO          652    i.gfxQueueASyncPutI  gfx_mk.o
    0x08009ac6   0x00000018   Code   RO          653    i.gfxQueueASyncRemove  gfx_mk.o
    0x08009ade   0x00000042   Code   RO          654    i.gfxQueueASyncRemoveI  gfx_mk.o
    0x08009b20   0x000000ec   Code   RO          655    i.gfxRealloc        gfx_mk.o
    0x08009c0c   0x00000020   Code   RO          657    i.gfxSemInit        gfx_mk.o
    0x08009c2c   0x0000000c   Code   RO          658    i.gfxSemSignal      gfx_mk.o
    0x08009c38   0x00000016   Code   RO          659    i.gfxSemSignalI     gfx_mk.o
    0x08009c4e   0x00000020   Code   RO          660    i.gfxSemWait        gfx_mk.o
    0x08009c6e   0x00000026   Code   RO          662    i.gfxThreadCreate   gfx_mk.o
    0x08009c94   0x00000014   Code   RO          665    i.ginputGetKeyboard  gfx_mk.o
    0x08009ca8   0x0000001c   Code   RO          666    i.ginputGetMouse    gfx_mk.o
    0x08009cc4   0x0000001c   Code   RO          673    i.gtimerIsActive    gfx_mk.o
    0x08009ce0   0x00000120   Code   RO          676    i.gtimerStart       gfx_mk.o
    0x08009e00   0x000000b4   Code   RO          356    i.guiCreate         gui.o
    0x08009eb4   0x00000098   Code   RO          357    i.guiEventLoop      gui.o
    0x08009f4c   0x00000028   Code   RO          358    i.guiShowPage       gui.o
    0x08009f74   0x00000188   Code   RO          678    i.gwidgetEvent      gfx_mk.o
    0x0800a0fc   0x00000014   Code   RO          679    i.gwinAttachListener  gfx_mk.o
    0x0800a110   0x0000003e   Code   RO          682    i.gwinClear         gfx_mk.o
    0x0800a14e   0x00000002   PAD
    0x0800a150   0x00000040   Code   RO          685    i.gwinContainerDraw_Std  gfx_mk.o
    0x0800a190   0x0000004c   Code   RO          686    i.gwinContainerDraw_Transparent  gfx_mk.o
    0x0800a1dc   0x0000000e   Code   RO          687    i.gwinDestroy       gfx_mk.o
    0x0800a1ea   0x00000040   Code   RO          688    i.gwinDrawBox       gfx_mk.o
    0x0800a22a   0x00000002   PAD
    0x0800a22c   0x0000003c   Code   RO          701    i.gwinGContainerCreate  gfx_mk.o
    0x0800a268   0x00000090   Code   RO          703    i.gwinGLabelCreate  gfx_mk.o
    0x0800a2f8   0x00000030   Code   RO          707    i.gwinGWindowCreate  gfx_mk.o
    0x0800a328   0x0000000c   Code   RO          709    i.gwinGetDefaultBgColor  gfx_mk.o
    0x0800a334   0x0000000c   Code   RO          711    i.gwinGetDefaultFont  gfx_mk.o
    0x0800a340   0x00000028   Code   RO          714    i.gwinGetFirstChild  gfx_mk.o
    0x0800a368   0x0000000c   Code   RO          715    i.gwinGetFocus      gfx_mk.o
    0x0800a374   0x00000014   Code   RO          719    i.gwinGetNextWindow  gfx_mk.o
    0x0800a388   0x0000002a   Code   RO          721    i.gwinGetSibling    gfx_mk.o
    0x0800a3b2   0x00000002   PAD
    0x0800a3b4   0x000010e2   Code   RO          726    i.gwinKeyboardDraw_Normal  gfx_mk.o
    0x0800b496   0x00000002   PAD
    0x0800b498   0x0000012c   Code   RO          729    i.gwinLabelDraw     gfx_mk.o
    0x0800b5c4   0x00000010   Code   RO          731    i.gwinLabelDrawJustifiedLeft  gfx_mk.o
    0x0800b5d4   0x00000028   Code   RO          733    i.gwinLabelSetBorder  gfx_mk.o
    0x0800b5fc   0x00000304   Code   RO          735    i.gwinListDefaultDraw  gfx_mk.o
    0x0800b900   0x00000030   Code   RO          752    i.gwinRedraw        gfx_mk.o
    0x0800b930   0x00000020   Code   RO          754    i.gwinResize        gfx_mk.o
    0x0800b950   0x0000000c   Code   RO          756    i.gwinSetDefaultBgColor  gfx_mk.o
    0x0800b95c   0x0000000c   Code   RO          757    i.gwinSetDefaultColor  gfx_mk.o
    0x0800b968   0x0000000c   Code   RO          758    i.gwinSetDefaultFont  gfx_mk.o
    0x0800b974   0x0000005c   Code   RO          759    i.gwinSetDefaultStyle  gfx_mk.o
    0x0800b9d0   0x00000048   Code   RO          761    i.gwinSetFocus      gfx_mk.o
    0x0800ba18   0x00000004   Code   RO          762    i.gwinSetFont       gfx_mk.o
    0x0800ba1c   0x00000034   Code   RO          764    i.gwinSetStyle      gfx_mk.o
    0x0800ba50   0x00000030   Code   RO          766    i.gwinSetVisible    gfx_mk.o
    0x0800ba80   0x00000298   Code   RO          769    i.gwinSliderDraw_Std  gfx_mk.o
    0x0800bd18   0x00000150   Code   RO          773    i.gwinTexteditDefaultDraw  gfx_mk.o
    0x0800be68   0x00000014   Code   RO          774    i.gwinWidgetClearInit  gfx_mk.o
    0x0800be7c   0x000000a6   Code   RO          775    i.hline_clip        gfx_mk.o
    0x0800bf22   0x0000002a   Code   RO         6670    i.isrMessageGet     RTX_CM4.lib(rt_cmsis.o)
    0x0800bf4c   0x0000002c   Code   RO         6671    i.isrMessagePut     RTX_CM4.lib(rt_cmsis.o)
    0x0800bf78   0x00000028   Code   RO         6672    i.isrSemaphoreRelease  RTX_CM4.lib(rt_cmsis.o)
    0x0800bfa0   0x00000056   Code   RO         7655    i.isr_mbx_receive   RTX_CM4.lib(rt_mailbox.o)
    0x0800bff6   0x0000000e   Code   RO         7656    i.isr_mbx_send      RTX_CM4.lib(rt_mailbox.o)
    0x0800c004   0x00000010   Code   RO         7703    i.isr_sem_send      RTX_CM4.lib(rt_semaphore.o)
    0x0800c014   0x0000012a   Code   RO          777    i.line_clip         gfx_mk.o
    0x0800c13e   0x00000002   PAD
    0x0800c140   0x00000038   Code   RO            6    i.main              main.o
    0x0800c178   0x0000004e   Code   RO          778    i.matchfont         gfx_mk.o
    0x0800c1c6   0x00000020   Code   RO          781    i.mf_character_width  gfx_mk.o
    0x0800c1e6   0x00000002   PAD
    0x0800c1e8   0x00000008   Code   RO          783    i.mf_get_font_list  gfx_mk.o
    0x0800c1f0   0x00000068   Code   RO          784    i.mf_get_string_width  gfx_mk.o
    0x0800c258   0x00000016   Code   RO          785    i.mf_getchar        gfx_mk.o
    0x0800c26e   0x0000007e   Code   RO          786    i.mf_render_aligned  gfx_mk.o
    0x0800c2ec   0x00000040   Code   RO          787    i.mf_render_character  gfx_mk.o
    0x0800c32c   0x00000008   Code   RO          789    i.mf_rewind         gfx_mk.o
    0x0800c334   0x0000001a   Code   RO          790    i.mf_rlefont_character_width  gfx_mk.o
    0x0800c34e   0x00000070   Code   RO          791    i.mf_rlefont_render_character  gfx_mk.o
    0x0800c3be   0x0000003e   Code   RO          792    i.mf_round_to_prev_tab  gfx_mk.o
    0x0800c3fc   0x0000003e   Code   RO          793    i.mf_round_to_tab   gfx_mk.o
    0x0800c43a   0x00000002   PAD
    0x0800c43c   0x00000018   Code   RO         6674    i.osDelay           RTX_CM4.lib(rt_cmsis.o)
    0x0800c454   0x00000024   Code   RO         6675    i.osKernelInitialize  RTX_CM4.lib(rt_cmsis.o)
    0x0800c478   0x0000006c   Code   RO         6677    i.osKernelStart     RTX_CM4.lib(rt_cmsis.o)
    0x0800c4e4   0x00000018   Code   RO         6678    i.osKernelSysTick   RTX_CM4.lib(rt_cmsis.o)
    0x0800c4fc   0x00000018   Code   RO         6686    i.osMessageGet      RTX_CM4.lib(rt_cmsis.o)
    0x0800c514   0x00000030   Code   RO         6688    i.osMutexCreate     RTX_CM4.lib(rt_cmsis.o)
    0x0800c544   0x00000018   Code   RO         6689    i.osMutexDelete     RTX_CM4.lib(rt_cmsis.o)
    0x0800c55c   0x00000018   Code   RO         6690    i.osMutexRelease    RTX_CM4.lib(rt_cmsis.o)
    0x0800c574   0x00000018   Code   RO         6691    i.osMutexWait       RTX_CM4.lib(rt_cmsis.o)
    0x0800c58c   0x00000030   Code   RO         6696    i.osSemaphoreCreate  RTX_CM4.lib(rt_cmsis.o)
    0x0800c5bc   0x00000018   Code   RO         6698    i.osSemaphoreRelease  RTX_CM4.lib(rt_cmsis.o)
    0x0800c5d4   0x00000018   Code   RO         6699    i.osSemaphoreWait   RTX_CM4.lib(rt_cmsis.o)
    0x0800c5ec   0x00000030   Code   RO         6703    i.osThreadCreate    RTX_CM4.lib(rt_cmsis.o)
    0x0800c61c   0x00000018   Code   RO         6704    i.osThreadExit      RTX_CM4.lib(rt_cmsis.o)
    0x0800c634   0x00000018   Code   RO         6709    i.osThreadYield     RTX_CM4.lib(rt_cmsis.o)
    0x0800c64c   0x0000000c   Code   RO         6710    i.osTimerCall       RTX_CM4.lib(rt_cmsis.o)
    0x0800c658   0x0000002c   Code   RO         6715    i.osTimerThread     RTX_CM4.lib(rt_cmsis.o)
    0x0800c684   0x00000020   Code   RO         4179    i.os_error          rtx_conf_cm.o
    0x0800c6a4   0x00000004   Code   RO         4180    i.os_idle_demon     rtx_conf_cm.o
    0x0800c6a8   0x00000028   Code   RO         7447    i.os_tick_init      RTX_CM4.lib(rt_system.o)
    0x0800c6d0   0x00000002   Code   RO         7448    i.os_tick_irqack    RTX_CM4.lib(rt_system.o)
    0x0800c6d2   0x00000002   PAD
    0x0800c6d4   0x00000010   Code   RO         7449    i.os_tick_ovf       RTX_CM4.lib(rt_system.o)
    0x0800c6e4   0x00000014   Code   RO         7450    i.os_tick_val       RTX_CM4.lib(rt_system.o)
    0x0800c6f8   0x0000003a   Code   RO         3265    i.read_xyz          gmouse_lld_ft6x06.o
    0x0800c732   0x00000064   Code   RO          799    i.render_left       gfx_mk.o
    0x0800c796   0x0000008a   Code   RO          800    i.render_right      gfx_mk.o
    0x0800c820   0x00000060   Code   RO          801    i.resizeText        gfx_mk.o
    0x0800c880   0x0000001a   Code   RO         7768    i.rt_alloc_box      RTX_CM4.lib(rt_membox.o)
    0x0800c89a   0x0000003e   Code   RO         7796    i.rt_alloc_mem      RTX_CM4.lib(rt_memory.o)
    0x0800c8d8   0x00000038   Code   RO         7295    i.rt_block          RTX_CM4.lib(rt_task.o)
    0x0800c910   0x00000048   Code   RO         7745    i.rt_chk_robin      RTX_CM4.lib(rt_robin.o)
    0x0800c958   0x00000070   Code   RO         7579    i.rt_dec_dly        RTX_CM4.lib(rt_list.o)
    0x0800c9c8   0x00000044   Code   RO         7296    i.rt_dispatch       RTX_CM4.lib(rt_task.o)
    0x0800ca0c   0x00000006   Code   RO         7379    i.rt_dly_wait       RTX_CM4.lib(rt_time.o)
    0x0800ca12   0x00000002   PAD
    0x0800ca14   0x00000050   Code   RO         7540    i.rt_evt_psh        RTX_CM4.lib(rt_event.o)
    0x0800ca64   0x0000002c   Code   RO         7769    i.rt_free_box       RTX_CM4.lib(rt_membox.o)
    0x0800ca90   0x00000028   Code   RO         7797    i.rt_free_mem       RTX_CM4.lib(rt_memory.o)
    0x0800cab8   0x00000028   Code   RO         7580    i.rt_get_first      RTX_CM4.lib(rt_list.o)
    0x0800cae0   0x00000024   Code   RO         7581    i.rt_get_same_rdy_prio  RTX_CM4.lib(rt_list.o)
    0x0800cb04   0x00000008   Code   RO         6720    i.rt_id2obj         RTX_CM4.lib(rt_cmsis.o)
    0x0800cb0c   0x00000048   Code   RO         7297    i.rt_init_context   RTX_CM4.lib(rt_task.o)
    0x0800cb54   0x0000001a   Code   RO         7798    i.rt_init_mem       RTX_CM4.lib(rt_memory.o)
    0x0800cb6e   0x00000002   PAD
    0x0800cb70   0x00000018   Code   RO         7746    i.rt_init_robin     RTX_CM4.lib(rt_robin.o)
    0x0800cb88   0x00000080   Code   RO         7823    i.rt_init_stack     RTX_CM4.lib(hal_cm.o)
    0x0800cc08   0x00000008   Code   RO         7657    i.rt_mbx_check      RTX_CM4.lib(rt_mailbox.o)
    0x0800cc10   0x0000001a   Code   RO         7658    i.rt_mbx_init       RTX_CM4.lib(rt_mailbox.o)
    0x0800cc2a   0x00000002   PAD
    0x0800cc2c   0x000000f0   Code   RO         7659    i.rt_mbx_psh        RTX_CM4.lib(rt_mailbox.o)
    0x0800cd1c   0x000000b4   Code   RO         7661    i.rt_mbx_wait       RTX_CM4.lib(rt_mailbox.o)
    0x0800cdd0   0x00000044   Code   RO         6721    i.rt_ms2tick        RTX_CM4.lib(rt_cmsis.o)
    0x0800ce14   0x000000b0   Code   RO         7412    i.rt_mut_delete     RTX_CM4.lib(rt_mutex.o)
    0x0800cec4   0x00000010   Code   RO         7413    i.rt_mut_init       RTX_CM4.lib(rt_mutex.o)
    0x0800ced4   0x000000d8   Code   RO         7414    i.rt_mut_release    RTX_CM4.lib(rt_mutex.o)
    0x0800cfac   0x00000068   Code   RO         7415    i.rt_mut_wait       RTX_CM4.lib(rt_mutex.o)
    0x0800d014   0x0000007c   Code   RO         7451    i.rt_pop_req        RTX_CM4.lib(rt_system.o)
    0x0800d090   0x00000020   Code   RO         7452    i.rt_psh_req        RTX_CM4.lib(rt_system.o)
    0x0800d0b0   0x0000005c   Code   RO         7582    i.rt_psq_enq        RTX_CM4.lib(rt_list.o)
    0x0800d10c   0x00000048   Code   RO         7583    i.rt_put_dly        RTX_CM4.lib(rt_list.o)
    0x0800d154   0x00000036   Code   RO         7584    i.rt_put_prio       RTX_CM4.lib(rt_list.o)
    0x0800d18a   0x00000002   PAD
    0x0800d18c   0x00000014   Code   RO         7585    i.rt_put_rdy_first  RTX_CM4.lib(rt_list.o)
    0x0800d1a0   0x00000034   Code   RO         7586    i.rt_resort_prio    RTX_CM4.lib(rt_list.o)
    0x0800d1d4   0x00000010   Code   RO         7824    i.rt_ret_regs       RTX_CM4.lib(hal_cm.o)
    0x0800d1e4   0x0000000c   Code   RO         7825    i.rt_ret_val        RTX_CM4.lib(hal_cm.o)
    0x0800d1f0   0x00000010   Code   RO         7826    i.rt_ret_val2       RTX_CM4.lib(hal_cm.o)
    0x0800d200   0x00000028   Code   RO         7587    i.rt_rmv_dly        RTX_CM4.lib(rt_list.o)
    0x0800d228   0x00000030   Code   RO         7588    i.rt_rmv_list       RTX_CM4.lib(rt_list.o)
    0x0800d258   0x0000000c   Code   RO         7705    i.rt_sem_init       RTX_CM4.lib(rt_semaphore.o)
    0x0800d264   0x00000034   Code   RO         7706    i.rt_sem_psh        RTX_CM4.lib(rt_semaphore.o)
    0x0800d298   0x0000002a   Code   RO         7707    i.rt_sem_send       RTX_CM4.lib(rt_semaphore.o)
    0x0800d2c2   0x00000002   PAD
    0x0800d2c4   0x00000040   Code   RO         7708    i.rt_sem_wait       RTX_CM4.lib(rt_semaphore.o)
    0x0800d304   0x00000024   Code   RO         7454    i.rt_stk_check      RTX_CM4.lib(rt_system.o)
    0x0800d328   0x00000028   Code   RO         7298    i.rt_switch_req     RTX_CM4.lib(rt_task.o)
    0x0800d350   0x000000cc   Code   RO         7299    i.rt_sys_init       RTX_CM4.lib(rt_task.o)
    0x0800d41c   0x00000078   Code   RO         7300    i.rt_sys_start      RTX_CM4.lib(rt_task.o)
    0x0800d494   0x00000040   Code   RO         7456    i.rt_systick        RTX_CM4.lib(rt_system.o)
    0x0800d4d4   0x00000012   Code   RO         6722    i.rt_tid2ptcb       RTX_CM4.lib(rt_cmsis.o)
    0x0800d4e6   0x00000002   PAD
    0x0800d4e8   0x00000034   Code   RO         6723    i.rt_timer_insert   RTX_CM4.lib(rt_cmsis.o)
    0x0800d51c   0x00000088   Code   RO         7301    i.rt_tsk_create     RTX_CM4.lib(rt_task.o)
    0x0800d5a4   0x0000017c   Code   RO         7302    i.rt_tsk_delete     RTX_CM4.lib(rt_task.o)
    0x0800d720   0x00000030   Code   RO         7303    i.rt_tsk_pass       RTX_CM4.lib(rt_task.o)
    0x0800d750   0x0000007c   Code   RO         7304    i.rt_tsk_prio       RTX_CM4.lib(rt_task.o)
    0x0800d7cc   0x00000010   Code   RO         7305    i.rt_tsk_self       RTX_CM4.lib(rt_task.o)
    0x0800d7dc   0x00000040   Code   RO          803    i.sendListEvent     gfx_mk.o
    0x0800d81c   0x0000002e   Code   RO          804    i.skip_pixels       gfx_mk.o
    0x0800d84a   0x0000005c   Code   RO          806    i.strip_spaces      gfx_mk.o
    0x0800d8a6   0x00000012   Code   RO         6725    i.svcDelay          RTX_CM4.lib(rt_cmsis.o)
    0x0800d8b8   0x00000070   Code   RO         6726    i.svcKernelInitialize  RTX_CM4.lib(rt_cmsis.o)
    0x0800d928   0x00000048   Code   RO         6728    i.svcKernelStart    RTX_CM4.lib(rt_cmsis.o)
    0x0800d970   0x00000038   Code   RO         6729    i.svcKernelSysTick  RTX_CM4.lib(rt_cmsis.o)
    0x0800d9a8   0x00000024   Code   RO         6731    i.svcMessageCreate  RTX_CM4.lib(rt_cmsis.o)
    0x0800d9cc   0x0000003a   Code   RO         6732    i.svcMessageGet     RTX_CM4.lib(rt_cmsis.o)
    0x0800da06   0x0000001c   Code   RO         6734    i.svcMutexCreate    RTX_CM4.lib(rt_cmsis.o)
    0x0800da22   0x0000001a   Code   RO         6735    i.svcMutexDelete    RTX_CM4.lib(rt_cmsis.o)
    0x0800da3c   0x00000022   Code   RO         6736    i.svcMutexRelease   RTX_CM4.lib(rt_cmsis.o)
    0x0800da5e   0x00000036   Code   RO         6737    i.svcMutexWait      RTX_CM4.lib(rt_cmsis.o)
    0x0800da94   0x00000024   Code   RO         6739    i.svcSemaphoreCreate  RTX_CM4.lib(rt_cmsis.o)
    0x0800dab8   0x00000028   Code   RO         6741    i.svcSemaphoreRelease  RTX_CM4.lib(rt_cmsis.o)
    0x0800dae0   0x00000032   Code   RO         6742    i.svcSemaphoreWait  RTX_CM4.lib(rt_cmsis.o)
    0x0800db12   0x00000002   PAD
    0x0800db14   0x00000070   Code   RO         6746    i.svcThreadCreate   RTX_CM4.lib(rt_cmsis.o)
    0x0800db84   0x0000001c   Code   RO         6747    i.svcThreadGetId    RTX_CM4.lib(rt_cmsis.o)
    0x0800dba0   0x00000038   Code   RO         6750    i.svcThreadTerminate  RTX_CM4.lib(rt_cmsis.o)
    0x0800dbd8   0x0000000a   Code   RO         6751    i.svcThreadYield    RTX_CM4.lib(rt_cmsis.o)
    0x0800dbe2   0x00000018   Code   RO         6752    i.svcTimerCall      RTX_CM4.lib(rt_cmsis.o)
    0x0800dbfa   0x00000002   PAD
    0x0800dbfc   0x0000005c   Code   RO         6761    i.sysTimerTick      RTX_CM4.lib(rt_cmsis.o)
    0x0800dc58   0x000000a6   Code   RO          808    i.vline_clip        gfx_mk.o
    0x0800dcfe   0x0000005c   Code   RO          809    i.write_bin_codeword  gfx_mk.o
    0x0800dd5a   0x00000038   Code   RO          810    i.write_glyph_codeword  gfx_mk.o
    0x0800dd92   0x00000068   Code   RO          811    i.write_pixels      gfx_mk.o
    0x0800ddfa   0x00000050   Code   RO          812    i.write_ref_codeword  gfx_mk.o
    0x0800de4a   0x00000040   Code   RO          813    i.write_ref_dictentry  gfx_mk.o
    0x0800de8a   0x000000a4   Code   RO          814    i.write_rle_dictentry  gfx_mk.o
    0x0800df2e   0x0000000a   Code   RO         8038    x$fpl$fpinit        fz_wm.l(fpinit.o)
    0x0800df38   0x00000070   Data   RO          360    .constdata          gui.o
    0x0800dfa8   0x000216e4   Data   RO          816    .constdata          gfx_mk.o
    0x0802f68c   0x00000060   Data   RO         3165    .constdata          gdisp_lld_stm32ltdc.o
    0x0802f6ec   0x0000003c   Data   RO         3266    .constdata          gmouse_lld_ft6x06.o
    0x0802f728   0x00000191   Data   RO         3396    .constdata          otm8009a.o
    0x0802f8b9   0x00003cdc   Data   RO         3716    .constdata          stm32469i_discovery_lcd.o
    0x08033595   0x00000003   PAD
    0x08033598   0x00000068   Data   RO         4182    .constdata          rtx_conf_cm.o
    0x08033600   0x00000008   Data   RO         4537    .constdata          stm32f4xx_hal_dma.o
    0x08033608   0x00000010   Data   RO         6175    .constdata          stm32f4xx_hal_rcc.o
    0x08033618   0x00000125   Data   RO          817    .conststring        gfx_mk.o
    0x0803373d   0x00000003   PAD
    0x08033740   0x00000061   Data   RO         4117    .conststring        stm32469i_discovery_ts.o
    0x080337a1   0x00000003   PAD
    0x080337a4   0x00000020   Data   RO         8072    Region$$Table       anon$$obj.o


    Execution Region RW_IRAM1 (Base: 0x20000000, Size: 0x0003e9f0, Max: 0x00050000, ABSOLUTE, COMPRESSED[0x000000dc])

    Base Addr    Size         Type   Attr      Idx    E Section Name        Object

    0x20000000   0x0000003c   Data   RW          361    .data               gui.o
    0x2000003c   0x000000e8   Data   RW          818    .data               gfx_mk.o
    0x20000124   0x0000002d   Data   RW         3321    .data               ft6x06.o
    0x20000151   0x00000003   PAD
    0x20000154   0x00000034   Data   RW         3717    .data               stm32469i_discovery_lcd.o
    0x20000188   0x00000002   Data   RW         4038    .data               stm32469i_discovery_sdram.o
    0x2000018a   0x00000002   PAD
    0x2000018c   0x00000044   Data   RW         4118    .data               stm32469i_discovery_ts.o
    0x200001d0   0x00000014   Data   RW         4183    .data               rtx_conf_cm.o
    0x200001e4   0x00000004   Data   RW         6636    .data               system_stm32f4xx.o
    0x200001e8   0x00000008   Data   RW         6764    .data               RTX_CM4.lib(rt_cmsis.o)
    0x200001f0   0x00000008   Data   RW         7307    .data               RTX_CM4.lib(rt_task.o)
    0x200001f8   0x00000004   Data   RW         7383    .data               RTX_CM4.lib(rt_time.o)
    0x200001fc   0x00000008   Data   RW         7459    .data               RTX_CM4.lib(rt_system.o)
    0x20000204   0x00000008   Data   RW         7747    .data               RTX_CM4.lib(rt_robin.o)
    0x2000020c   0x00000001   Data   RW         7827    .data               RTX_CM4.lib(hal_cm.o)
    0x2000020d   0x00000003   PAD
    0x20000210   0x0000006c   Zero   RW          359    .bss                gui.o
    0x2000027c   0x000052b0   Zero   RW          815    .bss                gfx_mk.o
    0x2000552c   0x000000a8   Zero   RW         3459    .bss                stm32469i_discovery.o
    0x200055d4   0x000001c4   Zero   RW         3715    .bss                stm32469i_discovery_lcd.o
    0x20005798   0x00000120   Zero   RW         4037    .bss                stm32469i_discovery_sdram.o
    0x200058b8   0x00038a70   Zero   RW         4181    .bss                rtx_conf_cm.o
    0x2003e328   0x00000034   Zero   RW         7306    .bss                RTX_CM4.lib(rt_task.o)
    0x2003e35c   0x00000030   Zero   RW         7589    .bss                RTX_CM4.lib(rt_list.o)
    0x2003e38c   0x00000060   Zero   RW         7889    .bss                c_w.l(libspace.o)
    0x2003e3ec   0x00000004   PAD
    0x2003e3f0   0x00000200   Zero   RW         6624    HEAP                startup_stm32f469xx.o
    0x2003e5f0   0x00000400   Zero   RW         6623    STACK               startup_stm32f469xx.o


==============================================================================

Image component sizes


      Code (inc. data)   RO Data    RW Data    ZI Data      Debug   Object Name

       348         22          0         45          0      12576   ft6x06.o
       642          0         96          0          0      14707   gdisp_lld_stm32ltdc.o
     30496        678     137225        232      21168     219032   gfx_mk.o
       104          0         60          0          0       6639   gmouse_lld_ft6x06.o
       784        182        112         60        108       9330   gui.o
       264         20          0          0          0     417163   main.o
      1152        306        401          0          0       5918   otm8009a.o
       124         26        104         20     232048       9579   rtx_conf_cm.o
        64         26        436          0       1536        900   startup_stm32f469xx.o
       534         38          0          0        168       9285   stm32469i_discovery.o
      1852        180      15580         52        452      20754   stm32469i_discovery_lcd.o
       836         68          0          2        288       4898   stm32469i_discovery_sdram.o
       444         38         97         68          0       4879   stm32469i_discovery_ts.o
       128         10          0          0          0       3660   stm32f4xx_hal.o
       304         22          0          0          0      32299   stm32f4xx_hal_cortex.o
       568         10          8          0          0       3760   stm32f4xx_hal_dma.o
      1056         12          0          0          0       6611   stm32f4xx_hal_dma2d.o
      1620         10          0          0          0       8729   stm32f4xx_hal_dsi.o
       552         54          0          0          0       2576   stm32f4xx_hal_gpio.o
      2538         42          0          0          0      14508   stm32f4xx_hal_i2c.o
       922          6          0          0          0       3646   stm32f4xx_hal_ltdc.o
        96          0          0          0          0       1261   stm32f4xx_hal_ltdc_ex.o
       164         12          0          0          0       1400   stm32f4xx_hal_pwr_ex.o
       700         44         16          0          0       4028   stm32f4xx_hal_rcc.o
      2496         60          0          0          0       4015   stm32f4xx_hal_rcc_ex.o
       164          0          0          0          0       3520   stm32f4xx_hal_sdram.o
       368          4          0          0          0       3744   stm32f4xx_ll_fmc.o
       100         18          0          4          0       1405   system_stm32f4xx.o

    ----------------------------------------------------------------------
     49474       1888     154176        488     255768     830822   Object Totals
         0          0         32          0          0          0   (incl. Generated)
        54          0          9          5          0          0   (incl. Padding)

    ----------------------------------------------------------------------

      Code (inc. data)   RO Data    RW Data    ZI Data      Debug   Library Member Name

       268         24          0          1          0       4452   hal_cm.o
       408         34          0          0          0        816   hal_cm4.o
      1798        216          0          8          0      47520   rt_cmsis.o
        80          4          0          0          0        701   rt_event.o
       566         44          0          0         48       9176   rt_list.o
       554         10          0          0          0       4189   rt_mailbox.o
       140          0          0          0          0       2045   rt_membox.o
       128          0          0          0          0       2419   rt_memory.o
       512         20          0          0          0       2997   rt_mutex.o
        96         22          0          8          0       1230   rt_robin.o
       186         10          0          0          0       3102   rt_semaphore.o
       334         64          0          8          0       7387   rt_system.o
      1264        184          0          8         52      10563   rt_task.o
         6          0          0          4          0        684   rt_time.o
         4          4          0          0          0        200   svc_table.o
        90          0          0          0          0          0   __dczerorl2.o
         8          0          0          0          0         68   __main.o
         0          0          0          0          0          0   __rtentry.o
        20          0          0          0          0          0   __rtentry2.o
         6          0          0          0          0          0   __rtentry4.o
        52          8          0          0          0          0   __scatter.o
        28          0          0          0          0          0   __scatter_zi.o
        18          0          0          0          0         80   exit.o
         6          0          0          0          0        152   heapauxi.o
         0          0          0          0          0          0   indicate_semi.o
         2          0          0          0          0          0   libinit.o
         6          0          0          0          0          0   libinit2.o
         2          0          0          0          0          0   libshutdown.o
         2          0          0          0          0          0   libshutdown2.o
         8          4          0          0         96         68   libspace.o
        78          0          0          0          0         80   rt_memclr_w.o
       138          0          0          0          0         68   rt_memcpy_v6.o
       100          0          0          0          0         80   rt_memcpy_w.o
         2          0          0          0          0          0   rtexit.o
        10          0          0          0          0          0   rtexit2.o
       128          0          0          0          0         68   strcmpv7m.o
        62          0          0          0          0         76   strlen.o
        12          4          0          0          0         68   sys_exit.o
        74          0          0          0          0         80   sys_stackheap_outer.o
         2          0          0          0          0         68   use_no_semi.o
        10          0          0          0          0        116   fpinit.o

    ----------------------------------------------------------------------
      7234        652          0         40        200      98553   Library Totals
        26          0          0          3          4          0   (incl. Padding)

    ----------------------------------------------------------------------

      Code (inc. data)   RO Data    RW Data    ZI Data      Debug   Library Name

      6344        636          0         37        100      97481   RTX_CM4.lib
       854         16          0          0         96        956   c_w.l
        10          0          0          0          0        116   fz_wm.l

    ----------------------------------------------------------------------
      7234        652          0         40        200      98553   Library Totals

    ----------------------------------------------------------------------

==============================================================================


      Code (inc. data)   RO Data    RW Data    ZI Data      Debug   

     56708       2540     154176        528     255968     883659   Grand Totals
     56708       2540     154176        220     255968     883659   ELF Image Totals (compressed)
     56708       2540     154176        220          0          0   ROM Totals

==============================================================================

    Total RO  Size (Code + RO Data)               210884 ( 205.94kB)
    Total RW  Size (RW Data + ZI Data)            256496 ( 250.48kB)
    Total ROM Size (Code + RO Data + RW Data)     211104 ( 206.16kB)

==============================================================================

